02-13 04:12:26.993 W/PackageManager( 2649): Code path for pkg : org.doubango.imsdroid changing from /data/app/org.doubango.imsdroid-2.apk to /data/app/org.doubango.imsdroid-1.apk
02-13 04:12:26.993 I/ActivityManager( 2649): Force stopping package org.doubango.imsdroid appid=10044 user=-1
02-13 04:12:26.993 W/PackageManager( 2649): Resource path for pkg : org.doubango.imsdroid changing from /data/app/org.doubango.imsdroid-2.apk to /data/app/org.doubango.imsdroid-1.apk
02-13 04:12:27.083 W/PackageManager( 2649): Unknown permission android.permission.RAISED_THREAD_PRIORITY in package org.doubango.imsdroid
02-13 04:12:27.143 I/ActivityManager( 2649): Force stopping package org.doubango.imsdroid appid=10044 user=0
02-13 04:12:27.163 I/InputReader( 2649): Reconfiguring input devices.  changes=0x00000010
02-13 04:12:27.173 I/ActivityManager( 2649): Start proc com.android.gallery3d for broadcast com.android.gallery3d/.app.PackagesMonitor: pid=3441 uid=10017 gids={50017, 1006, 3003, 1015, 1023, 1028}
02-13 04:12:27.183 D/dalvikvm( 2863): GC_EXPLICIT freed 104K, 13% free 6031K/6888K, paused 3ms+2ms, total 36ms
02-13 04:12:27.193 D/dalvikvm( 2734): GC_EXPLICIT freed 6212K, 55% free 5256K/11524K, paused 2ms+7ms, total 50ms
02-13 04:12:27.203 W/MediaPlayer-JNI( 2734): MediaPlayer finalized without being released
02-13 04:12:27.213 D/dalvikvm( 2649): GC_EXPLICIT freed 665K, 14% free 5976K/6888K, paused 3ms+11ms, total 61ms
02-13 04:12:27.233 I/InputReader( 2649): Reconfiguring input devices.  changes=0x00000010
02-13 04:12:27.243 D/BackupManagerService( 2649): Received broadcast Intent { act=android.intent.action.PACKAGE_REMOVED dat=package:org.doubango.imsdroid flg=0x8000010 (has extras) }
02-13 04:12:27.253 W/ResourceType( 2649): Failure getting entry for 0x7f060000 (t=5 e=0) in package 0 (error -75)
02-13 04:12:27.253 D/BackupManagerService( 2649): Received broadcast Intent { act=android.intent.action.PACKAGE_ADDED dat=package:org.doubango.imsdroid flg=0x8000010 (has extras) }
02-13 04:12:27.253 V/BackupManagerService( 2649): removePackageParticipantsLocked: uid=10044 #1
02-13 04:12:27.253 V/BackupManagerService( 2649): addPackageParticipantsLocked: #1
02-13 04:12:27.293 W/RecognitionManagerService( 2649): no available voice recognition services found for user 0
02-13 04:12:27.313 D/dalvikvm( 2649): GC_EXPLICIT freed 632K, 19% free 5586K/6888K, paused 4ms+7ms, total 94ms
02-13 04:12:27.323 D/AndroidRuntime( 3415): Shutting down VM
02-13 04:12:27.323 D/jdwp    ( 3415): Got wake-up signal, bailing out of select
02-13 04:12:27.323 D/dalvikvm( 3415): Debugger has detached; object registry had 1 entries
02-13 04:12:27.403 I/ActivityManager( 2649): Start proc com.android.keychain for broadcast com.android.keychain/.KeyChainBroadcastReceiver: pid=3458 uid=1000 gids={41000, 1028, 1015, 3003, 3002, 3001}
02-13 04:12:27.433 E/jdwp    ( 3458): Failed writing handshake bytes: Broken pipe (-1 of 14)
02-13 04:12:27.433 D/dalvikvm( 3458): Debugger has detached; object registry had 0 entries
02-13 04:12:27.453 W/ContextImpl( 3458): Calling a method in the system process without a qualified user: android.app.ContextImpl.startService:1385 android.content.ContextWrapper.startService:473 android.content.ContextWrapper.startService:473 com.android.keychain.KeyChainBroadcastReceiver.onReceive:12 android.app.ActivityThread.handleReceiver:2424 
02-13 04:12:27.663 I/ActivityManager( 2649): Start proc com.svox.pico for broadcast com.svox.pico/.VoiceDataInstallerReceiver: pid=3480 uid=10029 gids={50029, 1015, 1028}
02-13 04:12:27.743 I/ActivityManager( 2649): Start proc com.android.quicksearchbox for broadcast com.android.quicksearchbox/.CorporaUpdateReceiver: pid=3494 uid=10032 gids={50032, 3003, 1028}
02-13 04:12:27.913 D/AndroidRuntime( 3475): 
02-13 04:12:27.913 D/AndroidRuntime( 3475): >>>>>> AndroidRuntime START com.android.internal.os.RuntimeInit <<<<<<
02-13 04:12:27.913 D/AndroidRuntime( 3475): CheckJNI is ON
02-13 04:12:27.913 I/AndroidRuntime( 3475): JNI options: '-Xjniopts:warnonly'
02-13 04:12:27.923 D/dalvikvm( 3475): Trying to load lib libjavacore.so 0x0
02-13 04:12:27.923 D/dalvikvm( 3475): Added shared lib libjavacore.so 0x0
02-13 04:12:27.933 D/dalvikvm( 3475): Trying to load lib libnativehelper.so 0x0
02-13 04:12:27.933 D/dalvikvm( 3475): Added shared lib libnativehelper.so 0x0
02-13 04:12:28.083 D/AndroidRuntime( 3475): Calling main entry com.android.commands.am.Am
02-13 04:12:28.093 D/dalvikvm( 3475): Note: class Landroid/app/ActivityManagerNative; has 163 unimplemented (abstract) methods
02-13 04:12:28.093 I/ActivityManager( 2649): START u0 {act=android.intent.action.MAIN cat=[android.intent.category.LAUNCHER] flg=0x10000000 cmp=org.doubango.imsdroid/.Main} from pid 3475
02-13 04:12:28.113 E/BufferQueue( 2649): [ScreenshotClient] dequeueBuffer: can't dequeue multiple buffers without setting the buffer count
02-13 04:12:28.153 D/dalvikvm( 2649): GC_FOR_ALLOC freed 176K, 17% free 5773K/6888K, paused 33ms, total 33ms
02-13 04:12:28.153 I/dalvikvm-heap( 2649): Grow heap (frag case) to 5.787MB for 95136-byte allocation
02-13 04:12:28.183 D/dalvikvm( 2649): GC_FOR_ALLOC freed 7K, 17% free 5859K/6984K, paused 31ms, total 31ms
02-13 04:12:28.213 D/dalvikvm( 2649): GC_FOR_ALLOC freed 192K, 19% free 5667K/6984K, paused 31ms, total 31ms
02-13 04:12:28.223 D/AndroidRuntime( 3475): Shutting down VM
02-13 04:12:28.223 D/dalvikvm( 3475): GC_CONCURRENT freed 92K, 16% free 511K/608K, paused 1ms+0ms, total 5ms
02-13 04:12:28.233 D/dalvikvm( 3517): Not late-enabling CheckJNI (already on)
02-13 04:12:28.233 I/ActivityManager( 2649): Start proc org.doubango.imsdroid for activity org.doubango.imsdroid/.Main: pid=3517 uid=10044 gids={50044, 3002, 3001, 3003, 1015, 1006, 1028}
02-13 04:12:28.253 I/dalvikvm( 3517): Turning on JNI app bug workarounds for target SDK version 11...
02-13 04:12:28.283 D/        ( 2649): AccelSensor enable 1 ,usercount 1, handle 0 ,mEnabled 1
02-13 04:12:28.303 D/org.doubango.imsdroid.IMSDroid( 3517): IMSDroid()
02-13 04:12:28.303 D/org.doubango.ngn.NgnApplication( 3517): Build.MODEL=sabresd-mx6dq
02-13 04:12:28.303 D/org.doubango.ngn.NgnApplication( 3517): Build.VERSION.SDK=18
02-13 04:12:28.313 D/dalvikvm( 3517): Trying to load lib /data/data/org.doubango.imsdroid/lib/libutils_armv5te.so 0x419acfd0
02-13 04:12:28.313 D/dalvikvm( 3517): Added shared lib /data/data/org.doubango.imsdroid/lib/libutils_armv5te.so 0x419acfd0
02-13 04:12:28.313 D/dalvikvm( 3517): No JNI_OnLoad found in /data/data/org.doubango.imsdroid/lib/libutils_armv5te.so 0x419acfd0, skipping init
02-13 04:12:28.313 D/org.doubango.ngn.NgnEngine( 3517): CPU_Feature=15
02-13 04:12:28.313 D/org.doubango.ngn.NgnEngine( 3517): isCpuNeon()=YES
02-13 04:12:28.313 D/dalvikvm( 3517): Trying to load lib /data/data/org.doubango.imsdroid/lib/libtinyWRAP_neon.so 0x419acfd0
02-13 04:12:28.323 D/dalvikvm( 3517): Added shared lib /data/data/org.doubango.imsdroid/lib/libtinyWRAP_neon.so 0x419acfd0
02-13 04:12:28.323 D/dalvikvm( 3517): No JNI_OnLoad found in /data/data/org.doubango.imsdroid/lib/libtinyWRAP_neon.so 0x419acfd0, skipping init
02-13 04:12:28.333 D/org.doubango.ngn.NgnApplication( 3517): sGlEsVersion=131072
02-13 04:12:28.353 D/org.doubango.ngn.NgnEngine( 3517): Configure AEC[true/200] AEC_TAIL_ADAPT[true] NoiseSuppression[true], Voice activity detection[false]
02-13 04:12:28.363 I/ActivityManager( 2649): START u0 {cmp=org.doubango.imsdroid/.Screens.ScreenSplash} from pid 3517
02-13 04:12:28.373 D/        ( 2649): AccelSensor enable 0 ,usercount 0, handle 0 ,mEnabled 0
02-13 04:12:28.423 D/dalvikvm( 3517): GC_CONCURRENT freed 160K, 8% free 2774K/2992K, paused 2ms+2ms, total 19ms
02-13 04:12:28.423 D/org.doubango.imsdroid.Screens.ScreenSplash( 3517): Starts the engine from the splash screen
02-13 04:12:28.423 D/org.doubango.ngn.services.impl.NgnConfigurationService( 3517): starting...
02-13 04:12:28.423 D/org.doubango.ngn.services.impl.NgnStorageService( 3517): starting...
02-13 04:12:28.433 D/org.doubango.ngn.services.impl.NgnNetworkService( 3517): Starting...
02-13 04:12:28.433 D/org.doubango.ngn.services.impl.NgnHttpClientService( 3517): Starting...
02-13 04:12:28.433 D/org.doubango.ngn.services.impl.NgnHistoryService( 3517): Starting...
02-13 04:12:28.443 D/org.doubango.ngn.services.impl.NgnContactService( 3517): starting...
02-13 04:12:28.443 D/org.doubango.ngn.services.impl.NgnContactService( 3517): Observer Looper enter()
02-13 04:12:28.443 D/org.doubango.ngn.services.impl.NgnSipService( 3517): starting...
02-13 04:12:28.443 D/org.doubango.ngn.services.impl.NgnSoundService( 3517): starting...
02-13 04:12:28.443 D/org.doubango.ngn.services.impl.NgnHistoryService( 3517): Loading history
02-13 04:12:28.443 I/dalvikvm( 3517): Could not find method javax.xml.stream.XMLInputFactory.newInstance, referenced from method org.simpleframework.xml.stream.StreamProvider.<init>
02-13 04:12:28.443 W/dalvikvm( 3517): VFY: unable to resolve static method 1738: Ljavax/xml/stream/XMLInputFactory;.newInstance ()Ljavax/xml/stream/XMLInputFactory;
02-13 04:12:28.443 D/dalvikvm( 3517): VFY: replacing opcode 0x71 at 0x0003
02-13 04:12:28.443 W/dalvikvm( 3517): VFY: unable to find class referenced in signature (Ljavax/xml/stream/XMLEventReader;)
02-13 04:12:28.443 W/dalvikvm( 3517): VFY: unable to find class referenced in signature (Ljavax/xml/stream/XMLEventReader;)
02-13 04:12:28.443 I/dalvikvm( 3517): Could not find method javax.xml.stream.XMLInputFactory.createXMLEventReader, referenced from method org.simpleframework.xml.stream.StreamProvider.provide
02-13 04:12:28.443 W/dalvikvm( 3517): VFY: unable to resolve virtual method 1736: Ljavax/xml/stream/XMLInputFactory;.createXMLEventReader (Ljava/io/InputStream;)Ljavax/xml/stream/XMLEventReader;
02-13 04:12:28.443 D/dalvikvm( 3517): VFY: replacing opcode 0x6e at 0x0002
02-13 04:12:28.443 I/dalvikvm( 3517): Could not find method javax.xml.stream.XMLInputFactory.createXMLEventReader, referenced from method org.simpleframework.xml.stream.StreamProvider.provide
02-13 04:12:28.443 W/dalvikvm( 3517): VFY: unable to resolve virtual method 1737: Ljavax/xml/stream/XMLInputFactory;.createXMLEventReader (Ljava/io/Reader;)Ljavax/xml/stream/XMLEventReader;
02-13 04:12:28.443 D/dalvikvm( 3517): VFY: replacing opcode 0x6e at 0x0002
02-13 04:12:28.473 D/org.doubango.ngn.services.impl.NgnHistoryService( 3517): History loaded
02-13 04:12:28.473 D/libEGL  ( 3517): loaded /system/lib/egl/libEGL_VIVANTE.so
02-13 04:12:31.973 D/libEGL  ( 3517): loaded /system/lib/egl/libGLESv1_CM_VIVANTE.so
02-13 04:12:32.033 D/libEGL  ( 3517): loaded /system/lib/egl/libGLESv2_VIVANTE.so
02-13 04:12:32.103 E/BufferQueue( 2360): [org.doubango.imsdroid/org.doubango.imsdroid.Screens.ScreenSplash] dequeueBuffer: can't dequeue multiple buffers without setting the buffer count
02-13 04:12:32.103 D/OpenGLRenderer( 3517): Enabling debug mode 0
02-13 04:12:32.113 D/org.doubango.ngn.NgnNativeService( 3517): onCreate()
02-13 04:12:32.113 D/org.doubango.imsdroid.NativeService( 3517): onCreate()
02-13 04:12:32.113 D/org.doubango.ngn.NgnNativeService( 3517): onStart()
02-13 04:12:32.113 D/org.doubango.imsdroid.NativeService( 3517): onStart()
02-13 04:12:32.113 I/ActivityManager( 2649): No longer want com.android.music (pid 2927): empty #17
02-13 04:12:32.163 D/org.doubango.imsdroid.Screens.ScreenSplash( 3517): onReceive()
02-13 04:12:32.173 D/dalvikvm( 3517): Trying to load lib /data/app-lib/org.doubango.imsdroid-1/libhello-uart.so 0x419acfd0
02-13 04:12:32.173 D/dalvikvm( 3517): Added shared lib /data/app-lib/org.doubango.imsdroid-1/libhello-uart.so 0x419acfd0
02-13 04:12:32.173 I/hello   ( 3517): Entering JNI_OnLoad 
02-13 04:12:32.173 I/hello   ( 3517): Leaving JNI_OnLoad (result=0x10004)
02-13 04:12:32.173 I/JNI     ( 3517): Trying to load libhello-uart.so
02-13 04:12:32.183 I/ActivityManager( 2649): Displayed org.doubango.imsdroid/.Screens.ScreenSplash: +3s812ms (total +3s961ms)
02-13 04:12:32.183 I/hello   ( 3517): open uart port device node = /dev/ttymxc3 , ismxc2=0 ismxc3=1
02-13 04:12:32.183 I/hello   ( 3517): Native_SetUart 0
02-13 04:12:32.183 I/UartCmd ( 3517): Driving Board portname = ttymxc3 fd = 49
02-13 04:12:32.183 I/hello   ( 3517): open uart port device node = /dev/ttymxc2 , ismxc2=1 ismxc3=0
02-13 04:12:32.183 I/hello   ( 3517): Native_SetUart 1
02-13 04:12:32.183 I/UartCmd ( 3517): DW1000 portname = ttymxc2 fd = 53
02-13 04:12:32.203 D/dalvikvm( 3517): GC_FOR_ALLOC freed 209K, 9% free 2956K/3224K, paused 13ms, total 13ms
02-13 04:12:32.203 I/dalvikvm-heap( 3517): Grow heap (frag case) to 3.526MB for 614416-byte allocation
02-13 04:12:32.223 D/dalvikvm( 3517): GC_FOR_ALLOC freed 2K, 8% free 3554K/3828K, paused 18ms, total 18ms
02-13 04:12:32.233 I/shinhua ( 3517): Width: 800Height: 432
02-13 04:12:32.233 I/shinhua ( 3517): desity: 1.0dpi: 160.0
02-13 04:12:32.233 I/org.doubango.imsdroid.Screens.ScreenXYZsignin( 3517): william oncreate screen login here
02-13 04:12:32.243 I/shinhua ( 3517): Width: 800Height: 432
02-13 04:12:32.243 I/shinhua ( 3517): desity: 1.0dpi: 160.0
02-13 04:12:32.243 I/org.doubango.imsdroid.Screens.ScreenXYZsignin( 3517): william oncreate screen login here
02-13 04:12:32.253 E/BufferQueue( 2649): [ScreenshotClient] dequeueBuffer: can't dequeue multiple buffers without setting the buffer count
02-13 04:12:32.293 D/dalvikvm( 2649): GC_FOR_ALLOC freed 343K, 20% free 5620K/6984K, paused 33ms, total 33ms
02-13 04:12:32.303 D/        ( 2649): AccelSensor enable 1 ,usercount 1, handle 0 ,mEnabled 1
02-13 04:12:32.303 D/org.doubango.imsdroid.Main( 3517): onActivityResult(0,0)
02-13 04:12:32.323 V/PhoneStatusBar( 2734): setLightsOn(true)
02-13 04:12:32.343 E/BufferQueue( 2360): [org.doubango.imsdroid/org.doubango.imsdroid.Main] dequeueBuffer: can't dequeue multiple buffers without setting the buffer count
02-13 04:12:32.373 I/ActivityManager( 2649): Displayed org.doubango.imsdroid/.Main: +4s153ms
02-13 04:14:23.683 E/GpsXtraDownloader( 2649): No XTRA servers were specified in the GPS configuration
02-13 04:19:23.783 E/GpsXtraDownloader( 2649): No XTRA servers were specified in the GPS configuration
02-13 04:19:30.693 D/dalvikvm( 2649): GC_FOR_ALLOC freed 822K, 21% free 5577K/6984K, paused 53ms, total 53ms
02-13 04:24:18.573 D/dalvikvm( 2734): GC_FOR_ALLOC freed 1559K, 60% free 4612K/11524K, paused 37ms, total 37ms
02-13 04:24:23.883 E/GpsXtraDownloader( 2649): No XTRA servers were specified in the GPS configuration
02-13 04:27:14.223 I/shinhua ( 3517): Login signin button was pressed.
02-13 04:27:14.233 I/shinhua ( 3517): shinhua oncreate screen login here
02-13 04:27:14.233 W/audio_hw_primary( 2363): card 0, port 0 device 0x2
02-13 04:27:14.233 W/audio_hw_primary( 2363): rate 44100, channel 2 period_size 0xc0
02-13 04:27:14.283 D/dalvikvm( 3517): GC_FOR_ALLOC freed 42K, 4% free 3712K/3852K, paused 12ms, total 13ms
02-13 04:27:14.283 I/dalvikvm-heap( 3517): Grow heap (frag case) to 4.263MB for 614416-byte allocation
02-13 04:27:14.303 D/dalvikvm( 3517): GC_FOR_ALLOC freed 178K, 8% free 4134K/4456K, paused 15ms, total 15ms
02-13 04:27:14.303 I/shinhua ( 3517): shinhua oncreate screen login here
02-13 04:27:16.513 I/shinhua ( 3517): shinhua editTextUsername = james1 editTextUsername = 0000
02-13 04:27:16.523 D/dalvikvm( 2649): GREF has increased to 701
02-13 04:27:16.533 I/org.doubango.imsdroid.Screens.ScreenXYZLogin( 3517): Username = james1 Password = 0000
02-13 04:27:16.553 I/william ( 3517): Name= james1 Pass = 0000
02-13 04:27:19.013 D/dalvikvm( 3517): GC_FOR_ALLOC freed 238K, 7% free 4431K/4732K, paused 16ms, total 16ms
02-13 04:27:19.023 I/william ( 3517): [SettingsDialog] Connected to 61.222.245.149
02-13 04:27:19.063 I/william ( 3517): Logged in as james1@james-pc/Smack
02-13 04:27:19.063 I/org.doubango.imsdroid.Screens.ScreenXYZLogin( 3517): james1 Loggin successful
02-13 04:27:19.063 D/org.doubango.ngn.services.impl.NgnSipService( 3517): register()
02-13 04:27:19.063 D/org.doubango.ngn.services.impl.NgnSipService( 3517): realm='sip:doubango.org', impu='sip:james1@61.222.245.149', impi='james1'
02-13 04:27:19.073 D/org.doubango.ngn.services.impl.NgnSipService( 3517): STUN2 - server=stun.l.google.com and port=19302
02-13 04:27:19.073 D/org.doubango.ngn.services.impl.NgnSipService( 3517): pcscf-host='61.222.245.149', pcscf-port='20060', transport='udp', ipversion='ipv4'
02-13 04:27:19.083 D/org.doubango.ngn.services.impl.NgnNetworkService( 3517): ::1%1
02-13 04:27:19.083 D/org.doubango.ngn.services.impl.NgnNetworkService( 3517): 127.0.0.1
02-13 04:27:19.083 I/org.doubango.ngn.services.impl.NgnNetworkService( 3517): interface=tunl0 is not up
02-13 04:27:19.083 I/org.doubango.ngn.services.impl.NgnNetworkService( 3517): interface=sit0 is not up
02-13 04:27:19.083 I/org.doubango.ngn.services.impl.NgnNetworkService( 3517): interface=ip6tnl0 is not up
02-13 04:27:19.083 D/org.doubango.ngn.services.impl.NgnNetworkService( 3517): fe80::280:92ff:fe4d:eade%wlan0
02-13 04:27:19.083 D/org.doubango.ngn.services.impl.NgnNetworkService( 3517): 192.168.0.120
02-13 04:27:19.103 D/dalvikvm( 3517): GC_FOR_ALLOC freed 492K, 14% free 4450K/5120K, paused 15ms, total 15ms
02-13 04:27:19.103 D/org.doubango.ngn.services.impl.NgnSipService( 3517): Local IP='192.168.0.120'
02-13 04:27:19.103 D/org.doubango.ngn.services.impl.NgnSipService( 3517): TLS - pvk='null' pbk='null' ca='null' verify=false
02-13 04:27:19.103 D/org.doubango.ngn.services.impl.NgnNetworkService( 3517): acquireNetworkLock()
02-13 04:27:19.103 D/org.doubango.ngn.services.impl.NgnNetworkService( 3517): netType=1 and netSubType=0
02-13 04:27:19.113 D/org.doubango.ngn.services.impl.NgnSipService( 3517): Stack started
02-13 04:27:19.113 D/org.doubango.ngn.services.impl.NgnSipService( 3517): OnDialogEvent (Dialog connecting,1)
02-13 04:27:19.113 D/org.doubango.ngn.services.impl.NgnSipService( 3517): OnDialogEvent ((un)REGISTER request successfully sent.,1)
02-13 04:27:19.113 D/org.doubango.imsdroid.Engine( 3517): showAppNotif
02-13 04:27:19.123 I/william ( 3517): enter broadcase
02-13 04:27:19.123 I/org.doubango.imsdroid.Screens.ScreenXYZLogin( 3517): Show main view here
02-13 04:27:19.623 W/audio_hw_primary( 2363): do_out_standby... 1074145152
02-13 04:27:43.533 I/shinhua ( 3517): GameView Constructor
02-13 04:27:43.543 W/audio_hw_primary( 2363): card 0, port 0 device 0x2
02-13 04:27:43.543 W/audio_hw_primary( 2363): rate 44100, channel 2 period_size 0xc0
02-13 04:27:43.543 I/shinhua ( 3517): ArcMenu(Context context ,  AttributeSet attrs)
02-13 04:27:43.543 I/shinhua ( 3517): ArcLayout(Context context, AttributeSet attrs)
02-13 04:27:43.543 I/shinhua ( 3517): newCdhildSize: 44
02-13 04:27:43.583 D/dalvikvm( 3517): GC_FOR_ALLOC freed 94K, 5% free 4927K/5148K, paused 15ms, total 15ms
02-13 04:27:43.613 I/shinhua ( 3517): params width 133params height133
02-13 04:27:43.623 I/william ( 3517): change map to 0
02-13 04:27:43.623 I/ble     ( 3517): board name is SABRESD-MX6DQ
02-13 04:27:43.623 I/org.doubango.imsdroid.Screens.ScreenDirection( 3517): support BT 4.0
02-13 04:27:43.623 I/william ( 3517): Enter BLEDeviceScanActivity
02-13 04:27:43.623 D/BluetoothManagerService( 2649): Message: 20
02-13 04:27:43.633 D/BluetoothManagerService( 2649): Added callback: android.bluetooth.IBluetoothManagerCallback$Stub$Proxy@41c819d8:true
02-13 04:27:43.633 D/BluetoothAdapter( 3517): startLeScan(): null
02-13 04:27:43.633 D/BtGatt.GattService( 2985): registerClient() - UUID=518006f0-0b90-4b21-aafd-d79c17779bdf
02-13 04:27:43.633 D/BtGatt.btif( 2985): btif_gattc_register_app
02-13 04:27:43.633 D/BtGatt.btif( 2985): btgattc_handle_event: Event 1000
02-13 04:27:43.633 D/BtGatt.btif( 2985): btif_gattc_upstreams_evt: Event 0
02-13 04:27:43.633 D/BtGatt.GattService( 2985): onClientRegistered() - UUID=518006f0-0b90-4b21-aafd-d79c17779bdf, clientIf=4
02-13 04:27:43.633 D/BluetoothAdapter( 3517): onClientRegistered() - status=0 clientIf=4
02-13 04:27:43.633 D/BtGatt.GattService( 2985): startScan() - queue=0
02-13 04:27:43.633 D/BtGatt.GattService( 2985): startScan() - adding client=4
02-13 04:27:43.633 D/BtGatt.btif( 2985): btif_gattc_scan
02-13 04:27:43.633 D/BtGatt.btif( 2985): btgattc_handle_event: Event 1002
02-13 04:27:43.633 I/ble     ( 3517): scanLeDeviceStart = true
02-13 04:27:43.633 D/BluetoothAdapter( 3517): startLeScan(): null
02-13 04:27:43.633 E/BluetoothAdapter( 3517): LE Scan has already started
02-13 04:27:43.633 I/william ( 3517):  BLE connect = false
02-13 04:27:43.633 I/ble     ( 3517): scanLeDeviceStart = false
02-13 04:27:43.633 D/BluetoothAdapter( 3517): stopLeScan()
02-13 04:27:43.633 D/BtGatt.GattService( 2985): stopScan() - queue=1
02-13 04:27:43.633 D/BtGatt.GattService( 2985): stopScan() - queue empty; stopping scan
02-13 04:27:43.633 D/BtGatt.btif( 2985): btif_gattc_scan
02-13 04:27:43.633 D/BtGatt.btif( 2985): btgattc_handle_event: Event 1003
02-13 04:27:43.643 D/BtGatt.GattService( 2985): unregisterClient() - clientIf=4
02-13 04:27:43.643 D/BtGatt.btif( 2985): btif_gattc_unregister_app
02-13 04:27:43.643 D/BtGatt.btif( 2985): btgattc_handle_event: Event 1001
02-13 04:27:43.643 D/BtGatt.btif( 2985): btif_gattc_upstreams_evt: Event 1
02-13 04:27:43.653 I/shinhua ( 3517): GameView Constructor
02-13 04:27:43.663 I/shinhua ( 3517): ArcMenu(Context context ,  AttributeSet attrs)
02-13 04:27:43.663 I/shinhua ( 3517): ArcLayout(Context context, AttributeSet attrs)
02-13 04:27:43.663 I/shinhua ( 3517): newCdhildSize: 44
02-13 04:27:43.683 D/dalvikvm( 3517): GC_FOR_ALLOC freed 182K, 5% free 5528K/5780K, paused 16ms, total 16ms
02-13 04:27:43.713 I/shinhua ( 3517): params width 133params height133
02-13 04:27:43.713 I/william ( 3517): change map to 0
02-13 04:27:43.743 I/ble     ( 3517): board name is SABRESD-MX6DQ
02-13 04:27:43.743 I/org.doubango.imsdroid.Screens.ScreenDirection( 3517): support BT 4.0
02-13 04:27:43.743 I/william ( 3517): Enter BLEDeviceScanActivity
02-13 04:27:43.743 D/BluetoothAdapter( 3517): startLeScan(): null
02-13 04:27:43.743 D/BtGatt.GattService( 2985): registerClient() - UUID=a0ec20fa-804d-4e04-ab58-ffc63fe05599
02-13 04:27:43.743 D/BtGatt.btif( 2985): btif_gattc_register_app
02-13 04:27:43.743 D/BtGatt.btif( 2985): btgattc_handle_event: Event 1000
02-13 04:27:43.743 D/BtGatt.btif( 2985): btif_gattc_upstreams_evt: Event 0
02-13 04:27:43.743 D/BtGatt.GattService( 2985): onClientRegistered() - UUID=a0ec20fa-804d-4e04-ab58-ffc63fe05599, clientIf=4
02-13 04:27:43.743 D/BluetoothAdapter( 3517): onClientRegistered() - status=0 clientIf=4
02-13 04:27:43.743 D/BtGatt.GattService( 2985): startScan() - queue=0
02-13 04:27:43.743 D/BtGatt.GattService( 2985): startScan() - adding client=4
02-13 04:27:43.743 D/BtGatt.btif( 2985): btif_gattc_scan
02-13 04:27:43.743 D/BtGatt.btif( 2985): btgattc_handle_event: Event 1002
02-13 04:27:43.743 I/ble     ( 3517): scanLeDeviceStart = true
02-13 04:27:43.743 D/BluetoothAdapter( 3517): startLeScan(): null
02-13 04:27:43.743 E/BluetoothAdapter( 3517): LE Scan has already started
02-13 04:27:43.743 I/william ( 3517):  BLE connect = false
02-13 04:27:43.763 I/shinhua ( 3517): ArcLayout onMeasure(int widthMeasureSpec, int heightMeasureSpec)
02-13 04:27:43.763 I/shinhua ( 3517): onMeasure size: 225
02-13 04:27:43.763 I/shinhua ( 3517): ArcLayout onMeasure(int widthMeasureSpec, int heightMeasureSpec)
02-13 04:27:43.763 I/shinhua ( 3517): onMeasure size: 225
02-13 04:27:43.763 I/shinhua ( 3517): ArcLayout onMeasure(int widthMeasureSpec, int heightMeasureSpec)
02-13 04:27:43.763 I/shinhua ( 3517): onMeasure size: 225
02-13 04:27:43.763 I/shinhua ( 3517): ArcLayout onMeasure(int widthMeasureSpec, int heightMeasureSpec)
02-13 04:27:43.763 I/shinhua ( 3517): onMeasure size: 225
02-13 04:27:43.773 I/shinhua ( 3517): ArcLayout onMeasure(int widthMeasureSpec, int heightMeasureSpec)
02-13 04:27:43.773 I/shinhua ( 3517): onMeasure size: 225
02-13 04:27:43.773 I/shinhua ( 3517): ArcLayout onMeasure(int widthMeasureSpec, int heightMeasureSpec)
02-13 04:27:43.773 I/shinhua ( 3517): onMeasure size: 225
02-13 04:27:43.773 I/shinhua ( 3517): ArcLayout onMeasure(int widthMeasureSpec, int heightMeasureSpec)
02-13 04:27:43.773 I/shinhua ( 3517): onMeasure size: 225
02-13 04:27:43.773 I/shinhua ( 3517): ArcLayout onMeasure(int widthMeasureSpec, int heightMeasureSpec)
02-13 04:27:43.773 I/shinhua ( 3517): onMeasure size: 225
02-13 04:27:43.773 I/shinhua ( 3517): ArcLayout onLayout(boolean changed, int l, int t, int r, int b)
02-13 04:27:43.773 I/shinhua ( 3517): centerX: 112 centerY: 112 gw: 225 gh: 225
02-13 04:27:43.793 I/jamesdebug( 3517): Draw target = 9 , 8
02-13 04:27:43.793 I/william ( 3517): drawcircleflag = false
02-13 04:27:46.453 I/jamesdebug( 3517): source =1 1 1 1
02-13 04:27:47.483 I/william ( 3517): Robot start running555
02-13 04:27:47.483 I/william ( 3517): Robot start running666
02-13 04:27:47.483 I/william ( 3517): Robot start running
02-13 04:27:47.483 I/william ( 3517): Robot start running222
02-13 04:27:47.523 I/jamesdebug( 3517): Draw target = 9 , 8
02-13 04:27:47.523 I/william ( 3517): drawcircleflag = false
02-13 04:27:48.623 I/shinhua1( 3517): level -54
02-13 04:27:48.713 I/shinhua1( 3517): level -54
02-13 04:27:49.433 W/audio_hw_primary( 2363): do_out_standby... 1074145152
02-13 04:27:49.623 I/william ( 3517):  BLE connect = false
02-13 04:27:49.623 I/shinhua1( 3517): connectStatus BLE disconnected
02-13 04:27:50.623 I/william ( 3517):  BLE connect = false
02-13 04:27:50.623 I/shinhua1( 3517): connectStatus BLE disconnected
02-13 04:27:51.113 D/org.doubango.ngn.services.impl.NgnSipService( 3517): OnDialogEvent (Transport error.,1)
02-13 04:27:51.113 D/org.doubango.ngn.services.impl.NgnSipService( 3517): OnDialogEvent (Dialog terminated,1)
02-13 04:27:51.113 D/org.doubango.ngn.services.impl.NgnNetworkService( 3517): releaseNetworkLock()
02-13 04:27:51.113 D/org.doubango.imsdroid.Engine( 3517): showAppNotif
02-13 04:27:51.113 D/org.doubango.ngn.services.impl.NgnSipService( 3517): Stack stopped
02-13 04:27:51.123 I/william ( 3517): enter broadcase
02-13 04:27:51.123 I/org.doubango.imsdroid.Screens.ScreenXYZLogin( 3517): Show main view here
02-13 04:27:51.143 D/dalvikvm( 2734): GC_FOR_ALLOC freed 649K, 60% free 4663K/11524K, paused 18ms, total 18ms
02-13 04:27:53.623 I/shinhua1( 3517): level -57
02-13 04:27:53.633 D/BluetoothAdapter( 3517): stopLeScan()
02-13 04:27:53.633 D/BtGatt.GattService( 2985): stopScan() - queue=1
02-13 04:27:53.633 D/BtGatt.GattService( 2985): stopScan() - queue empty; stopping scan
02-13 04:27:53.633 D/BtGatt.btif( 2985): btif_gattc_scan
02-13 04:27:53.633 D/BtGatt.btif( 2985): btgattc_handle_event: Event 1003
02-13 04:27:53.633 D/BtGatt.GattService( 2985): unregisterClient() - clientIf=4
02-13 04:27:53.633 D/BtGatt.btif( 2985): btif_gattc_unregister_app
02-13 04:27:53.633 D/BtGatt.btif( 2985): btgattc_handle_event: Event 1001
02-13 04:27:53.633 D/BtGatt.btif( 2985): btif_gattc_upstreams_evt: Event 1
02-13 04:27:53.713 I/shinhua1( 3517): level -57
02-13 04:27:53.753 D/BluetoothAdapter( 3517): stopLeScan()
02-13 04:27:58.623 I/shinhua1( 3517): level -58
02-13 04:27:58.713 I/shinhua1( 3517): level -58
02-13 04:28:03.623 I/shinhua1( 3517): level -55
02-13 04:28:03.713 I/shinhua1( 3517): level -55
02-13 04:28:08.623 I/shinhua1( 3517): level -55
02-13 04:28:08.713 I/shinhua1( 3517): level -55
02-13 04:28:13.623 I/shinhua1( 3517): level -55
02-13 04:28:13.713 I/shinhua1( 3517): level -55
02-13 04:28:18.623 I/shinhua1( 3517): level -55
02-13 04:28:18.713 I/shinhua1( 3517): level -55
02-13 04:28:23.623 I/shinhua1( 3517): level -55
02-13 04:28:23.713 I/shinhua1( 3517): level -55
02-13 04:28:28.623 I/shinhua1( 3517): level -54
02-13 04:28:28.713 I/shinhua1( 3517): level -54
02-13 04:28:33.623 I/shinhua1( 3517): level -56
02-13 04:28:33.713 I/shinhua1( 3517): level -56
02-13 04:28:38.623 I/shinhua1( 3517): level -57
02-13 04:28:38.713 I/shinhua1( 3517): level -57
02-13 04:28:43.623 I/shinhua1( 3517): level -55
02-13 04:28:43.713 I/shinhua1( 3517): level -55
02-13 04:28:48.623 I/shinhua1( 3517): level -56
02-13 04:28:48.713 I/shinhua1( 3517): level -56
02-13 04:28:53.623 I/shinhua1( 3517): level -57
02-13 04:28:53.713 I/shinhua1( 3517): level -57
02-13 04:28:58.623 I/shinhua1( 3517): level -54
02-13 04:28:58.713 I/shinhua1( 3517): level -54
02-13 04:29:00.073 D/dalvikvm( 2649): GC_FOR_ALLOC freed 763K, 21% free 5583K/6984K, paused 35ms, total 35ms
02-13 04:29:03.623 I/shinhua1( 3517): level -57
02-13 04:29:03.713 I/shinhua1( 3517): level -57
02-13 04:29:08.623 I/shinhua1( 3517): level -57
02-13 04:29:08.713 I/shinhua1( 3517): level -57
02-13 04:29:13.623 I/shinhua1( 3517): level -56
02-13 04:29:13.713 I/shinhua1( 3517): level -56
02-13 04:29:18.623 I/shinhua1( 3517): level -56
02-13 04:29:18.713 I/shinhua1( 3517): level -56
02-13 04:29:23.623 I/shinhua1( 3517): level -56
02-13 04:29:23.713 I/shinhua1( 3517): level -56
02-13 04:29:23.983 E/GpsXtraDownloader( 2649): No XTRA servers were specified in the GPS configuration
02-13 04:29:28.623 I/shinhua1( 3517): level -56
02-13 04:29:28.713 I/shinhua1( 3517): level -56
02-13 04:29:33.623 I/shinhua1( 3517): level -55
02-13 04:29:33.713 I/shinhua1( 3517): level -55
02-13 04:29:38.623 I/shinhua1( 3517): level -56
02-13 04:29:38.713 I/shinhua1( 3517): level -56
02-13 04:29:43.623 I/shinhua1( 3517): level -57
02-13 04:29:43.713 I/shinhua1( 3517): level -57
02-13 04:29:48.623 I/shinhua1( 3517): level -55
02-13 04:29:48.713 I/shinhua1( 3517): level -55
02-13 04:29:53.623 I/shinhua1( 3517): level -55
02-13 04:29:53.713 I/shinhua1( 3517): level -55
02-13 04:29:58.623 I/shinhua1( 3517): level -57
02-13 04:29:58.713 I/shinhua1( 3517): level -57
02-13 04:30:03.623 I/shinhua1( 3517): level -55
02-13 04:30:03.713 I/shinhua1( 3517): level -55
02-13 04:30:08.623 I/shinhua1( 3517): level -57
02-13 04:30:08.713 I/shinhua1( 3517): level -57
02-13 04:30:13.623 I/shinhua1( 3517): level -57
02-13 04:30:13.713 I/shinhua1( 3517): level -57
02-13 04:30:18.623 I/shinhua1( 3517): level -58
02-13 04:30:18.713 I/shinhua1( 3517): level -58
02-13 04:30:23.623 I/shinhua1( 3517): level -57
02-13 04:30:23.713 I/shinhua1( 3517): level -57
02-13 04:30:28.623 I/shinhua1( 3517): level -56
02-13 04:30:28.713 I/shinhua1( 3517): level -56
02-13 04:30:33.623 I/shinhua1( 3517): level -59
02-13 04:30:33.713 I/shinhua1( 3517): level -59
02-13 04:30:38.623 I/shinhua1( 3517): level -56
02-13 04:30:38.713 I/shinhua1( 3517): level -56
02-13 04:30:43.623 I/shinhua1( 3517): level -56
02-13 04:30:43.713 I/shinhua1( 3517): level -55
02-13 04:30:48.623 I/shinhua1( 3517): level -55
02-13 04:30:48.713 I/shinhua1( 3517): level -55
02-13 04:30:53.623 I/shinhua1( 3517): level -57
02-13 04:30:53.713 I/shinhua1( 3517): level -57
02-13 04:30:58.623 I/shinhua1( 3517): level -57
02-13 04:30:58.713 I/shinhua1( 3517): level -58
02-13 04:31:03.623 I/shinhua1( 3517): level -57
02-13 04:31:03.713 I/shinhua1( 3517): level -57
02-13 04:31:08.623 I/shinhua1( 3517): level -55
02-13 04:31:08.713 I/shinhua1( 3517): level -55
02-13 04:31:13.623 I/shinhua1( 3517): level -56
02-13 04:31:13.713 I/shinhua1( 3517): level -56
02-13 04:31:18.623 I/shinhua1( 3517): level -56
02-13 04:31:18.713 I/shinhua1( 3517): level -56
02-13 04:31:23.623 I/shinhua1( 3517): level -56
02-13 04:31:23.713 I/shinhua1( 3517): level -56
02-13 04:31:28.623 I/shinhua1( 3517): level -56
02-13 04:31:28.713 I/shinhua1( 3517): level -56
02-13 04:31:33.623 I/shinhua1( 3517): level -56
02-13 04:31:33.713 I/shinhua1( 3517): level -56
02-13 04:31:38.623 I/shinhua1( 3517): level -56
02-13 04:31:38.713 I/shinhua1( 3517): level -56
02-13 04:31:43.623 I/shinhua1( 3517): level -56
02-13 04:31:43.713 I/shinhua1( 3517): level -56
02-13 04:31:48.623 I/shinhua1( 3517): level -56
02-13 04:31:48.713 I/shinhua1( 3517): level -56
02-13 04:31:53.623 I/shinhua1( 3517): level -57
02-13 04:31:53.713 I/shinhua1( 3517): level -57
02-13 04:31:58.623 I/shinhua1( 3517): level -56
02-13 04:31:58.713 I/shinhua1( 3517): level -56
02-13 04:32:03.623 I/shinhua1( 3517): level -55
02-13 04:32:03.713 I/shinhua1( 3517): level -55
02-13 04:32:08.623 I/shinhua1( 3517): level -56
02-13 04:32:08.713 I/shinhua1( 3517): level -56
02-13 04:32:10.123 D/AndroidRuntime( 3731): 
02-13 04:32:10.123 D/AndroidRuntime( 3731): >>>>>> AndroidRuntime START com.android.internal.os.RuntimeInit <<<<<<
02-13 04:32:10.123 D/AndroidRuntime( 3731): CheckJNI is ON
02-13 04:32:10.123 I/AndroidRuntime( 3731): JNI options: '-Xjniopts:warnonly'
02-13 04:32:10.133 D/dalvikvm( 3731): Trying to load lib libjavacore.so 0x0
02-13 04:32:10.143 D/dalvikvm( 3731): Added shared lib libjavacore.so 0x0
02-13 04:32:10.153 D/dalvikvm( 3731): Trying to load lib libnativehelper.so 0x0
02-13 04:32:10.153 D/dalvikvm( 3731): Added shared lib libnativehelper.so 0x0
02-13 04:32:10.303 D/AndroidRuntime( 3731): Calling main entry com.android.commands.pm.Pm
02-13 04:32:10.313 W/ActivityManager( 2649): No content provider found for permission revoke: file:///data/local/tmp/UI.apk
02-13 04:32:10.473 W/ActivityManager( 2649): No content provider found for permission revoke: file:///data/local/tmp/UI.apk
02-13 04:32:10.473 I/PackageManager( 2649): Copying native libraries to /data/app-lib/vmdl1488840824
02-13 04:32:10.883 W/PackageParser( 2649): No actions in intent filter at /data/app/vmdl1488840824.tmp Binary XML file line #50
02-13 04:32:10.953 D/dalvikvm( 2649): GC_FOR_ALLOC freed 480K, 16% free 5873K/6984K, paused 34ms, total 34ms
02-13 04:32:11.053 D/dalvikvm( 2649): GC_FOR_ALLOC freed 713K, 15% free 6001K/6984K, paused 35ms, total 35ms
02-13 04:32:11.123 D/dalvikvm( 2649): GC_FOR_ALLOC freed 658K, 14% free 6006K/6984K, paused 35ms, total 35ms
02-13 04:32:11.193 D/dalvikvm( 2649): GC_FOR_ALLOC freed 662K, 14% free 6010K/6984K, paused 34ms, total 34ms
02-13 04:32:11.263 D/dalvikvm( 2649): GC_FOR_ALLOC freed 675K, 14% free 6018K/6984K, paused 35ms, total 35ms
02-13 04:32:12.643 I/ActivityManager( 2649): Force stopping package org.doubango.imsdroid appid=10044 user=-1
02-13 04:32:12.643 I/ActivityManager( 2649): Killing proc 3517:org.doubango.imsdroid/u0a10044: force stop org.doubango.imsdroid
02-13 04:32:12.643 W/ActivityManager( 2649): Scheduling restart of crashed service org.doubango.imsdroid/.NativeService in 5000ms
02-13 04:32:12.643 W/ActivityManager( 2649): Force removing ActivityRecord{41bf7948 u0 org.doubango.imsdroid/.Main}: app died, no saved state
02-13 04:32:12.643 I/ActivityManager( 2649):   Force stopping service ServiceRecord{41d9cb10 u0 org.doubango.imsdroid/.NativeService}
02-13 04:32:12.663 I/WindowState( 2649): WIN DEATH: Window{41c865d8 u0 org.doubango.imsdroid/org.doubango.imsdroid.Main}
02-13 04:32:16.063 I/PackageManager( 2649): Package org.doubango.imsdroid codePath changed from /data/app/org.doubango.imsdroid-1.apk to /data/app/org.doubango.imsdroid-2.apk; Retaining data and using new
02-13 04:32:16.073 D/        ( 2649): AccelSensor enable 0 ,usercount 0, handle 0 ,mEnabled 0
02-13 04:32:16.103 E/BufferQueue( 2360): [com.android.launcher/com.android.launcher2.Launcher] dequeueBuffer: can't dequeue multiple buffers without setting the buffer count
02-13 04:32:16.103 W/InputMethodManagerService( 2649): Got RemoteException sending setActive(false) notification to pid 3517 uid 10044
02-13 04:32:16.493 I/PackageManager( 2649): Running dexopt on: org.doubango.imsdroid
02-13 04:32:19.403 D/dalvikvm( 3742): DexOpt: load 70ms, verify+opt 2667ms, 1834652 bytes
02-13 04:32:19.483 I/ActivityManager( 2649): Force stopping package org.doubango.imsdroid appid=10044 user=-1
02-13 04:32:19.483 W/PackageManager( 2649): Code path for pkg : org.doubango.imsdroid changing from /data/app/org.doubango.imsdroid-1.apk to /data/app/org.doubango.imsdroid-2.apk
02-13 04:32:19.483 W/PackageManager( 2649): Resource path for pkg : org.doubango.imsdroid changing from /data/app/org.doubango.imsdroid-1.apk to /data/app/org.doubango.imsdroid-2.apk
02-13 04:32:19.523 W/PackageManager( 2649): Unknown permission android.permission.RAISED_THREAD_PRIORITY in package org.doubango.imsdroid
02-13 04:32:19.593 D/dalvikvm( 2649): GC_FOR_ALLOC freed 854K, 14% free 6042K/6984K, paused 35ms, total 35ms
02-13 04:32:19.643 I/ActivityManager( 2649): Force stopping package org.doubango.imsdroid appid=10044 user=0
02-13 04:32:19.663 I/InputReader( 2649): Reconfiguring input devices.  changes=0x00000010
02-13 04:32:19.673 D/BackupManagerService( 2649): Received broadcast Intent { act=android.intent.action.PACKAGE_REMOVED dat=package:org.doubango.imsdroid flg=0x8000010 (has extras) }
02-13 04:32:19.683 I/InputReader( 2649): Reconfiguring input devices.  changes=0x00000010
02-13 04:32:19.683 D/dalvikvm( 2734): GC_EXPLICIT freed 448K, 60% free 4654K/11524K, paused 2ms+2ms, total 36ms
02-13 04:32:19.683 D/dalvikvm( 2863): GC_EXPLICIT freed 838K, 13% free 6189K/7088K, paused 2ms+6ms, total 36ms
02-13 04:32:19.683 D/BackupManagerService( 2649): Received broadcast Intent { act=android.intent.action.PACKAGE_ADDED dat=package:org.doubango.imsdroid flg=0x8000010 (has extras) }
02-13 04:32:19.683 V/BackupManagerService( 2649): removePackageParticipantsLocked: uid=10044 #1
02-13 04:32:19.683 V/BackupManagerService( 2649): addPackageParticipantsLocked: #1
02-13 04:32:19.693 D/dalvikvm( 2793): GC_EXPLICIT freed 284K, 12% free 2885K/3244K, paused 1ms+3ms, total 46ms
02-13 04:32:19.733 W/ContextImpl( 3458): Calling a method in the system process without a qualified user: android.app.ContextImpl.startService:1385 android.content.ContextWrapper.startService:473 android.content.ContextWrapper.startService:473 com.android.keychain.KeyChainBroadcastReceiver.onReceive:12 android.app.ActivityThread.handleReceiver:2424 
02-13 04:32:19.743 W/ResourceType( 2649): Failure getting entry for 0x7f060000 (t=5 e=0) in package 0 (error -75)
02-13 04:32:19.783 D/dalvikvm( 2649): GC_EXPLICIT freed 788K, 20% free 5618K/6984K, paused 32ms+4ms, total 99ms
02-13 04:32:19.803 D/AndroidRuntime( 3731): Shutting down VM
02-13 04:32:19.803 D/jdwp    ( 3731): Got wake-up signal, bailing out of select
02-13 04:32:19.803 D/dalvikvm( 3731): Debugger has detached; object registry had 1 entries
02-13 04:32:19.813 W/RecognitionManagerService( 2649): no available voice recognition services found for user 0
02-13 04:32:20.393 D/AndroidRuntime( 3752): 
02-13 04:32:20.393 D/AndroidRuntime( 3752): >>>>>> AndroidRuntime START com.android.internal.os.RuntimeInit <<<<<<
02-13 04:32:20.393 D/AndroidRuntime( 3752): CheckJNI is ON
02-13 04:32:20.393 I/AndroidRuntime( 3752): JNI options: '-Xjniopts:warnonly'
02-13 04:32:20.403 D/dalvikvm( 3752): Trying to load lib libjavacore.so 0x0
02-13 04:32:20.403 D/dalvikvm( 3752): Added shared lib libjavacore.so 0x0
02-13 04:32:20.413 D/dalvikvm( 3752): Trying to load lib libnativehelper.so 0x0
02-13 04:32:20.413 D/dalvikvm( 3752): Added shared lib libnativehelper.so 0x0
02-13 04:32:20.563 D/AndroidRuntime( 3752): Calling main entry com.android.commands.am.Am
02-13 04:32:20.563 D/dalvikvm( 3752): Note: class Landroid/app/ActivityManagerNative; has 163 unimplemented (abstract) methods
02-13 04:32:20.573 E/BufferQueue( 2649): [ScreenshotClient] dequeueBuffer: can't dequeue multiple buffers without setting the buffer count
02-13 04:32:20.573 I/ActivityManager( 2649): Force stopping package org.doubango.imsdroid appid=10044 user=-1
02-13 04:32:20.573 I/ActivityManager( 2649): START u0 {act=android.intent.action.MAIN cat=[android.intent.category.LAUNCHER] flg=0x10000000 cmp=org.doubango.imsdroid/.Main} from pid 3752
02-13 04:32:20.613 D/dalvikvm( 2649): GC_FOR_ALLOC freed 150K, 18% free 5788K/6984K, paused 32ms, total 32ms
02-13 04:32:20.623 I/dalvikvm-heap( 2649): Grow heap (frag case) to 5.801MB for 95136-byte allocation
02-13 04:32:20.653 D/dalvikvm( 2649): GC_FOR_ALLOC freed 8K, 18% free 5873K/7080K, paused 33ms, total 33ms
02-13 04:32:20.683 D/dalvikvm( 2649): GC_FOR_ALLOC freed 195K, 20% free 5679K/7080K, paused 34ms, total 34ms
02-13 04:32:20.693 D/AndroidRuntime( 3752): Shutting down VM
02-13 04:32:20.693 D/jdwp    ( 3752): Got wake-up signal, bailing out of select
02-13 04:32:20.693 D/dalvikvm( 3752): Debugger has detached; object registry had 1 entries
02-13 04:32:20.703 D/dalvikvm( 3763): Not late-enabling CheckJNI (already on)
02-13 04:32:20.703 I/ActivityManager( 2649): Start proc org.doubango.imsdroid for activity org.doubango.imsdroid/.Main: pid=3763 uid=10044 gids={50044, 3002, 3001, 3003, 1015, 1006, 1028}
02-13 04:32:20.723 I/dalvikvm( 3763): Turning on JNI app bug workarounds for target SDK version 11...
02-13 04:32:20.733 D/        ( 2649): AccelSensor enable 1 ,usercount 1, handle 0 ,mEnabled 1
02-13 04:32:20.753 I/System.out( 3763): Sending WAIT chunk
02-13 04:32:20.753 W/ActivityThread( 3763): Application org.doubango.imsdroid is waiting for the debugger on port 8100...
02-13 04:32:20.763 I/dalvikvm( 3763): Debugger is active
02-13 04:32:20.793 D/dalvikvm( 2649): GC_FOR_ALLOC freed 231K, 20% free 5668K/7080K, paused 34ms, total 34ms
02-13 04:32:20.793 I/dalvikvm-heap( 2649): Grow heap (frag case) to 5.863MB for 281896-byte allocation
02-13 04:32:20.833 D/dalvikvm( 2649): GC_FOR_ALLOC freed 2K, 20% free 5941K/7356K, paused 34ms, total 34ms
02-13 04:32:20.953 I/System.out( 3763): Debugger has connected
02-13 04:32:20.953 I/System.out( 3763): waiting for debugger to settle...
02-13 04:32:21.153 I/System.out( 3763): waiting for debugger to settle...
02-13 04:32:21.353 I/System.out( 3763): waiting for debugger to settle...
02-13 04:32:21.553 I/System.out( 3763): waiting for debugger to settle...
02-13 04:32:21.753 I/System.out( 3763): waiting for debugger to settle...
02-13 04:32:21.953 I/System.out( 3763): waiting for debugger to settle...
02-13 04:32:22.153 I/System.out( 3763): waiting for debugger to settle...
02-13 04:32:22.353 I/System.out( 3763): waiting for debugger to settle...
02-13 04:32:22.553 I/System.out( 3763): debugger has settled (1424)
02-13 04:32:22.573 D/org.doubango.imsdroid.IMSDroid( 3763): IMSDroid()
02-13 04:32:22.573 D/org.doubango.ngn.NgnApplication( 3763): Build.MODEL=sabresd-mx6dq
02-13 04:32:22.573 D/org.doubango.ngn.NgnApplication( 3763): Build.VERSION.SDK=18
02-13 04:32:22.593 D/dalvikvm( 3763): Trying to load lib /data/data/org.doubango.imsdroid/lib/libutils_armv5te.so 0x419aed90
02-13 04:32:22.593 D/dalvikvm( 3763): Added shared lib /data/data/org.doubango.imsdroid/lib/libutils_armv5te.so 0x419aed90
02-13 04:32:22.593 D/dalvikvm( 3763): No JNI_OnLoad found in /data/data/org.doubango.imsdroid/lib/libutils_armv5te.so 0x419aed90, skipping init
02-13 04:32:22.593 D/org.doubango.ngn.NgnEngine( 3763): CPU_Feature=15
02-13 04:32:22.593 D/org.doubango.ngn.NgnEngine( 3763): isCpuNeon()=YES
02-13 04:32:22.603 D/dalvikvm( 3763): Trying to load lib /data/data/org.doubango.imsdroid/lib/libtinyWRAP_neon.so 0x419aed90
02-13 04:32:22.603 D/dalvikvm( 3763): Added shared lib /data/data/org.doubango.imsdroid/lib/libtinyWRAP_neon.so 0x419aed90
02-13 04:32:22.603 D/dalvikvm( 3763): No JNI_OnLoad found in /data/data/org.doubango.imsdroid/lib/libtinyWRAP_neon.so 0x419aed90, skipping init
02-13 04:32:22.623 D/org.doubango.ngn.NgnApplication( 3763): sGlEsVersion=131072
02-13 04:32:22.673 D/org.doubango.ngn.NgnEngine( 3763): Configure AEC[true/200] AEC_TAIL_ADAPT[true] NoiseSuppression[true], Voice activity detection[false]
02-13 04:32:22.703 I/ActivityManager( 2649): START u0 {cmp=org.doubango.imsdroid/.Screens.ScreenSplash} from pid 3763
02-13 04:32:22.713 D/        ( 2649): AccelSensor enable 0 ,usercount 0, handle 0 ,mEnabled 0
02-13 04:32:22.863 D/org.doubango.imsdroid.Screens.ScreenSplash( 3763): Starts the engine from the splash screen
02-13 04:32:22.863 D/org.doubango.ngn.services.impl.NgnConfigurationService( 3763): starting...
02-13 04:32:22.863 D/org.doubango.ngn.services.impl.NgnStorageService( 3763): starting...
02-13 04:32:22.873 D/org.doubango.ngn.services.impl.NgnNetworkService( 3763): Starting...
02-13 04:32:22.883 D/org.doubango.ngn.services.impl.NgnHttpClientService( 3763): Starting...
02-13 04:32:22.903 D/org.doubango.ngn.services.impl.NgnHistoryService( 3763): Starting...
02-13 04:32:22.913 D/org.doubango.ngn.services.impl.NgnContactService( 3763): starting...
02-13 04:32:22.913 D/org.doubango.ngn.services.impl.NgnContactService( 3763): Observer Looper enter()
02-13 04:32:22.923 D/org.doubango.ngn.services.impl.NgnSipService( 3763): starting...
02-13 04:32:22.923 D/org.doubango.ngn.services.impl.NgnSoundService( 3763): starting...
02-13 04:32:22.923 D/org.doubango.ngn.services.impl.NgnHistoryService( 3763): Loading history
02-13 04:32:22.943 D/dalvikvm( 3763): GC_FOR_ALLOC freed 205K, 9% free 2827K/3088K, paused 15ms, total 17ms
02-13 04:32:22.953 I/dalvikvm( 3763): Could not find method javax.xml.stream.XMLInputFactory.newInstance, referenced from method org.simpleframework.xml.stream.StreamProvider.<init>
02-13 04:32:22.953 W/dalvikvm( 3763): VFY: unable to resolve static method 1738: Ljavax/xml/stream/XMLInputFactory;.newInstance ()Ljavax/xml/stream/XMLInputFactory;
02-13 04:32:22.953 D/dalvikvm( 3763): VFY: replacing opcode 0x71 at 0x0003
02-13 04:32:22.953 W/dalvikvm( 3763): VFY: unable to find class referenced in signature (Ljavax/xml/stream/XMLEventReader;)
02-13 04:32:22.963 W/dalvikvm( 3763): VFY: unable to find class referenced in signature (Ljavax/xml/stream/XMLEventReader;)
02-13 04:32:22.963 I/dalvikvm( 3763): Could not find method javax.xml.stream.XMLInputFactory.createXMLEventReader, referenced from method org.simpleframework.xml.stream.StreamProvider.provide
02-13 04:32:22.963 W/dalvikvm( 3763): VFY: unable to resolve virtual method 1736: Ljavax/xml/stream/XMLInputFactory;.createXMLEventReader (Ljava/io/InputStream;)Ljavax/xml/stream/XMLEventReader;
02-13 04:32:22.963 D/dalvikvm( 3763): VFY: replacing opcode 0x6e at 0x0002
02-13 04:32:22.973 I/dalvikvm( 3763): Could not find method javax.xml.stream.XMLInputFactory.createXMLEventReader, referenced from method org.simpleframework.xml.stream.StreamProvider.provide
02-13 04:32:22.983 W/dalvikvm( 3763): VFY: unable to resolve virtual method 1737: Ljavax/xml/stream/XMLInputFactory;.createXMLEventReader (Ljava/io/Reader;)Ljavax/xml/stream/XMLEventReader;
02-13 04:32:22.983 D/dalvikvm( 3763): VFY: replacing opcode 0x6e at 0x0002
02-13 04:32:23.013 D/libEGL  ( 3763): loaded /system/lib/egl/libEGL_VIVANTE.so
02-13 04:32:23.113 D/org.doubango.ngn.services.impl.NgnHistoryService( 3763): History loaded
02-13 04:32:26.513 D/libEGL  ( 3763): loaded /system/lib/egl/libGLESv1_CM_VIVANTE.so
02-13 04:32:26.573 D/libEGL  ( 3763): loaded /system/lib/egl/libGLESv2_VIVANTE.so
02-13 04:32:26.643 E/BufferQueue( 2360): [org.doubango.imsdroid/org.doubango.imsdroid.Screens.ScreenSplash] dequeueBuffer: can't dequeue multiple buffers without setting the buffer count
02-13 04:32:26.643 D/OpenGLRenderer( 3763): Enabling debug mode 0
02-13 04:32:26.663 D/org.doubango.ngn.NgnNativeService( 3763): onCreate()
02-13 04:32:26.663 D/org.doubango.imsdroid.NativeService( 3763): onCreate()
02-13 04:32:26.663 D/org.doubango.ngn.NgnNativeService( 3763): onStart()
02-13 04:32:26.663 D/org.doubango.imsdroid.NativeService( 3763): onStart()
02-13 04:32:26.763 D/org.doubango.imsdroid.Screens.ScreenSplash( 3763): onReceive()
02-13 04:32:26.763 I/ActivityManager( 2649): Displayed org.doubango.imsdroid/.Screens.ScreenSplash: +4s53ms (total +6s72ms)
02-13 04:32:26.763 D/dalvikvm( 3763): Trying to load lib /data/app-lib/org.doubango.imsdroid-2/libhello-uart.so 0x419aed90
02-13 04:32:26.773 D/dalvikvm( 3763): Added shared lib /data/app-lib/org.doubango.imsdroid-2/libhello-uart.so 0x419aed90
02-13 04:32:26.773 I/hello   ( 3763): Entering JNI_OnLoad 
02-13 04:32:26.773 I/hello   ( 3763): Leaving JNI_OnLoad (result=0x10004)
02-13 04:32:26.773 I/JNI     ( 3763): Trying to load libhello-uart.so
02-13 04:32:26.803 I/hello   ( 3763): open uart port device node = /dev/ttymxc3 , ismxc2=0 ismxc3=1
02-13 04:32:26.803 I/hello   ( 3763): Native_SetUart 0
02-13 04:32:26.803 I/UartCmd ( 3763): Driving Board portname = ttymxc3 fd = 49
02-13 04:32:26.803 I/hello   ( 3763): open uart port device node = /dev/ttymxc2 , ismxc2=1 ismxc3=0
02-13 04:32:26.803 I/hello   ( 3763): Native_SetUart 1
02-13 04:32:26.803 I/UartCmd ( 3763): DW1000 portname = ttymxc2 fd = 53
02-13 04:32:26.813 D/dalvikvm( 3763): GC_FOR_ALLOC freed 169K, 8% free 2956K/3184K, paused 14ms, total 15ms
02-13 04:32:26.823 I/dalvikvm-heap( 3763): Grow heap (frag case) to 3.526MB for 614416-byte allocation
02-13 04:32:26.843 D/dalvikvm( 3763): GC_FOR_ALLOC freed 1K, 7% free 3555K/3788K, paused 19ms, total 19ms
02-13 04:32:26.863 I/shinhua ( 3763): Width: 800Height: 432
02-13 04:32:26.863 I/shinhua ( 3763): desity: 1.0dpi: 160.0
02-13 04:32:26.863 I/org.doubango.imsdroid.Screens.ScreenXYZsignin( 3763): william oncreate screen login here
02-13 04:32:26.883 I/shinhua ( 3763): Width: 800Height: 432
02-13 04:32:26.883 I/shinhua ( 3763): desity: 1.0dpi: 160.0
02-13 04:32:26.883 I/org.doubango.imsdroid.Screens.ScreenXYZsignin( 3763): william oncreate screen login here
02-13 04:32:26.893 E/BufferQueue( 2649): [ScreenshotClient] dequeueBuffer: can't dequeue multiple buffers without setting the buffer count
02-13 04:32:26.913 D/        ( 2649): AccelSensor enable 1 ,usercount 1, handle 0 ,mEnabled 1
02-13 04:32:26.913 D/org.doubango.imsdroid.Main( 3763): onActivityResult(0,0)
02-13 04:32:26.953 V/PhoneStatusBar( 2734): setLightsOn(true)
02-13 04:32:26.963 E/BufferQueue( 2360): [org.doubango.imsdroid/org.doubango.imsdroid.Main] dequeueBuffer: can't dequeue multiple buffers without setting the buffer count
02-13 04:32:27.003 I/ActivityManager( 2649): Displayed org.doubango.imsdroid/.Main: +6s310ms
02-13 04:32:30.613 I/shinhua ( 3763): Login signin button was pressed.
02-13 04:32:30.623 I/shinhua ( 3763): shinhua oncreate screen login here
02-13 04:32:30.623 W/audio_hw_primary( 2363): card 0, port 0 device 0x2
02-13 04:32:30.623 W/audio_hw_primary( 2363): rate 44100, channel 2 period_size 0xc0
