02-13 04:46:23.373 I/PackageManager( 2649): Copying native libraries to /data/app-lib/vmdl804335806
02-13 04:46:23.403 I/shinhua1( 4026): level -53
02-13 04:46:23.783 W/PackageParser( 2649): No actions in intent filter at /data/app/vmdl804335806.tmp Binary XML file line #50
02-13 04:46:23.833 D/dalvikvm( 2649): GC_FOR_ALLOC freed 697K, 24% free 5729K/7524K, paused 35ms, total 35ms
02-13 04:46:23.933 D/dalvikvm( 2649): GC_FOR_ALLOC freed 545K, 21% free 5988K/7524K, paused 36ms, total 36ms
02-13 04:46:24.023 D/dalvikvm( 2649): GC_FOR_ALLOC freed 860K, 21% free 6000K/7524K, paused 36ms, total 36ms
02-13 04:46:24.103 D/dalvikvm( 2649): GC_FOR_ALLOC freed 864K, 21% free 6006K/7524K, paused 35ms, total 36ms
02-13 04:46:24.193 D/dalvikvm( 2649): GC_FOR_ALLOC freed 866K, 21% free 6016K/7524K, paused 36ms, total 36ms
02-13 04:46:25.573 I/ActivityManager( 2649): Force stopping package org.doubango.imsdroid appid=10044 user=-1
02-13 04:46:25.573 I/ActivityManager( 2649): Killing proc 4026:org.doubango.imsdroid/u0a10044: force stop org.doubango.imsdroid
02-13 04:46:25.583 W/ActivityManager( 2649): Scheduling restart of crashed service org.doubango.imsdroid/.NativeService in 5000ms
02-13 04:46:25.583 W/ActivityManager( 2649): Force removing ActivityRecord{41b4ffd0 u0 org.doubango.imsdroid/.Main}: app died, no saved state
02-13 04:46:25.583 I/ActivityManager( 2649):   Force stopping service ServiceRecord{41cac658 u0 org.doubango.imsdroid/.NativeService}
02-13 04:46:25.593 I/WindowState( 2649): WIN DEATH: Window{41c3efb0 u0 org.doubango.imsdroid/org.doubango.imsdroid.Main}
02-13 04:46:26.203 D/        ( 2649): AccelSensor enable 0 ,usercount 0, handle 0 ,mEnabled 0
02-13 04:46:26.203 I/PackageManager( 2649): Package org.doubango.imsdroid codePath changed from /data/app/org.doubango.imsdroid-2.apk to /data/app/org.doubango.imsdroid-1.apk; Retaining data and using new
02-13 04:46:26.243 E/BufferQueue( 2360): [com.android.launcher/com.android.launcher2.Launcher] dequeueBuffer: can't dequeue multiple buffers without setting the buffer count
02-13 04:46:26.243 W/InputMethodManagerService( 2649): Got RemoteException sending setActive(false) notification to pid 4026 uid 10044
02-13 04:46:26.623 I/PackageManager( 2649): Running dexopt on: org.doubango.imsdroid
02-13 04:46:27.453 D/dalvikvm( 4091): DexOpt: load 69ms, verify+opt 590ms, 1834652 bytes
02-13 04:46:29.033 W/PackageManager( 2649): Code path for pkg : org.doubango.imsdroid changing from /data/app/org.doubango.imsdroid-2.apk to /data/app/org.doubango.imsdroid-1.apk
02-13 04:46:29.033 I/ActivityManager( 2649): Force stopping package org.doubango.imsdroid appid=10044 user=-1
02-13 04:46:29.033 W/PackageManager( 2649): Resource path for pkg : org.doubango.imsdroid changing from /data/app/org.doubango.imsdroid-2.apk to /data/app/org.doubango.imsdroid-1.apk
02-13 04:46:29.093 W/PackageManager( 2649): Unknown permission android.permission.RAISED_THREAD_PRIORITY in package org.doubango.imsdroid
02-13 04:46:29.193 I/ActivityManager( 2649): Force stopping package org.doubango.imsdroid appid=10044 user=0
02-13 04:46:29.223 I/InputReader( 2649): Reconfiguring input devices.  changes=0x00000010
02-13 04:46:29.223 D/dalvikvm( 2734): GC_EXPLICIT freed 422K, 60% free 4653K/11524K, paused 2ms+10ms, total 33ms
02-13 04:46:29.223 D/dalvikvm( 2863): GC_EXPLICIT freed 942K, 15% free 6205K/7232K, paused 2ms+7ms, total 36ms
02-13 04:46:29.223 I/InputReader( 2649): Reconfiguring input devices.  changes=0x00000010
02-13 04:46:29.233 D/dalvikvm( 2793): GC_EXPLICIT freed 158K, 12% free 2863K/3244K, paused 2ms+4ms, total 43ms
02-13 04:46:29.233 D/BackupManagerService( 2649): Received broadcast Intent { act=android.intent.action.PACKAGE_REMOVED dat=package:org.doubango.imsdroid flg=0x8000010 (has extras) }
02-13 04:46:29.233 D/BackupManagerService( 2649): Received broadcast Intent { act=android.intent.action.PACKAGE_ADDED dat=package:org.doubango.imsdroid flg=0x8000010 (has extras) }
02-13 04:46:29.233 V/BackupManagerService( 2649): removePackageParticipantsLocked: uid=10044 #1
02-13 04:46:29.233 V/BackupManagerService( 2649): addPackageParticipantsLocked: #1
02-13 04:46:29.293 D/dalvikvm( 2649): GC_FOR_ALLOC freed 873K, 20% free 6021K/7524K, paused 42ms, total 44ms
02-13 04:46:29.293 W/ContextImpl( 3458): Calling a method in the system process without a qualified user: android.app.ContextImpl.startService:1385 android.content.ContextWrapper.startService:473 android.content.ContextWrapper.startService:473 com.android.keychain.KeyChainBroadcastReceiver.onReceive:12 android.app.ActivityThread.handleReceiver:2424 
02-13 04:46:29.313 W/ResourceType( 2649): Failure getting entry for 0x7f060000 (t=5 e=0) in package 0 (error -75)
02-13 04:46:29.323 D/dalvikvm( 3441): GC_FOR_ALLOC freed 392K, 15% free 2625K/3080K, paused 22ms, total 22ms
02-13 04:46:29.363 D/dalvikvm( 2649): GC_EXPLICIT freed 511K, 26% free 5610K/7524K, paused 2ms+6ms, total 68ms
02-13 04:46:29.363 W/RecognitionManagerService( 2649): no available voice recognition services found for user 0
02-13 04:46:29.383 D/AndroidRuntime( 4080): Shutting down VM
02-13 04:46:29.383 D/jdwp    ( 4080): Got wake-up signal, bailing out of select
02-13 04:46:29.383 D/dalvikvm( 4080): Debugger has detached; object registry had 1 entries
02-13 04:46:29.623 D/dalvikvm( 3343): GC_FOR_ALLOC freed 472K, 18% free 2560K/3088K, paused 19ms, total 22ms
02-13 04:46:29.963 D/AndroidRuntime( 4101): 
02-13 04:46:29.963 D/AndroidRuntime( 4101): >>>>>> AndroidRuntime START com.android.internal.os.RuntimeInit <<<<<<
02-13 04:46:29.963 D/AndroidRuntime( 4101): CheckJNI is ON
02-13 04:46:29.963 I/AndroidRuntime( 4101): JNI options: '-Xjniopts:warnonly'
02-13 04:46:29.973 D/dalvikvm( 4101): Trying to load lib libjavacore.so 0x0
02-13 04:46:29.973 D/dalvikvm( 4101): Added shared lib libjavacore.so 0x0
02-13 04:46:29.993 D/dalvikvm( 4101): Trying to load lib libnativehelper.so 0x0
02-13 04:46:29.993 D/dalvikvm( 4101): Added shared lib libnativehelper.so 0x0
02-13 04:46:30.143 D/AndroidRuntime( 4101): Calling main entry com.android.commands.am.Am
02-13 04:46:30.143 D/dalvikvm( 4101): Note: class Landroid/app/ActivityManagerNative; has 163 unimplemented (abstract) methods
02-13 04:46:30.143 I/ActivityManager( 2649): START u0 {act=android.intent.action.MAIN cat=[android.intent.category.LAUNCHER] flg=0x10000000 cmp=org.doubango.imsdroid/.Main} from pid 4101
02-13 04:46:30.153 E/BufferQueue( 2649): [ScreenshotClient] dequeueBuffer: can't dequeue multiple buffers without setting the buffer count
02-13 04:46:30.163 D/AndroidRuntime( 4101): Shutting down VM
02-13 04:46:30.163 D/jdwp    ( 4101): Got wake-up signal, bailing out of select
02-13 04:46:30.163 D/dalvikvm( 4101): Debugger has detached; object registry had 1 entries
02-13 04:46:30.173 D/dalvikvm( 4112): Not late-enabling CheckJNI (already on)
02-13 04:46:30.173 I/ActivityManager( 2649): Start proc org.doubango.imsdroid for activity org.doubango.imsdroid/.Main: pid=4112 uid=10044 gids={50044, 3002, 3001, 3003, 1015, 1006, 1028}
02-13 04:46:30.193 D/dalvikvm( 2361): GC_EXPLICIT freed 43K, 4% free 2520K/2620K, paused 3ms+2ms, total 22ms
02-13 04:46:30.193 I/dalvikvm( 4112): Turning on JNI app bug workarounds for target SDK version 11...
02-13 04:46:30.203 D/        ( 2649): AccelSensor enable 1 ,usercount 1, handle 0 ,mEnabled 1
02-13 04:46:30.213 D/dalvikvm( 2361): GC_EXPLICIT freed <1K, 4% free 2520K/2620K, paused 2ms+2ms, total 19ms
02-13 04:46:30.223 D/org.doubango.imsdroid.IMSDroid( 4112): IMSDroid()
02-13 04:46:30.223 D/org.doubango.ngn.NgnApplication( 4112): Build.MODEL=sabresd-mx6dq
02-13 04:46:30.223 D/org.doubango.ngn.NgnApplication( 4112): Build.VERSION.SDK=18
02-13 04:46:30.233 D/dalvikvm( 4112): Trying to load lib /data/data/org.doubango.imsdroid/lib/libutils_armv5te.so 0x419b3a30
02-13 04:46:30.233 D/dalvikvm( 2361): GC_EXPLICIT freed <1K, 4% free 2520K/2620K, paused 1ms+2ms, total 20ms
02-13 04:46:30.233 D/dalvikvm( 4112): Added shared lib /data/data/org.doubango.imsdroid/lib/libutils_armv5te.so 0x419b3a30
02-13 04:46:30.233 D/dalvikvm( 4112): No JNI_OnLoad found in /data/data/org.doubango.imsdroid/lib/libutils_armv5te.so 0x419b3a30, skipping init
02-13 04:46:30.233 D/org.doubango.ngn.NgnEngine( 4112): CPU_Feature=15
02-13 04:46:30.233 D/org.doubango.ngn.NgnEngine( 4112): isCpuNeon()=YES
02-13 04:46:30.233 D/dalvikvm( 4112): Trying to load lib /data/data/org.doubango.imsdroid/lib/libtinyWRAP_neon.so 0x419b3a30
02-13 04:46:30.243 D/dalvikvm( 4112): Added shared lib /data/data/org.doubango.imsdroid/lib/libtinyWRAP_neon.so 0x419b3a30
02-13 04:46:30.243 D/dalvikvm( 4112): No JNI_OnLoad found in /data/data/org.doubango.imsdroid/lib/libtinyWRAP_neon.so 0x419b3a30, skipping init
02-13 04:46:30.263 D/org.doubango.ngn.NgnApplication( 4112): sGlEsVersion=131072
02-13 04:46:30.293 D/org.doubango.ngn.NgnEngine( 4112): Configure AEC[true/200] AEC_TAIL_ADAPT[true] NoiseSuppression[true], Voice activity detection[false]
02-13 04:46:30.313 I/ActivityManager( 2649): START u0 {cmp=org.doubango.imsdroid/.Screens.ScreenSplash} from pid 4112
02-13 04:46:30.323 D/        ( 2649): AccelSensor enable 0 ,usercount 0, handle 0 ,mEnabled 0
02-13 04:46:30.383 D/org.doubango.imsdroid.Screens.ScreenSplash( 4112): Starts the engine from the splash screen
02-13 04:46:30.383 D/org.doubango.ngn.services.impl.NgnConfigurationService( 4112): starting...
02-13 04:46:30.383 D/org.doubango.ngn.services.impl.NgnStorageService( 4112): starting...
02-13 04:46:30.393 D/org.doubango.ngn.services.impl.NgnNetworkService( 4112): Starting...
02-13 04:46:30.393 D/org.doubango.ngn.services.impl.NgnHttpClientService( 4112): Starting...
02-13 04:46:30.403 D/org.doubango.ngn.services.impl.NgnHistoryService( 4112): Starting...
02-13 04:46:30.423 D/dalvikvm( 4112): GC_FOR_ALLOC freed 218K, 9% free 2815K/3088K, paused 19ms, total 19ms
02-13 04:46:30.423 D/org.doubango.ngn.services.impl.NgnContactService( 4112): starting...
02-13 04:46:30.423 D/org.doubango.ngn.services.impl.NgnContactService( 4112): Observer Looper enter()
02-13 04:46:30.423 D/org.doubango.ngn.services.impl.NgnSipService( 4112): starting...
02-13 04:46:30.423 D/org.doubango.ngn.services.impl.NgnSoundService( 4112): starting...
02-13 04:46:30.423 D/org.doubango.ngn.services.impl.NgnHistoryService( 4112): Loading history
02-13 04:46:30.433 I/dalvikvm( 4112): Could not find method javax.xml.stream.XMLInputFactory.newInstance, referenced from method org.simpleframework.xml.stream.StreamProvider.<init>
02-13 04:46:30.433 W/dalvikvm( 4112): VFY: unable to resolve static method 1738: Ljavax/xml/stream/XMLInputFactory;.newInstance ()Ljavax/xml/stream/XMLInputFactory;
02-13 04:46:30.433 D/dalvikvm( 4112): VFY: replacing opcode 0x71 at 0x0003
02-13 04:46:30.433 W/dalvikvm( 4112): VFY: unable to find class referenced in signature (Ljavax/xml/stream/XMLEventReader;)
02-13 04:46:30.433 W/dalvikvm( 4112): VFY: unable to find class referenced in signature (Ljavax/xml/stream/XMLEventReader;)
02-13 04:46:30.433 I/dalvikvm( 4112): Could not find method javax.xml.stream.XMLInputFactory.createXMLEventReader, referenced from method org.simpleframework.xml.stream.StreamProvider.provide
02-13 04:46:30.433 W/dalvikvm( 4112): VFY: unable to resolve virtual method 1736: Ljavax/xml/stream/XMLInputFactory;.createXMLEventReader (Ljava/io/InputStream;)Ljavax/xml/stream/XMLEventReader;
02-13 04:46:30.433 D/dalvikvm( 4112): VFY: replacing opcode 0x6e at 0x0002
02-13 04:46:30.433 I/dalvikvm( 4112): Could not find method javax.xml.stream.XMLInputFactory.createXMLEventReader, referenced from method org.simpleframework.xml.stream.StreamProvider.provide
02-13 04:46:30.433 W/dalvikvm( 4112): VFY: unable to resolve virtual method 1737: Ljavax/xml/stream/XMLInputFactory;.createXMLEventReader (Ljava/io/Reader;)Ljavax/xml/stream/XMLEventReader;
02-13 04:46:30.433 D/dalvikvm( 4112): VFY: replacing opcode 0x6e at 0x0002
02-13 04:46:30.453 D/org.doubango.ngn.services.impl.NgnHistoryService( 4112): History loaded
02-13 04:46:30.463 D/libEGL  ( 4112): loaded /system/lib/egl/libEGL_VIVANTE.so
02-13 04:46:33.953 D/libEGL  ( 4112): loaded /system/lib/egl/libGLESv1_CM_VIVANTE.so
02-13 04:46:34.013 D/libEGL  ( 4112): loaded /system/lib/egl/libGLESv2_VIVANTE.so
02-13 04:46:34.083 E/BufferQueue( 2360): [org.doubango.imsdroid/org.doubango.imsdroid.Screens.ScreenSplash] dequeueBuffer: can't dequeue multiple buffers without setting the buffer count
02-13 04:46:34.083 D/OpenGLRenderer( 4112): Enabling debug mode 0
02-13 04:46:34.083 D/org.doubango.ngn.NgnNativeService( 4112): onCreate()
02-13 04:46:34.083 D/org.doubango.imsdroid.NativeService( 4112): onCreate()
02-13 04:46:34.083 D/org.doubango.ngn.NgnNativeService( 4112): onStart()
02-13 04:46:34.083 D/org.doubango.imsdroid.NativeService( 4112): onStart()
02-13 04:46:34.143 D/org.doubango.imsdroid.Screens.ScreenSplash( 4112): onReceive()
02-13 04:46:34.143 D/dalvikvm( 4112): Trying to load lib /data/app-lib/org.doubango.imsdroid-1/libhello-uart.so 0x419b3a30
02-13 04:46:34.143 D/dalvikvm( 4112): Added shared lib /data/app-lib/org.doubango.imsdroid-1/libhello-uart.so 0x419b3a30
02-13 04:46:34.143 I/hello   ( 4112): Entering JNI_OnLoad 
02-13 04:46:34.143 I/hello   ( 4112): Leaving JNI_OnLoad (result=0x10004)
02-13 04:46:34.143 I/JNI     ( 4112): Trying to load libhello-uart.so
02-13 04:46:34.153 I/ActivityManager( 2649): Displayed org.doubango.imsdroid/.Screens.ScreenSplash: +3s830ms (total +3s994ms)
02-13 04:46:34.153 I/hello   ( 4112): open uart port device node = /dev/ttymxc3 , ismxc2=0 ismxc3=1
02-13 04:46:34.163 I/hello   ( 4112): Native_SetUart 0
02-13 04:46:34.163 I/UartCmd ( 4112): Driving Board portname = ttymxc3 fd = 50
02-13 04:46:34.163 I/hello   ( 4112): open uart port device node = /dev/ttymxc2 , ismxc2=1 ismxc3=0
02-13 04:46:34.163 I/hello   ( 4112): Native_SetUart 1
02-13 04:46:34.163 I/UartCmd ( 4112): DW1000 portname = ttymxc2 fd = 53
02-13 04:46:34.173 D/dalvikvm( 4112): GC_FOR_ALLOC freed 177K, 8% free 2955K/3192K, paused 15ms, total 15ms
02-13 04:46:34.173 I/dalvikvm-heap( 4112): Grow heap (frag case) to 3.524MB for 614416-byte allocation
02-13 04:46:34.183 D/dalvikvm( 4112): GC_FOR_ALLOC freed 1K, 7% free 3553K/3796K, paused 12ms, total 12ms
02-13 04:46:34.203 I/shinhua ( 4112): Width: 800Height: 432
02-13 04:46:34.203 I/shinhua ( 4112): desity: 1.0dpi: 160.0
02-13 04:46:34.203 I/org.doubango.imsdroid.Screens.ScreenXYZsignin( 4112): william oncreate screen login here
02-13 04:46:34.203 I/shinhua ( 4112): Width: 800Height: 432
02-13 04:46:34.203 I/shinhua ( 4112): desity: 1.0dpi: 160.0
02-13 04:46:34.203 I/org.doubango.imsdroid.Screens.ScreenXYZsignin( 4112): william oncreate screen login here
02-13 04:46:34.203 E/BufferQueue( 2649): [ScreenshotClient] dequeueBuffer: can't dequeue multiple buffers without setting the buffer count
02-13 04:46:34.253 D/dalvikvm( 2649): GC_FOR_ALLOC freed 641K, 25% free 5659K/7524K, paused 35ms, total 35ms
02-13 04:46:34.263 D/        ( 2649): AccelSensor enable 1 ,usercount 1, handle 0 ,mEnabled 1
02-13 04:46:34.263 D/org.doubango.imsdroid.Main( 4112): onActivityResult(0,0)
02-13 04:46:34.283 V/PhoneStatusBar( 2734): setLightsOn(true)
02-13 04:46:34.303 E/BufferQueue( 2360): [org.doubango.imsdroid/org.doubango.imsdroid.Main] dequeueBuffer: can't dequeue multiple buffers without setting the buffer count
02-13 04:46:34.333 I/ActivityManager( 2649): Displayed org.doubango.imsdroid/.Main: +4s170ms
02-13 04:46:35.053 I/shinhua ( 4112): Login signin button was pressed.
02-13 04:46:35.063 I/shinhua ( 4112): shinhua oncreate screen login here
02-13 04:46:35.063 W/audio_hw_primary( 2363): card 0, port 0 device 0x2
02-13 04:46:35.063 W/audio_hw_primary( 2363): rate 44100, channel 2 period_size 0xc0
02-13 04:46:35.113 D/dalvikvm( 4112): GC_FOR_ALLOC freed 41K, 4% free 3711K/3840K, paused 13ms, total 13ms
02-13 04:46:35.113 I/dalvikvm-heap( 4112): Grow heap (frag case) to 4.263MB for 614416-byte allocation
02-13 04:46:35.133 D/dalvikvm( 4112): GC_FOR_ALLOC freed 178K, 7% free 4133K/4444K, paused 13ms, total 13ms
02-13 04:46:35.133 I/shinhua ( 4112): shinhua oncreate screen login here
02-13 04:46:36.383 I/shinhua ( 4112): shinhua editTextUsername = james1 editTextUsername = 0000
02-13 04:46:36.403 I/org.doubango.imsdroid.Screens.ScreenXYZLogin( 4112): Username = james1 Password = 0000
02-13 04:46:36.423 I/william ( 4112): Name= james1 Pass = 0000
02-13 04:46:36.623 D/dalvikvm( 4112): GC_FOR_ALLOC freed 242K, 7% free 4423K/4724K, paused 16ms, total 16ms
02-13 04:46:36.643 I/william ( 4112): [SettingsDialog] Connected to 61.222.245.149
02-13 04:46:36.663 I/william ( 4112): Logged in as james1@james-pc/Smack
02-13 04:46:36.663 I/org.doubango.imsdroid.Screens.ScreenXYZLogin( 4112): james1 Loggin successful
02-13 04:46:36.663 D/org.doubango.ngn.services.impl.NgnSipService( 4112): register()
02-13 04:46:36.663 D/org.doubango.ngn.services.impl.NgnSipService( 4112): realm='sip:doubango.org', impu='sip:james1@61.222.245.149', impi='james1'
02-13 04:46:36.673 D/org.doubango.ngn.services.impl.NgnSipService( 4112): STUN2 - server=stun.l.google.com and port=19302
02-13 04:46:36.673 D/org.doubango.ngn.services.impl.NgnSipService( 4112): pcscf-host='61.222.245.149', pcscf-port='20060', transport='udp', ipversion='ipv4'
02-13 04:46:36.683 D/org.doubango.ngn.services.impl.NgnNetworkService( 4112): ::1%1
02-13 04:46:36.683 D/org.doubango.ngn.services.impl.NgnNetworkService( 4112): 127.0.0.1
02-13 04:46:36.683 I/org.doubango.ngn.services.impl.NgnNetworkService( 4112): interface=tunl0 is not up
02-13 04:46:36.683 I/org.doubango.ngn.services.impl.NgnNetworkService( 4112): interface=sit0 is not up
02-13 04:46:36.683 I/org.doubango.ngn.services.impl.NgnNetworkService( 4112): interface=ip6tnl0 is not up
02-13 04:46:36.693 D/dalvikvm( 4112): GC_FOR_ALLOC freed 479K, 13% free 4450K/5112K, paused 15ms, total 15ms
02-13 04:46:36.703 D/org.doubango.ngn.services.impl.NgnNetworkService( 4112): fe80::280:92ff:fe4d:eade%wlan0
02-13 04:46:36.703 D/org.doubango.ngn.services.impl.NgnNetworkService( 4112): 192.168.0.120
02-13 04:46:36.703 D/org.doubango.ngn.services.impl.NgnSipService( 4112): Local IP='192.168.0.120'
02-13 04:46:36.703 D/org.doubango.ngn.services.impl.NgnSipService( 4112): TLS - pvk='null' pbk='null' ca='null' verify=false
02-13 04:46:36.703 D/org.doubango.ngn.services.impl.NgnNetworkService( 4112): acquireNetworkLock()
02-13 04:46:36.703 D/org.doubango.ngn.services.impl.NgnNetworkService( 4112): netType=1 and netSubType=0
02-13 04:46:36.703 D/org.doubango.ngn.services.impl.NgnSipService( 4112): Stack started
02-13 04:46:36.713 D/org.doubango.ngn.services.impl.NgnSipService( 4112): OnDialogEvent (Dialog connecting,1)
02-13 04:46:36.713 D/org.doubango.ngn.services.impl.NgnSipService( 4112): OnDialogEvent ((un)REGISTER request successfully sent.,1)
02-13 04:46:36.713 D/org.doubango.imsdroid.Engine( 4112): showAppNotif
02-13 04:46:36.723 I/william ( 4112): enter broadcase
02-13 04:46:36.723 I/org.doubango.imsdroid.Screens.ScreenXYZLogin( 4112): Show main view here
02-13 04:46:39.493 I/shinhua ( 4112): GameView Constructor
02-13 04:46:39.503 D/dalvikvm( 4112): GC_FOR_ALLOC freed 228K, 7% free 4764K/5112K, paused 17ms, total 17ms
02-13 04:46:39.513 I/shinhua ( 4112): ArcMenu(Context context ,  AttributeSet attrs)
02-13 04:46:39.523 I/shinhua ( 4112): ArcLayout(Context context, AttributeSet attrs)
02-13 04:46:39.523 I/shinhua ( 4112): newCdhildSize: 44
02-13 04:46:39.563 D/dalvikvm( 4112): GC_FOR_ALLOC freed 62K, 5% free 5200K/5472K, paused 16ms, total 16ms
02-13 04:46:39.593 I/shinhua ( 4112): params width 133params height133
02-13 04:46:39.603 I/william ( 4112): change map to 0
02-13 04:46:39.603 I/ble     ( 4112): board name is SABRESD-MX6DQ
02-13 04:46:39.603 I/org.doubango.imsdroid.Screens.ScreenDirection( 4112): support BT 4.0
02-13 04:46:39.603 I/william ( 4112): Enter BLEDeviceScanActivity
02-13 04:46:39.603 D/BluetoothManagerService( 2649): Message: 20
02-13 04:46:39.603 D/BluetoothManagerService( 2649): Added callback: android.bluetooth.IBluetoothManagerCallback$Stub$Proxy@41ba26c8:true
02-13 04:46:39.603 D/BluetoothAdapter( 4112): startLeScan(): null
02-13 04:46:39.603 D/BtGatt.GattService( 2985): registerClient() - UUID=edafb220-a193-418b-a9b3-b9d63d8c5f2d
02-13 04:46:39.603 D/BtGatt.btif( 2985): btif_gattc_register_app
02-13 04:46:39.603 D/BtGatt.btif( 2985): btgattc_handle_event: Event 1000
02-13 04:46:39.603 D/BtGatt.btif( 2985): btif_gattc_upstreams_evt: Event 0
02-13 04:46:39.603 D/BtGatt.GattService( 2985): onClientRegistered() - UUID=edafb220-a193-418b-a9b3-b9d63d8c5f2d, clientIf=4
02-13 04:46:39.603 D/BluetoothAdapter( 4112): onClientRegistered() - status=0 clientIf=4
02-13 04:46:39.603 D/BtGatt.GattService( 2985): startScan() - queue=0
02-13 04:46:39.603 D/BtGatt.GattService( 2985): startScan() - adding client=4
02-13 04:46:39.613 D/BtGatt.btif( 2985): btif_gattc_scan
02-13 04:46:39.613 D/BtGatt.btif( 2985): btgattc_handle_event: Event 1002
02-13 04:46:39.613 I/ble     ( 4112): scanLeDeviceStart = true
02-13 04:46:39.613 D/BluetoothAdapter( 4112): startLeScan(): null
02-13 04:46:39.613 E/BluetoothAdapter( 4112): LE Scan has already started
02-13 04:46:39.613 I/william ( 4112):  BLE connect = false
02-13 04:46:39.613 I/ble     ( 4112): scanLeDeviceStart = false
02-13 04:46:39.613 D/BluetoothAdapter( 4112): stopLeScan()
02-13 04:46:39.613 D/BtGatt.GattService( 2985): stopScan() - queue=1
02-13 04:46:39.613 D/BtGatt.GattService( 2985): stopScan() - queue empty; stopping scan
02-13 04:46:39.613 D/BtGatt.btif( 2985): btif_gattc_scan
02-13 04:46:39.613 D/BtGatt.btif( 2985): btgattc_handle_event: Event 1003
02-13 04:46:39.613 D/BtGatt.GattService( 2985): unregisterClient() - clientIf=4
02-13 04:46:39.613 D/BtGatt.btif( 2985): btif_gattc_unregister_app
02-13 04:46:39.613 D/BtGatt.btif( 2985): btgattc_handle_event: Event 1001
02-13 04:46:39.613 D/BtGatt.btif( 2985): btif_gattc_upstreams_evt: Event 1
02-13 04:46:39.613 I/shinhua ( 4112): GameView Constructor
02-13 04:46:39.623 I/shinhua ( 4112): ArcMenu(Context context ,  AttributeSet attrs)
02-13 04:46:39.623 I/shinhua ( 4112): ArcLayout(Context context, AttributeSet attrs)
02-13 04:46:39.623 I/shinhua ( 4112): newCdhildSize: 44
02-13 04:46:39.663 D/dalvikvm( 4112): GC_FOR_ALLOC freed 167K, 4% free 5821K/6060K, paused 18ms, total 18ms
02-13 04:46:39.673 I/shinhua ( 4112): params width 133params height133
02-13 04:46:39.673 I/william ( 4112): change map to 0
02-13 04:46:39.703 I/ble     ( 4112): board name is SABRESD-MX6DQ
02-13 04:46:39.703 I/org.doubango.imsdroid.Screens.ScreenDirection( 4112): support BT 4.0
02-13 04:46:39.703 I/william ( 4112): Enter BLEDeviceScanActivity
02-13 04:46:39.703 D/BluetoothAdapter( 4112): startLeScan(): null
02-13 04:46:39.703 D/BtGatt.GattService( 2985): registerClient() - UUID=80c25fae-2a7e-412f-ad6f-77661318a81d
02-13 04:46:39.703 D/BtGatt.btif( 2985): btif_gattc_register_app
02-13 04:46:39.703 D/BtGatt.btif( 2985): btgattc_handle_event: Event 1000
02-13 04:46:39.703 D/BtGatt.btif( 2985): btif_gattc_upstreams_evt: Event 0
02-13 04:46:39.703 D/BtGatt.GattService( 2985): onClientRegistered() - UUID=80c25fae-2a7e-412f-ad6f-77661318a81d, clientIf=4
02-13 04:46:39.703 D/BluetoothAdapter( 4112): onClientRegistered() - status=0 clientIf=4
02-13 04:46:39.703 D/BtGatt.GattService( 2985): startScan() - queue=0
02-13 04:46:39.703 D/BtGatt.GattService( 2985): startScan() - adding client=4
02-13 04:46:39.703 D/BtGatt.btif( 2985): btif_gattc_scan
02-13 04:46:39.703 D/BtGatt.btif( 2985): btgattc_handle_event: Event 1002
02-13 04:46:39.703 I/ble     ( 4112): scanLeDeviceStart = true
02-13 04:46:39.703 D/BluetoothAdapter( 4112): startLeScan(): null
02-13 04:46:39.703 E/BluetoothAdapter( 4112): LE Scan has already started
02-13 04:46:39.703 I/william ( 4112):  BLE connect = false
02-13 04:46:39.713 I/shinhua ( 4112): ArcLayout onMeasure(int widthMeasureSpec, int heightMeasureSpec)
02-13 04:46:39.713 I/shinhua ( 4112): onMeasure size: 225
02-13 04:46:39.713 I/shinhua ( 4112): ArcLayout onMeasure(int widthMeasureSpec, int heightMeasureSpec)
02-13 04:46:39.713 I/shinhua ( 4112): onMeasure size: 225
02-13 04:46:39.713 I/shinhua ( 4112): ArcLayout onMeasure(int widthMeasureSpec, int heightMeasureSpec)
02-13 04:46:39.713 I/shinhua ( 4112): onMeasure size: 225
02-13 04:46:39.713 I/shinhua ( 4112): ArcLayout onMeasure(int widthMeasureSpec, int heightMeasureSpec)
02-13 04:46:39.713 I/shinhua ( 4112): onMeasure size: 225
02-13 04:46:39.723 I/shinhua ( 4112): ArcLayout onMeasure(int widthMeasureSpec, int heightMeasureSpec)
02-13 04:46:39.723 I/shinhua ( 4112): onMeasure size: 225
02-13 04:46:39.723 I/shinhua ( 4112): ArcLayout onMeasure(int widthMeasureSpec, int heightMeasureSpec)
02-13 04:46:39.723 I/shinhua ( 4112): onMeasure size: 225
02-13 04:46:39.723 I/shinhua ( 4112): ArcLayout onMeasure(int widthMeasureSpec, int heightMeasureSpec)
02-13 04:46:39.723 I/shinhua ( 4112): onMeasure size: 225
02-13 04:46:39.723 I/shinhua ( 4112): ArcLayout onMeasure(int widthMeasureSpec, int heightMeasureSpec)
02-13 04:46:39.723 I/shinhua ( 4112): onMeasure size: 225
02-13 04:46:39.723 I/shinhua ( 4112): ArcLayout onLayout(boolean changed, int l, int t, int r, int b)
02-13 04:46:39.723 I/shinhua ( 4112): centerX: 112 centerY: 112 gw: 225 gh: 225
02-13 04:46:39.743 I/jamesdebug( 4112): Draw target = 9 , 8
02-13 04:46:39.743 I/william ( 4112): drawcircleflag = false
02-13 04:46:41.403 I/jamesdebug( 4112): source =1 1 1 1
02-13 04:46:42.413 I/william ( 4112): Robot start running555
02-13 04:46:42.413 I/william ( 4112): Robot start running666
02-13 04:46:42.413 I/william ( 4112): Robot start running
02-13 04:46:42.413 I/william ( 4112): Robot start running222
02-13 04:46:42.443 I/jamesdebug( 4112): Draw target = 9 , 8
02-13 04:46:42.443 I/william ( 4112): drawcircleflag = true
02-13 04:46:42.443 I/william ( 4112): Draw Circle X , Y ( 6 3 )
02-13 04:46:42.483 I/jamesdebug( 4112): Draw target = 9 , 8
02-13 04:46:42.483 I/william ( 4112): drawcircleflag = true
02-13 04:46:42.483 I/william ( 4112): Draw Circle X , Y ( 6 3 )
02-13 04:46:44.373 W/audio_hw_primary( 2363): do_out_standby... 1074145152
02-13 04:46:44.603 I/shinhua1( 4112): level -50
02-13 04:46:44.673 I/shinhua1( 4112): level -50
02-13 04:46:45.603 I/william ( 4112):  BLE connect = false
02-13 04:46:45.603 I/shinhua1( 4112): connectStatus BLE disconnected
02-13 04:46:46.603 I/william ( 4112):  BLE connect = false
02-13 04:46:46.603 I/shinhua1( 4112): connectStatus BLE disconnected
02-13 04:46:49.603 I/shinhua1( 4112): level -50
02-13 04:46:49.603 D/BluetoothAdapter( 4112): stopLeScan()
02-13 04:46:49.603 D/BtGatt.GattService( 2985): stopScan() - queue=1
02-13 04:46:49.603 D/BtGatt.GattService( 2985): stopScan() - queue empty; stopping scan
02-13 04:46:49.603 D/BtGatt.btif( 2985): btif_gattc_scan
02-13 04:46:49.603 D/BtGatt.btif( 2985): btgattc_handle_event: Event 1003
02-13 04:46:49.603 D/BtGatt.GattService( 2985): unregisterClient() - clientIf=4
02-13 04:46:49.613 D/BtGatt.btif( 2985): btif_gattc_unregister_app
02-13 04:46:49.613 D/BtGatt.btif( 2985): btgattc_handle_event: Event 1001
02-13 04:46:49.613 D/BtGatt.btif( 2985): btif_gattc_upstreams_evt: Event 1
02-13 04:46:49.673 I/shinhua1( 4112): level -50
02-13 04:46:49.703 D/BluetoothAdapter( 4112): stopLeScan()
02-13 04:46:54.603 I/shinhua1( 4112): level -51
02-13 04:46:54.673 I/shinhua1( 4112): level -51
02-13 04:46:59.603 I/shinhua1( 4112): level -51
02-13 04:46:59.673 I/shinhua1( 4112): level -51
02-13 04:47:04.603 I/shinhua1( 4112): level -52
02-13 04:47:04.673 I/shinhua1( 4112): level -52
02-13 04:47:08.713 D/org.doubango.ngn.services.impl.NgnSipService( 4112): OnDialogEvent (Transport error.,1)
02-13 04:47:08.713 D/org.doubango.ngn.services.impl.NgnSipService( 4112): OnDialogEvent (Dialog terminated,1)
02-13 04:47:08.713 D/org.doubango.imsdroid.Engine( 4112): showAppNotif
02-13 04:47:08.713 D/org.doubango.ngn.services.impl.NgnNetworkService( 4112): releaseNetworkLock()
02-13 04:47:08.723 D/org.doubango.ngn.services.impl.NgnSipService( 4112): Stack stopped
02-13 04:47:08.733 I/william ( 4112): enter broadcase
02-13 04:47:08.733 I/org.doubango.imsdroid.Screens.ScreenXYZLogin( 4112): Show main view here
02-13 04:47:09.603 I/shinhua1( 4112): level -52
02-13 04:47:09.673 I/shinhua1( 4112): level -52
02-13 04:47:14.603 I/shinhua1( 4112): level -51
02-13 04:47:14.673 I/shinhua1( 4112): level -51
02-13 04:47:16.333 I/ble     ( 4112): scanLeDeviceStart = false
02-13 04:47:16.333 D/BluetoothAdapter( 4112): stopLeScan()
02-13 04:47:16.343 I/shinhua ( 4112): GameView Constructor
02-13 04:47:16.343 W/audio_hw_primary( 2363): card 0, port 0 device 0x2
02-13 04:47:16.343 W/audio_hw_primary( 2363): rate 44100, channel 2 period_size 0xc0
02-13 04:47:16.343 I/shinhua ( 4112): ArcMenu(Context context ,  AttributeSet attrs)
02-13 04:47:16.343 I/shinhua ( 4112): ArcLayout(Context context, AttributeSet attrs)
02-13 04:47:16.353 I/shinhua ( 4112): newCdhildSize: 44
02-13 04:47:16.373 I/shinhua ( 4112): params width 133params height133
02-13 04:47:16.383 I/william ( 4112): change map to 0
02-13 04:47:16.413 I/ble     ( 4112): board name is SABRESD-MX6DQ
02-13 04:47:16.413 I/org.doubango.imsdroid.Screens.ScreenDirection( 4112): support BT 4.0
02-13 04:47:16.413 I/william ( 4112): Enter BLEDeviceScanActivity
02-13 04:47:16.413 D/BluetoothAdapter( 4112): startLeScan(): null
02-13 04:47:16.413 D/BtGatt.GattService( 2985): registerClient() - UUID=d9d199c2-2edc-43bc-8087-495037f434d5
02-13 04:47:16.413 D/BtGatt.btif( 2985): btif_gattc_register_app
02-13 04:47:16.413 D/BtGatt.btif( 2985): btgattc_handle_event: Event 1000
02-13 04:47:16.413 D/BtGatt.btif( 2985): btif_gattc_upstreams_evt: Event 0
02-13 04:47:16.413 D/BtGatt.GattService( 2985): onClientRegistered() - UUID=d9d199c2-2edc-43bc-8087-495037f434d5, clientIf=4
02-13 04:47:16.413 D/BluetoothAdapter( 4112): onClientRegistered() - status=0 clientIf=4
02-13 04:47:16.413 D/BtGatt.GattService( 2985): startScan() - queue=0
02-13 04:47:16.413 D/BtGatt.GattService( 2985): startScan() - adding client=4
02-13 04:47:16.413 D/BtGatt.btif( 2985): btif_gattc_scan
02-13 04:47:16.413 D/BtGatt.btif( 2985): btgattc_handle_event: Event 1002
02-13 04:47:16.413 I/ble     ( 4112): scanLeDeviceStart = true
02-13 04:47:16.413 D/BluetoothAdapter( 4112): startLeScan(): null
02-13 04:47:16.413 E/BluetoothAdapter( 4112): LE Scan has already started
02-13 04:47:16.413 I/william ( 4112):  BLE connect = false
02-13 04:47:16.413 I/ble     ( 4112): scanLeDeviceStart = false
02-13 04:47:16.413 D/BluetoothAdapter( 4112): stopLeScan()
02-13 04:47:16.413 D/BtGatt.GattService( 2985): stopScan() - queue=1
02-13 04:47:16.413 D/BtGatt.GattService( 2985): stopScan() - queue empty; stopping scan
02-13 04:47:16.413 D/BtGatt.btif( 2985): btif_gattc_scan
02-13 04:47:16.413 D/BtGatt.btif( 2985): btgattc_handle_event: Event 1003
02-13 04:47:16.413 D/BtGatt.GattService( 2985): unregisterClient() - clientIf=4
02-13 04:47:16.413 D/BtGatt.btif( 2985): btif_gattc_unregister_app
02-13 04:47:16.413 D/BtGatt.btif( 2985): btgattc_handle_event: Event 1001
02-13 04:47:16.413 D/BtGatt.btif( 2985): btif_gattc_upstreams_evt: Event 1
02-13 04:47:16.423 I/shinhua ( 4112): GameView Constructor
02-13 04:47:16.433 I/shinhua ( 4112): ArcMenu(Context context ,  AttributeSet attrs)
02-13 04:47:16.433 I/shinhua ( 4112): ArcLayout(Context context, AttributeSet attrs)
02-13 04:47:16.433 I/shinhua ( 4112): newCdhildSize: 44
02-13 04:47:16.473 D/dalvikvm( 4112): GC_FOR_ALLOC freed 448K, 8% free 6476K/6980K, paused 20ms, total 21ms
02-13 04:47:16.483 I/shinhua ( 4112): params width 133params height133
02-13 04:47:16.483 I/william ( 4112): change map to 0
02-13 04:47:16.513 I/ble     ( 4112): board name is SABRESD-MX6DQ
02-13 04:47:16.513 I/org.doubango.imsdroid.Screens.ScreenDirection( 4112): support BT 4.0
02-13 04:47:16.513 I/william ( 4112): Enter BLEDeviceScanActivity
02-13 04:47:16.513 D/BluetoothAdapter( 4112): startLeScan(): null
02-13 04:47:16.523 D/BtGatt.GattService( 2985): registerClient() - UUID=e6fd13a5-2517-44c0-aed6-1ea3111ece10
02-13 04:47:16.523 D/BtGatt.btif( 2985): btif_gattc_register_app
02-13 04:47:16.523 D/BtGatt.btif( 2985): btgattc_handle_event: Event 1000
02-13 04:47:16.523 D/BtGatt.btif( 2985): btif_gattc_upstreams_evt: Event 0
02-13 04:47:16.523 D/BtGatt.GattService( 2985): onClientRegistered() - UUID=e6fd13a5-2517-44c0-aed6-1ea3111ece10, clientIf=4
02-13 04:47:16.523 D/BluetoothAdapter( 4112): onClientRegistered() - status=0 clientIf=4
02-13 04:47:16.523 D/BtGatt.GattService( 2985): startScan() - queue=0
02-13 04:47:16.523 D/BtGatt.GattService( 2985): startScan() - adding client=4
02-13 04:47:16.523 D/BtGatt.btif( 2985): btif_gattc_scan
02-13 04:47:16.523 D/BtGatt.btif( 2985): btgattc_handle_event: Event 1002
02-13 04:47:16.523 I/ble     ( 4112): scanLeDeviceStart = true
02-13 04:47:16.523 D/BluetoothAdapter( 4112): startLeScan(): null
02-13 04:47:16.523 E/BluetoothAdapter( 4112): LE Scan has already started
02-13 04:47:16.523 I/william ( 4112):  BLE connect = false
02-13 04:47:16.523 I/shinhua ( 4112): ArcLayout onMeasure(int widthMeasureSpec, int heightMeasureSpec)
02-13 04:47:16.523 I/shinhua ( 4112): onMeasure size: 225
02-13 04:47:16.523 I/shinhua ( 4112): ArcLayout onMeasure(int widthMeasureSpec, int heightMeasureSpec)
02-13 04:47:16.523 I/shinhua ( 4112): onMeasure size: 225
02-13 04:47:16.523 I/shinhua ( 4112): ArcLayout onMeasure(int widthMeasureSpec, int heightMeasureSpec)
02-13 04:47:16.523 I/shinhua ( 4112): onMeasure size: 225
02-13 04:47:16.523 I/shinhua ( 4112): ArcLayout onMeasure(int widthMeasureSpec, int heightMeasureSpec)
02-13 04:47:16.523 I/shinhua ( 4112): onMeasure size: 225
02-13 04:47:16.533 I/shinhua ( 4112): ArcLayout onMeasure(int widthMeasureSpec, int heightMeasureSpec)
02-13 04:47:16.533 I/shinhua ( 4112): onMeasure size: 225
02-13 04:47:16.533 I/shinhua ( 4112): ArcLayout onMeasure(int widthMeasureSpec, int heightMeasureSpec)
02-13 04:47:16.533 I/shinhua ( 4112): onMeasure size: 225
02-13 04:47:16.533 I/shinhua ( 4112): ArcLayout onMeasure(int widthMeasureSpec, int heightMeasureSpec)
02-13 04:47:16.533 I/shinhua ( 4112): onMeasure size: 225
02-13 04:47:16.533 I/shinhua ( 4112): ArcLayout onMeasure(int widthMeasureSpec, int heightMeasureSpec)
02-13 04:47:16.533 I/shinhua ( 4112): onMeasure size: 225
02-13 04:47:16.533 I/shinhua ( 4112): ArcLayout onLayout(boolean changed, int l, int t, int r, int b)
02-13 04:47:16.533 I/shinhua ( 4112): centerX: 112 centerY: 112 gw: 225 gh: 225
02-13 04:47:17.583 I/jamesdebug( 4112): source =1 1 1 1
02-13 04:47:18.603 I/william ( 4112): Robot start running555
02-13 04:47:18.603 I/william ( 4112): Robot start running666
02-13 04:47:18.603 I/william ( 4112): Robot start running
02-13 04:47:18.613 I/william ( 4112): Robot start running222
02-13 04:47:18.643 I/jamesdebug( 4112): Draw target = 9 , 8
02-13 04:47:18.643 I/william ( 4112): drawcircleflag = true
02-13 04:47:18.643 I/william ( 4112): Draw Circle X , Y ( 6 3 )
02-13 04:47:19.603 I/shinhua1( 4112): level -52
02-13 04:47:19.673 I/shinhua1( 4112): level -52
02-13 04:47:20.563 W/audio_hw_primary( 2363): do_out_standby... 1074145152
02-13 04:47:21.383 I/shinhua1( 4112): level -52
02-13 04:47:21.483 I/shinhua1( 4112): level -52
02-13 04:47:22.383 I/william ( 4112):  BLE connect = false
02-13 04:47:22.383 I/shinhua1( 4112): connectStatus BLE disconnected
02-13 04:47:23.383 I/william ( 4112):  BLE connect = false
02-13 04:47:23.383 I/shinhua1( 4112): connectStatus BLE disconnected
02-13 04:47:24.603 I/shinhua1( 4112): level -51
02-13 04:47:24.673 I/shinhua1( 4112): level -51
02-13 04:47:26.383 I/shinhua1( 4112): level -51
02-13 04:47:26.413 D/BluetoothAdapter( 4112): stopLeScan()
02-13 04:47:26.413 D/BtGatt.GattService( 2985): stopScan() - queue=1
02-13 04:47:26.413 D/BtGatt.GattService( 2985): stopScan() - queue empty; stopping scan
02-13 04:47:26.413 D/BtGatt.btif( 2985): btif_gattc_scan
02-13 04:47:26.413 D/BtGatt.btif( 2985): btgattc_handle_event: Event 1003
02-13 04:47:26.413 D/BtGatt.GattService( 2985): unregisterClient() - clientIf=4
02-13 04:47:26.413 D/BtGatt.btif( 2985): btif_gattc_unregister_app
02-13 04:47:26.413 D/BtGatt.btif( 2985): btgattc_handle_event: Event 1001
02-13 04:47:26.413 D/BtGatt.btif( 2985): btif_gattc_upstreams_evt: Event 1
02-13 04:47:26.483 I/shinhua1( 4112): level -51
02-13 04:47:26.513 D/BluetoothAdapter( 4112): stopLeScan()
02-13 04:47:29.603 I/shinhua1( 4112): level -50
02-13 04:47:29.673 I/shinhua1( 4112): level -50
02-13 04:47:31.383 I/shinhua1( 4112): level -50
02-13 04:47:31.483 I/shinhua1( 4112): level -50
02-13 04:47:34.603 I/shinhua1( 4112): level -50
02-13 04:47:34.673 I/shinhua1( 4112): level -50
02-13 04:47:36.383 I/shinhua1( 4112): level -48
02-13 04:47:36.483 I/shinhua1( 4112): level -48
02-13 04:47:39.603 I/shinhua1( 4112): level -48
02-13 04:47:39.673 I/shinhua1( 4112): level -48
02-13 04:47:41.383 I/shinhua1( 4112): level -48
02-13 04:47:41.483 I/shinhua1( 4112): level -48
02-13 04:47:44.603 I/shinhua1( 4112): level -50
02-13 04:47:44.673 I/shinhua1( 4112): level -50
02-13 04:47:46.383 I/shinhua1( 4112): level -50
02-13 04:47:46.483 I/shinhua1( 4112): level -50
02-13 04:47:49.603 I/shinhua1( 4112): level -51
02-13 04:47:49.673 I/shinhua1( 4112): level -51
02-13 04:47:51.383 I/shinhua1( 4112): level -51
02-13 04:47:51.483 I/shinhua1( 4112): level -51
02-13 04:47:54.603 I/shinhua1( 4112): level -52
02-13 04:47:54.673 I/shinhua1( 4112): level -52
02-13 04:47:56.383 I/shinhua1( 4112): level -52
02-13 04:47:56.483 I/shinhua1( 4112): level -52
02-13 04:47:59.603 I/shinhua1( 4112): level -53
02-13 04:47:59.673 I/shinhua1( 4112): level -53
02-13 04:48:01.383 I/shinhua1( 4112): level -53
02-13 04:48:01.483 I/shinhua1( 4112): level -53
02-13 04:48:04.603 I/shinhua1( 4112): level -53
02-13 04:48:04.673 I/shinhua1( 4112): level -53
02-13 04:48:06.383 I/shinhua1( 4112): level -50
02-13 04:48:06.483 I/shinhua1( 4112): level -50
02-13 04:48:09.603 I/shinhua1( 4112): level -49
02-13 04:48:09.673 I/shinhua1( 4112): level -49
02-13 04:48:11.383 I/shinhua1( 4112): level -49
02-13 04:48:11.483 I/shinhua1( 4112): level -49
02-13 04:48:14.603 I/shinhua1( 4112): level -49
02-13 04:48:14.673 I/shinhua1( 4112): level -49
02-13 04:48:16.383 I/shinhua1( 4112): level -49
02-13 04:48:16.483 I/shinhua1( 4112): level -49
02-13 04:48:19.603 I/shinhua1( 4112): level -49
02-13 04:48:19.673 I/shinhua1( 4112): level -49
02-13 04:48:21.383 I/shinhua1( 4112): level -49
02-13 04:48:21.483 I/shinhua1( 4112): level -49
02-13 04:48:24.603 I/shinhua1( 4112): level -50
02-13 04:48:24.673 I/shinhua1( 4112): level -50
02-13 04:48:26.383 I/shinhua1( 4112): level -50
02-13 04:48:26.483 I/shinhua1( 4112): level -50
02-13 04:48:29.603 I/shinhua1( 4112): level -52
02-13 04:48:29.673 I/shinhua1( 4112): level -53
02-13 04:48:31.383 I/shinhua1( 4112): level -53
02-13 04:48:31.483 I/shinhua1( 4112): level -53
02-13 04:48:34.603 I/shinhua1( 4112): level -53
02-13 04:48:34.673 I/shinhua1( 4112): level -53
02-13 04:48:36.383 I/shinhua1( 4112): level -51
02-13 04:48:36.483 I/shinhua1( 4112): level -51
02-13 04:48:39.603 I/shinhua1( 4112): level -53
02-13 04:48:39.673 I/shinhua1( 4112): level -53
02-13 04:48:41.383 I/shinhua1( 4112): level -53
02-13 04:48:41.483 I/shinhua1( 4112): level -53
02-13 04:48:44.603 I/shinhua1( 4112): level -54
02-13 04:48:44.673 I/shinhua1( 4112): level -56
02-13 04:48:46.383 I/shinhua1( 4112): level -56
02-13 04:48:46.483 I/shinhua1( 4112): level -56
02-13 04:48:49.603 I/shinhua1( 4112): level -59
02-13 04:48:49.673 I/shinhua1( 4112): level -59
02-13 04:48:51.383 I/shinhua1( 4112): level -59
02-13 04:48:51.483 I/shinhua1( 4112): level -59
02-13 04:48:54.603 I/shinhua1( 4112): level -58
02-13 04:48:54.673 I/shinhua1( 4112): level -58
02-13 04:48:56.383 I/shinhua1( 4112): level -58
02-13 04:48:56.483 I/shinhua1( 4112): level -58
02-13 04:48:59.603 I/shinhua1( 4112): level -57
02-13 04:48:59.673 I/shinhua1( 4112): level -57
02-13 04:49:01.383 I/shinhua1( 4112): level -57
02-13 04:49:01.483 I/shinhua1( 4112): level -57
02-13 04:49:04.603 I/shinhua1( 4112): level -57
02-13 04:49:04.673 I/shinhua1( 4112): level -57
02-13 04:49:06.383 I/shinhua1( 4112): level -57
02-13 04:49:06.483 I/shinhua1( 4112): level -57
02-13 04:49:09.603 I/shinhua1( 4112): level -56
02-13 04:49:09.673 I/shinhua1( 4112): level -56
02-13 04:49:11.383 I/shinhua1( 4112): level -56
02-13 04:49:11.483 I/shinhua1( 4112): level -56
02-13 04:49:14.603 I/shinhua1( 4112): level -62
02-13 04:49:14.673 I/shinhua1( 4112): level -62
02-13 04:49:16.383 I/shinhua1( 4112): level -60
02-13 04:49:16.483 I/shinhua1( 4112): level -60
02-13 04:49:19.603 I/shinhua1( 4112): level -55
02-13 04:49:19.673 I/shinhua1( 4112): level -55
02-13 04:49:21.383 I/shinhua1( 4112): level -54
02-13 04:49:21.483 I/shinhua1( 4112): level -54
02-13 04:49:24.393 E/GpsXtraDownloader( 2649): No XTRA servers were specified in the GPS configuration
02-13 04:49:24.603 I/shinhua1( 4112): level -55
02-13 04:49:24.673 I/shinhua1( 4112): level -55
02-13 04:49:26.383 I/shinhua1( 4112): level -55
02-13 04:49:26.483 I/shinhua1( 4112): level -55
02-13 04:49:29.603 I/shinhua1( 4112): level -57
02-13 04:49:29.673 I/shinhua1( 4112): level -57
02-13 04:49:31.383 I/shinhua1( 4112): level -55
02-13 04:49:31.483 I/shinhua1( 4112): level -55
02-13 04:49:34.603 I/shinhua1( 4112): level -56
02-13 04:49:34.673 I/shinhua1( 4112): level -56
02-13 04:49:36.383 I/shinhua1( 4112): level -55
02-13 04:49:36.483 I/shinhua1( 4112): level -55
02-13 04:49:39.603 I/shinhua1( 4112): level -52
02-13 04:49:39.673 I/shinhua1( 4112): level -52
02-13 04:49:41.383 I/shinhua1( 4112): level -52
02-13 04:49:41.483 I/shinhua1( 4112): level -52
02-13 04:49:44.603 I/shinhua1( 4112): level -49
02-13 04:49:44.673 I/shinhua1( 4112): level -49
02-13 04:49:46.383 I/shinhua1( 4112): level -50
02-13 04:49:46.483 I/shinhua1( 4112): level -50
02-13 04:49:49.603 I/shinhua1( 4112): level -51
02-13 04:49:49.673 I/shinhua1( 4112): level -51
02-13 04:49:51.383 I/shinhua1( 4112): level -52
02-13 04:49:51.483 I/shinhua1( 4112): level -52
02-13 04:49:51.853 D/dalvikvm( 2734): GC_FOR_ALLOC freed 372K, 57% free 4995K/11524K, paused 38ms, total 42ms
02-13 04:49:54.603 I/shinhua1( 4112): level -56
02-13 04:49:54.673 I/shinhua1( 4112): level -56
02-13 04:49:56.383 I/shinhua1( 4112): level -56
02-13 04:49:56.483 I/shinhua1( 4112): level -56
02-13 04:49:59.603 I/shinhua1( 4112): level -56
02-13 04:49:59.673 I/shinhua1( 4112): level -56
02-13 04:50:01.383 I/shinhua1( 4112): level -56
02-13 04:50:01.483 I/shinhua1( 4112): level -56
02-13 04:50:04.603 I/shinhua1( 4112): level -57
02-13 04:50:04.673 I/shinhua1( 4112): level -57
02-13 04:50:06.383 I/shinhua1( 4112): level -57
02-13 04:50:06.483 I/shinhua1( 4112): level -57
02-13 04:50:08.143 D/AndroidRuntime( 4175): 
02-13 04:50:08.143 D/AndroidRuntime( 4175): >>>>>> AndroidRuntime START com.android.internal.os.RuntimeInit <<<<<<
02-13 04:50:08.143 D/AndroidRuntime( 4175): CheckJNI is ON
02-13 04:50:08.143 I/AndroidRuntime( 4175): JNI options: '-Xjniopts:warnonly'
02-13 04:50:08.163 D/dalvikvm( 4175): Trying to load lib libjavacore.so 0x0
02-13 04:50:08.163 D/dalvikvm( 4175): Added shared lib libjavacore.so 0x0
02-13 04:50:08.173 D/dalvikvm( 4175): Trying to load lib libnativehelper.so 0x0
02-13 04:50:08.173 D/dalvikvm( 4175): Added shared lib libnativehelper.so 0x0
02-13 04:50:08.343 D/AndroidRuntime( 4175): Calling main entry com.android.commands.pm.Pm
02-13 04:50:08.353 W/ActivityManager( 2649): No content provider found for permission revoke: file:///data/local/tmp/UI.apk
02-13 04:50:08.493 W/ActivityManager( 2649): No content provider found for permission revoke: file:///data/local/tmp/UI.apk
02-13 04:50:08.493 I/PackageManager( 2649): Copying native libraries to /data/app-lib/vmdl1056771243
02-13 04:50:08.893 W/PackageParser( 2649): No actions in intent filter at /data/app/vmdl1056771243.tmp Binary XML file line #50
02-13 04:50:08.943 D/dalvikvm( 2649): GC_FOR_ALLOC freed 736K, 25% free 5711K/7524K, paused 34ms, total 34ms
02-13 04:50:09.043 D/dalvikvm( 2649): GC_FOR_ALLOC freed 532K, 21% free 5979K/7524K, paused 35ms, total 35ms
02-13 04:50:09.123 D/dalvikvm( 2649): GC_FOR_ALLOC freed 850K, 21% free 5998K/7524K, paused 35ms, total 35ms
02-13 04:50:09.233 D/dalvikvm( 2649): GC_FOR_ALLOC freed 874K, 21% free 5997K/7524K, paused 48ms, total 48ms
02-13 04:50:09.323 D/dalvikvm( 2649): GC_FOR_ALLOC freed 864K, 21% free 6005K/7524K, paused 36ms, total 36ms
02-13 04:50:09.603 I/shinhua1( 4112): level -56
02-13 04:50:09.673 I/shinhua1( 4112): level -56
02-13 04:50:10.693 I/ActivityManager( 2649): Force stopping package org.doubango.imsdroid appid=10044 user=-1
02-13 04:50:10.693 I/ActivityManager( 2649): Killing proc 4112:org.doubango.imsdroid/u0a10044: force stop org.doubango.imsdroid
02-13 04:50:10.693 W/ActivityManager( 2649): Scheduling restart of crashed service org.doubango.imsdroid/.NativeService in 5000ms
02-13 04:50:10.693 W/ActivityManager( 2649): Force removing ActivityRecord{41b4ffd0 u0 org.doubango.imsdroid/.Main}: app died, no saved state
02-13 04:50:10.703 I/ActivityManager( 2649):   Force stopping service ServiceRecord{41cb66d8 u0 org.doubango.imsdroid/.NativeService}
02-13 04:50:10.713 I/WindowState( 2649): WIN DEATH: Window{41c61128 u0 org.doubango.imsdroid/org.doubango.imsdroid.Main}
02-13 04:50:13.363 D/        ( 2649): AccelSensor enable 0 ,usercount 0, handle 0 ,mEnabled 0
02-13 04:50:13.363 I/PackageManager( 2649): Package org.doubango.imsdroid codePath changed from /data/app/org.doubango.imsdroid-1.apk to /data/app/org.doubango.imsdroid-2.apk; Retaining data and using new
02-13 04:50:13.403 E/BufferQueue( 2360): [com.android.launcher/com.android.launcher2.Launcher] dequeueBuffer: can't dequeue multiple buffers without setting the buffer count
02-13 04:50:13.413 W/InputMethodManagerService( 2649): Got RemoteException sending setActive(false) notification to pid 4112 uid 10044
02-13 04:50:13.773 I/PackageManager( 2649): Running dexopt on: org.doubango.imsdroid
02-13 04:50:14.643 D/dalvikvm( 4186): DexOpt: load 71ms, verify+opt 599ms, 1834652 bytes
02-13 04:50:15.793 W/PackageManager( 2649): Code path for pkg : org.doubango.imsdroid changing from /data/app/org.doubango.imsdroid-1.apk to /data/app/org.doubango.imsdroid-2.apk
02-13 04:50:15.793 I/ActivityManager( 2649): Force stopping package org.doubango.imsdroid appid=10044 user=-1
02-13 04:50:15.793 W/PackageManager( 2649): Resource path for pkg : org.doubango.imsdroid changing from /data/app/org.doubango.imsdroid-1.apk to /data/app/org.doubango.imsdroid-2.apk
02-13 04:50:15.883 W/PackageManager( 2649): Unknown permission android.permission.RAISED_THREAD_PRIORITY in package org.doubango.imsdroid
02-13 04:50:16.123 I/ActivityManager( 2649): Force stopping package org.doubango.imsdroid appid=10044 user=0
02-13 04:50:16.143 D/dalvikvm( 2734): GC_EXPLICIT freed 392K, 60% free 4662K/11524K, paused 2ms+2ms, total 26ms
02-13 04:50:16.163 D/dalvikvm( 2863): GC_EXPLICIT freed 964K, 15% free 6204K/7232K, paused 2ms+5ms, total 33ms
02-13 04:50:16.163 D/dalvikvm( 2793): GC_EXPLICIT freed 154K, 12% free 2861K/3244K, paused 2ms+2ms, total 24ms
02-13 04:50:16.163 D/dalvikvm( 2649): GC_EXPLICIT freed 710K, 21% free 5987K/7524K, paused 2ms+8ms, total 48ms
02-13 04:50:16.183 I/InputReader( 2649): Reconfiguring input devices.  changes=0x00000010
02-13 04:50:16.183 D/BackupManagerService( 2649): Received broadcast Intent { act=android.intent.action.PACKAGE_REMOVED dat=package:org.doubango.imsdroid flg=0x8000010 (has extras) }
02-13 04:50:16.193 I/InputReader( 2649): Reconfiguring input devices.  changes=0x00000010
02-13 04:50:16.193 D/BackupManagerService( 2649): Received broadcast Intent { act=android.intent.action.PACKAGE_ADDED dat=package:org.doubango.imsdroid flg=0x8000010 (has extras) }
02-13 04:50:16.193 V/BackupManagerService( 2649): removePackageParticipantsLocked: uid=10044 #1
02-13 04:50:16.193 V/BackupManagerService( 2649): addPackageParticipantsLocked: #1
02-13 04:50:16.203 W/ContextImpl( 3458): Calling a method in the system process without a qualified user: android.app.ContextImpl.startService:1385 android.content.ContextWrapper.startService:473 android.content.ContextWrapper.startService:473 com.android.keychain.KeyChainBroadcastReceiver.onReceive:12 android.app.ActivityThread.handleReceiver:2424 
02-13 04:50:16.213 W/ResourceType( 2649): Failure getting entry for 0x7f060000 (t=5 e=0) in package 0 (error -75)
02-13 04:50:16.253 W/RecognitionManagerService( 2649): no available voice recognition services found for user 0
02-13 04:50:16.273 D/dalvikvm( 2649): GC_EXPLICIT freed 675K, 26% free 5605K/7524K, paused 3ms+5ms, total 71ms
02-13 04:50:16.293 D/AndroidRuntime( 4175): Shutting down VM
02-13 04:50:16.293 D/jdwp    ( 4175): Got wake-up signal, bailing out of select
02-13 04:50:16.293 D/dalvikvm( 4175): Debugger has detached; object registry had 1 entries
02-13 04:50:16.883 D/AndroidRuntime( 4196): 
02-13 04:50:16.883 D/AndroidRuntime( 4196): >>>>>> AndroidRuntime START com.android.internal.os.RuntimeInit <<<<<<
02-13 04:50:16.883 D/AndroidRuntime( 4196): CheckJNI is ON
02-13 04:50:16.883 I/AndroidRuntime( 4196): JNI options: '-Xjniopts:warnonly'
02-13 04:50:16.893 D/dalvikvm( 4196): Trying to load lib libjavacore.so 0x0
02-13 04:50:16.893 D/dalvikvm( 4196): Added shared lib libjavacore.so 0x0
02-13 04:50:16.903 D/dalvikvm( 4196): Trying to load lib libnativehelper.so 0x0
02-13 04:50:16.903 D/dalvikvm( 4196): Added shared lib libnativehelper.so 0x0
02-13 04:50:17.063 D/AndroidRuntime( 4196): Calling main entry com.android.commands.am.Am
02-13 04:50:17.063 D/dalvikvm( 4196): Note: class Landroid/app/ActivityManagerNative; has 163 unimplemented (abstract) methods
02-13 04:50:17.073 I/ActivityManager( 2649): START u0 {act=android.intent.action.MAIN cat=[android.intent.category.LAUNCHER] flg=0x10000000 cmp=org.doubango.imsdroid/.Main} from pid 4196
