02-13 04:32:30.783 D/dalvikvm( 3763): GC_FOR_ALLOC freed 42K, 4% free 3713K/3836K, paused 13ms, total 13ms
02-13 04:32:30.783 I/dalvikvm-heap( 3763): Grow heap (frag case) to 4.265MB for 614416-byte allocation
02-13 04:32:30.803 D/dalvikvm( 3763): GC_FOR_ALLOC freed 7K, 4% free 4306K/4440K, paused 14ms, total 14ms
02-13 04:32:30.823 I/shinhua ( 3763): shinhua oncreate screen login here
02-13 04:32:31.683 I/shinhua ( 3763): shinhua editTextUsername = james1 editTextUsername = 0000
02-13 04:32:31.793 I/org.doubango.imsdroid.Screens.ScreenXYZLogin( 3763): Username = james1 Password = 0000
02-13 04:32:31.963 I/william ( 3763): Name= james1 Pass = 0000
02-13 04:32:32.733 D/dalvikvm( 3763): GC_FOR_ALLOC freed 269K, 7% free 4621K/4952K, paused 15ms, total 15ms
02-13 04:32:32.753 I/william ( 3763): [SettingsDialog] Connected to 61.222.245.149
02-13 04:32:32.853 I/william ( 3763): Logged in as james1@james-pc/Smack
02-13 04:32:32.923 I/org.doubango.imsdroid.Screens.ScreenXYZLogin( 3763): james1 Loggin successful
02-13 04:32:32.923 D/org.doubango.ngn.services.impl.NgnSipService( 3763): register()
02-13 04:32:32.923 D/org.doubango.ngn.services.impl.NgnSipService( 3763): realm='sip:doubango.org', impu='sip:james1@61.222.245.149', impi='james1'
02-13 04:32:32.943 D/org.doubango.ngn.services.impl.NgnSipService( 3763): STUN2 - server=stun.l.google.com and port=19302
02-13 04:32:32.943 D/org.doubango.ngn.services.impl.NgnSipService( 3763): pcscf-host='61.222.245.149', pcscf-port='20060', transport='udp', ipversion='ipv4'
02-13 04:32:32.983 D/org.doubango.ngn.services.impl.NgnNetworkService( 3763): ::1%1
02-13 04:32:32.983 D/org.doubango.ngn.services.impl.NgnNetworkService( 3763): 127.0.0.1
02-13 04:32:32.983 I/org.doubango.ngn.services.impl.NgnNetworkService( 3763): interface=tunl0 is not up
02-13 04:32:32.983 I/org.doubango.ngn.services.impl.NgnNetworkService( 3763): interface=sit0 is not up
02-13 04:32:32.983 I/org.doubango.ngn.services.impl.NgnNetworkService( 3763): interface=ip6tnl0 is not up
02-13 04:32:32.983 D/org.doubango.ngn.services.impl.NgnNetworkService( 3763): fe80::280:92ff:fe4d:eade%wlan0
02-13 04:32:32.983 D/org.doubango.ngn.services.impl.NgnNetworkService( 3763): 192.168.0.120
02-13 04:32:32.993 D/org.doubango.ngn.services.impl.NgnSipService( 3763): Local IP='192.168.0.120'
02-13 04:32:32.993 D/org.doubango.ngn.services.impl.NgnSipService( 3763): TLS - pvk='null' pbk='null' ca='null' verify=false
02-13 04:32:32.993 D/org.doubango.ngn.services.impl.NgnNetworkService( 3763): acquireNetworkLock()
02-13 04:32:32.993 D/org.doubango.ngn.services.impl.NgnNetworkService( 3763): netType=1 and netSubType=0
02-13 04:32:33.003 D/org.doubango.ngn.services.impl.NgnSipService( 3763): Stack started
02-13 04:32:33.013 D/org.doubango.ngn.services.impl.NgnSipService( 3763): OnDialogEvent (Dialog connecting,1)
02-13 04:32:33.013 D/org.doubango.imsdroid.Engine( 3763): showAppNotif
02-13 04:32:33.023 D/org.doubango.ngn.services.impl.NgnSipService( 3763): OnDialogEvent ((un)REGISTER request successfully sent.,1)
02-13 04:32:33.043 I/william ( 3763): enter broadcase
02-13 04:32:33.043 I/org.doubango.imsdroid.Screens.ScreenXYZLogin( 3763): Show main view here
02-13 04:32:34.793 W/audio_hw_primary( 2363): do_out_standby... 1074145152
02-13 04:32:36.083 W/audio_hw_primary( 2363): card 0, port 0 device 0x2
02-13 04:32:36.083 W/audio_hw_primary( 2363): rate 44100, channel 2 period_size 0xc0
02-13 04:32:36.313 I/shinhua ( 3763): GameView Constructor
02-13 04:32:36.333 D/dalvikvm( 3763): GC_FOR_ALLOC freed 541K, 12% free 4718K/5316K, paused 18ms, total 18ms
02-13 04:32:36.363 I/shinhua ( 3763): ArcMenu(Context context ,  AttributeSet attrs)
02-13 04:32:36.373 I/shinhua ( 3763): ArcLayout(Context context, AttributeSet attrs)
02-13 04:32:36.383 I/shinhua ( 3763): newCdhildSize: 44
02-13 04:32:36.473 D/dalvikvm( 3763): GC_FOR_ALLOC freed 38K, 5% free 5178K/5400K, paused 17ms, total 18ms
02-13 04:32:39.193 W/audio_hw_primary( 2363): do_out_standby... 1074145152
02-13 04:32:40.283 I/shinhua ( 3763): params width 133params height133
02-13 04:32:40.313 I/william ( 3763): change map to 0
02-13 04:32:40.313 I/ble     ( 3763): board name is SABRESD-MX6DQ
02-13 04:32:40.313 I/org.doubango.imsdroid.Screens.ScreenDirection( 3763): support BT 4.0
02-13 04:32:40.313 I/william ( 3763): Enter BLEDeviceScanActivity
02-13 04:32:40.313 D/BluetoothManagerService( 2649): Message: 20
02-13 04:32:40.313 D/BluetoothManagerService( 2649): Added callback: android.bluetooth.IBluetoothManagerCallback$Stub$Proxy@41c79c40:true
02-13 04:32:40.323 D/BluetoothAdapter( 3763): startLeScan(): null
02-13 04:32:40.323 D/BtGatt.GattService( 2985): registerClient() - UUID=174c2f53-3af6-489e-95a0-2b4e3ba2e11c
02-13 04:32:40.323 D/BtGatt.btif( 2985): btif_gattc_register_app
02-13 04:32:40.323 D/BtGatt.btif( 2985): btgattc_handle_event: Event 1000
02-13 04:32:40.323 D/BtGatt.btif( 2985): btif_gattc_upstreams_evt: Event 0
02-13 04:32:40.323 D/BtGatt.GattService( 2985): onClientRegistered() - UUID=174c2f53-3af6-489e-95a0-2b4e3ba2e11c, clientIf=4
02-13 04:32:40.323 D/BluetoothAdapter( 3763): onClientRegistered() - status=0 clientIf=4
02-13 04:32:40.323 D/BtGatt.GattService( 2985): startScan() - queue=0
02-13 04:32:40.323 D/BtGatt.GattService( 2985): startScan() - adding client=4
02-13 04:32:40.323 D/BtGatt.btif( 2985): btif_gattc_scan
02-13 04:32:40.323 D/BtGatt.btif( 2985): btgattc_handle_event: Event 1002
02-13 04:32:40.323 I/ble     ( 3763): scanLeDeviceStart = true
02-13 04:32:40.323 D/BluetoothAdapter( 3763): startLeScan(): null
02-13 04:32:40.323 E/BluetoothAdapter( 3763): LE Scan has already started
02-13 04:32:40.323 I/william ( 3763):  BLE connect = false
02-13 04:32:40.333 I/ble     ( 3763): scanLeDeviceStart = false
02-13 04:32:40.333 D/BluetoothAdapter( 3763): stopLeScan()
02-13 04:32:40.333 D/BtGatt.GattService( 2985): stopScan() - queue=1
02-13 04:32:40.333 D/BtGatt.GattService( 2985): stopScan() - queue empty; stopping scan
02-13 04:32:40.333 D/BtGatt.btif( 2985): btif_gattc_scan
02-13 04:32:40.333 D/BtGatt.btif( 2985): btgattc_handle_event: Event 1003
02-13 04:32:40.333 D/BtGatt.GattService( 2985): unregisterClient() - clientIf=4
02-13 04:32:40.333 D/BtGatt.btif( 2985): btif_gattc_unregister_app
02-13 04:32:40.333 D/BtGatt.btif( 2985): btgattc_handle_event: Event 1001
02-13 04:32:40.333 D/BtGatt.btif( 2985): btif_gattc_upstreams_evt: Event 1
02-13 04:32:40.353 I/shinhua ( 3763): GameView Constructor
02-13 04:32:40.363 I/shinhua ( 3763): ArcMenu(Context context ,  AttributeSet attrs)
02-13 04:32:40.363 I/shinhua ( 3763): ArcLayout(Context context, AttributeSet attrs)
02-13 04:32:40.373 I/shinhua ( 3763): newCdhildSize: 44
02-13 04:32:40.483 D/dalvikvm( 3763): GC_FOR_ALLOC freed 167K, 4% free 5800K/6024K, paused 17ms, total 17ms
02-13 04:32:40.493 I/shinhua ( 3763): params width 133params height133
02-13 04:32:40.503 I/william ( 3763): change map to 0
02-13 04:32:40.543 I/ble     ( 3763): board name is SABRESD-MX6DQ
02-13 04:32:40.543 I/org.doubango.imsdroid.Screens.ScreenDirection( 3763): support BT 4.0
02-13 04:32:40.543 I/william ( 3763): Enter BLEDeviceScanActivity
02-13 04:32:40.543 D/BluetoothAdapter( 3763): startLeScan(): null
02-13 04:32:40.543 D/BtGatt.GattService( 2985): registerClient() - UUID=858ca77b-dff1-452a-8ce7-cf98ed9101c1
02-13 04:32:40.543 D/BtGatt.btif( 2985): btif_gattc_register_app
02-13 04:32:40.543 D/BtGatt.btif( 2985): btgattc_handle_event: Event 1000
02-13 04:32:40.543 D/BtGatt.btif( 2985): btif_gattc_upstreams_evt: Event 0
02-13 04:32:40.543 D/BtGatt.GattService( 2985): onClientRegistered() - UUID=858ca77b-dff1-452a-8ce7-cf98ed9101c1, clientIf=4
02-13 04:32:40.543 D/BluetoothAdapter( 3763): onClientRegistered() - status=0 clientIf=4
02-13 04:32:40.543 D/BtGatt.GattService( 2985): startScan() - queue=0
02-13 04:32:40.543 D/BtGatt.GattService( 2985): startScan() - adding client=4
02-13 04:32:40.543 D/BtGatt.btif( 2985): btif_gattc_scan
02-13 04:32:40.543 D/BtGatt.btif( 2985): btgattc_handle_event: Event 1002
02-13 04:32:40.543 I/ble     ( 3763): scanLeDeviceStart = true
02-13 04:32:40.543 D/BluetoothAdapter( 3763): startLeScan(): null
02-13 04:32:40.543 E/BluetoothAdapter( 3763): LE Scan has already started
02-13 04:32:40.543 I/william ( 3763):  BLE connect = false
02-13 04:32:40.603 I/shinhua ( 3763): ArcLayout onMeasure(int widthMeasureSpec, int heightMeasureSpec)
02-13 04:32:40.603 I/shinhua ( 3763): onMeasure size: 225
02-13 04:32:40.603 I/shinhua ( 3763): ArcLayout onMeasure(int widthMeasureSpec, int heightMeasureSpec)
02-13 04:32:40.603 I/shinhua ( 3763): onMeasure size: 225
02-13 04:32:40.613 I/shinhua ( 3763): ArcLayout onMeasure(int widthMeasureSpec, int heightMeasureSpec)
02-13 04:32:40.613 I/shinhua ( 3763): onMeasure size: 225
02-13 04:32:40.613 I/shinhua ( 3763): ArcLayout onMeasure(int widthMeasureSpec, int heightMeasureSpec)
02-13 04:32:40.613 I/shinhua ( 3763): onMeasure size: 225
02-13 04:32:40.643 I/shinhua ( 3763): ArcLayout onMeasure(int widthMeasureSpec, int heightMeasureSpec)
02-13 04:32:40.643 I/shinhua ( 3763): onMeasure size: 225
02-13 04:32:40.653 I/shinhua ( 3763): ArcLayout onMeasure(int widthMeasureSpec, int heightMeasureSpec)
02-13 04:32:40.653 I/shinhua ( 3763): onMeasure size: 225
02-13 04:32:40.653 I/shinhua ( 3763): ArcLayout onMeasure(int widthMeasureSpec, int heightMeasureSpec)
02-13 04:32:40.653 I/shinhua ( 3763): onMeasure size: 225
02-13 04:32:40.653 I/shinhua ( 3763): ArcLayout onMeasure(int widthMeasureSpec, int heightMeasureSpec)
02-13 04:32:40.653 I/shinhua ( 3763): onMeasure size: 225
02-13 04:32:40.673 I/shinhua ( 3763): ArcLayout onLayout(boolean changed, int l, int t, int r, int b)
02-13 04:32:40.673 I/shinhua ( 3763): centerX: 112 centerY: 112 gw: 225 gh: 225
02-13 04:32:40.713 I/jamesdebug( 3763): Draw target = 9 , 8
02-13 04:32:40.713 I/william ( 3763): drawcircleflag = false
02-13 04:32:45.303 I/shinhua1( 3763): level -55
02-13 04:32:45.503 I/shinhua1( 3763): level -55
02-13 04:32:46.313 I/william ( 3763):  BLE connect = false
02-13 04:32:46.313 I/shinhua1( 3763): connectStatus BLE disconnected
02-13 04:32:50.303 I/shinhua1( 3763): level -55
02-13 04:32:50.503 I/shinhua1( 3763): level -55
02-13 04:32:54.933 I/william ( 3763):  BLE connect = false
02-13 04:32:54.933 I/shinhua1( 3763): connectStatus BLE disconnected
02-13 04:32:54.943 D/BluetoothAdapter( 3763): stopLeScan()
02-13 04:32:54.953 D/BtGatt.GattService( 2985): stopScan() - queue=1
02-13 04:32:54.953 D/BtGatt.GattService( 2985): stopScan() - queue empty; stopping scan
02-13 04:32:54.953 D/BtGatt.btif( 2985): btif_gattc_scan
02-13 04:32:54.953 D/BtGatt.btif( 2985): btgattc_handle_event: Event 1003
02-13 04:32:54.953 D/BtGatt.GattService( 2985): unregisterClient() - clientIf=4
02-13 04:32:54.953 D/BtGatt.btif( 2985): btif_gattc_unregister_app
02-13 04:32:54.953 D/BtGatt.btif( 2985): btgattc_handle_event: Event 1001
02-13 04:32:54.953 D/BtGatt.btif( 2985): btif_gattc_upstreams_evt: Event 1
02-13 04:32:54.953 D/BluetoothAdapter( 3763): stopLeScan()
02-13 04:32:55.303 I/shinhua1( 3763): level -56
02-13 04:32:55.503 I/shinhua1( 3763): level -56
02-13 04:33:00.303 I/shinhua1( 3763): level -55
02-13 04:33:00.503 I/shinhua1( 3763): level -55
02-13 04:33:05.013 D/org.doubango.ngn.services.impl.NgnSipService( 3763): OnDialogEvent (Transport error.,1)
02-13 04:33:05.013 D/org.doubango.ngn.services.impl.NgnSipService( 3763): OnDialogEvent (Dialog terminated,1)
02-13 04:33:05.013 D/org.doubango.ngn.services.impl.NgnNetworkService( 3763): releaseNetworkLock()
02-13 04:33:05.023 D/org.doubango.imsdroid.Engine( 3763): showAppNotif
02-13 04:33:05.033 D/org.doubango.ngn.services.impl.NgnSipService( 3763): Stack stopped
02-13 04:33:05.043 I/william ( 3763): enter broadcase
02-13 04:33:05.043 I/org.doubango.imsdroid.Screens.ScreenXYZLogin( 3763): Show main view here
02-13 04:33:05.303 I/shinhua1( 3763): level -56
02-13 04:33:05.503 I/shinhua1( 3763): level -56
02-13 04:33:10.303 I/shinhua1( 3763): level -57
02-13 04:33:10.503 I/shinhua1( 3763): level -57
02-13 04:33:15.303 I/shinhua1( 3763): level -55
02-13 04:33:15.503 I/shinhua1( 3763): level -55
02-13 04:33:20.303 I/shinhua1( 3763): level -55
02-13 04:33:20.503 I/shinhua1( 3763): level -55
02-13 04:33:25.303 I/shinhua1( 3763): level -56
02-13 04:33:25.503 I/shinhua1( 3763): level -56
02-13 04:33:30.303 I/shinhua1( 3763): level -56
02-13 04:33:30.503 I/shinhua1( 3763): level -56
02-13 04:33:35.043 I/ble     ( 3763): scanLeDeviceStart = false
02-13 04:33:35.043 D/BluetoothAdapter( 3763): stopLeScan()
02-13 04:33:35.043 W/audio_hw_primary( 2363): card 0, port 0 device 0x2
02-13 04:33:35.043 W/audio_hw_primary( 2363): rate 44100, channel 2 period_size 0xc0
02-13 04:33:35.063 I/shinhua ( 3763): GameView Constructor
02-13 04:33:35.073 I/shinhua ( 3763): ArcMenu(Context context ,  AttributeSet attrs)
02-13 04:33:35.073 I/shinhua ( 3763): ArcLayout(Context context, AttributeSet attrs)
02-13 04:33:35.083 I/shinhua ( 3763): newCdhildSize: 44
02-13 04:33:35.183 I/shinhua ( 3763): params width 133params height133
02-13 04:33:35.203 I/william ( 3763): change map to 0
02-13 04:33:35.233 I/ble     ( 3763): board name is SABRESD-MX6DQ
02-13 04:33:35.233 I/org.doubango.imsdroid.Screens.ScreenDirection( 3763): support BT 4.0
02-13 04:33:35.233 I/william ( 3763): Enter BLEDeviceScanActivity
02-13 04:33:35.233 D/BluetoothAdapter( 3763): startLeScan(): null
02-13 04:33:35.233 D/BtGatt.GattService( 2985): registerClient() - UUID=b5166011-685f-4da4-8c61-0f98f5301fed
02-13 04:33:35.233 D/BtGatt.btif( 2985): btif_gattc_register_app
02-13 04:33:35.233 D/BtGatt.btif( 2985): btgattc_handle_event: Event 1000
02-13 04:33:35.233 D/BtGatt.btif( 2985): btif_gattc_upstreams_evt: Event 0
02-13 04:33:35.233 D/BtGatt.GattService( 2985): onClientRegistered() - UUID=b5166011-685f-4da4-8c61-0f98f5301fed, clientIf=4
02-13 04:33:35.233 D/BluetoothAdapter( 3763): onClientRegistered() - status=0 clientIf=4
02-13 04:33:35.233 D/BtGatt.GattService( 2985): startScan() - queue=0
02-13 04:33:35.233 D/BtGatt.GattService( 2985): startScan() - adding client=4
02-13 04:33:35.233 D/BtGatt.btif( 2985): btif_gattc_scan
02-13 04:33:35.233 D/BtGatt.btif( 2985): btgattc_handle_event: Event 1002
02-13 04:33:35.243 I/ble     ( 3763): scanLeDeviceStart = true
02-13 04:33:35.243 D/BluetoothAdapter( 3763): startLeScan(): null
02-13 04:33:35.243 E/BluetoothAdapter( 3763): LE Scan has already started
02-13 04:33:35.243 I/william ( 3763):  BLE connect = false
02-13 04:33:35.243 I/ble     ( 3763): scanLeDeviceStart = false
02-13 04:33:35.243 D/BluetoothAdapter( 3763): stopLeScan()
02-13 04:33:35.243 D/BtGatt.GattService( 2985): stopScan() - queue=1
02-13 04:33:35.243 D/BtGatt.GattService( 2985): stopScan() - queue empty; stopping scan
02-13 04:33:35.243 D/BtGatt.btif( 2985): btif_gattc_scan
02-13 04:33:35.243 D/BtGatt.btif( 2985): btgattc_handle_event: Event 1003
02-13 04:33:35.243 D/BtGatt.GattService( 2985): unregisterClient() - clientIf=4
02-13 04:33:35.243 D/BtGatt.btif( 2985): btif_gattc_unregister_app
02-13 04:33:35.243 D/BtGatt.btif( 2985): btgattc_handle_event: Event 1001
02-13 04:33:35.243 D/BtGatt.btif( 2985): btif_gattc_upstreams_evt: Event 1
02-13 04:33:35.263 I/shinhua ( 3763): GameView Constructor
02-13 04:33:35.273 I/shinhua ( 3763): ArcMenu(Context context ,  AttributeSet attrs)
02-13 04:33:35.283 I/shinhua ( 3763): ArcLayout(Context context, AttributeSet attrs)
02-13 04:33:35.283 I/shinhua ( 3763): newCdhildSize: 44
02-13 04:33:35.303 I/shinhua1( 3763): level -56
02-13 04:33:35.393 D/dalvikvm( 3763): GC_FOR_ALLOC freed 385K, 7% free 6428K/6872K, paused 19ms, total 19ms
02-13 04:33:35.403 I/shinhua ( 3763): params width 133params height133
02-13 04:33:35.433 I/william ( 3763): change map to 0
02-13 04:33:35.463 I/ble     ( 3763): board name is SABRESD-MX6DQ
02-13 04:33:35.463 I/org.doubango.imsdroid.Screens.ScreenDirection( 3763): support BT 4.0
02-13 04:33:35.463 I/william ( 3763): Enter BLEDeviceScanActivity
02-13 04:33:35.463 D/BluetoothAdapter( 3763): startLeScan(): null
02-13 04:33:35.463 D/BtGatt.GattService( 2985): registerClient() - UUID=d06d533e-5edc-4999-b235-8094b41fcf2b
02-13 04:33:35.463 D/BtGatt.btif( 2985): btif_gattc_register_app
02-13 04:33:35.463 D/BtGatt.btif( 2985): btgattc_handle_event: Event 1000
02-13 04:33:35.463 D/BtGatt.btif( 2985): btif_gattc_upstreams_evt: Event 0
02-13 04:33:35.473 D/BtGatt.GattService( 2985): onClientRegistered() - UUID=d06d533e-5edc-4999-b235-8094b41fcf2b, clientIf=4
02-13 04:33:35.473 D/BluetoothAdapter( 3763): onClientRegistered() - status=0 clientIf=4
02-13 04:33:35.473 D/BtGatt.GattService( 2985): startScan() - queue=0
02-13 04:33:35.473 D/BtGatt.GattService( 2985): startScan() - adding client=4
02-13 04:33:35.473 D/BtGatt.btif( 2985): btif_gattc_scan
02-13 04:33:35.473 D/BtGatt.btif( 2985): btgattc_handle_event: Event 1002
02-13 04:33:35.473 I/ble     ( 3763): scanLeDeviceStart = true
02-13 04:33:35.473 D/BluetoothAdapter( 3763): startLeScan(): null
02-13 04:33:35.473 E/BluetoothAdapter( 3763): LE Scan has already started
02-13 04:33:35.473 I/william ( 3763):  BLE connect = false
02-13 04:33:35.503 I/shinhua1( 3763): level -56
02-13 04:33:35.533 I/shinhua ( 3763): ArcLayout onMeasure(int widthMeasureSpec, int heightMeasureSpec)
02-13 04:33:35.533 I/shinhua ( 3763): onMeasure size: 225
02-13 04:33:35.533 I/shinhua ( 3763): ArcLayout onMeasure(int widthMeasureSpec, int heightMeasureSpec)
02-13 04:33:35.543 I/shinhua ( 3763): onMeasure size: 225
02-13 04:33:35.543 I/shinhua ( 3763): ArcLayout onMeasure(int widthMeasureSpec, int heightMeasureSpec)
02-13 04:33:35.543 I/shinhua ( 3763): onMeasure size: 225
02-13 04:33:35.543 I/shinhua ( 3763): ArcLayout onMeasure(int widthMeasureSpec, int heightMeasureSpec)
02-13 04:33:35.543 I/shinhua ( 3763): onMeasure size: 225
02-13 04:33:35.573 I/shinhua ( 3763): ArcLayout onMeasure(int widthMeasureSpec, int heightMeasureSpec)
02-13 04:33:35.573 I/shinhua ( 3763): onMeasure size: 225
02-13 04:33:35.583 I/shinhua ( 3763): ArcLayout onMeasure(int widthMeasureSpec, int heightMeasureSpec)
02-13 04:33:35.583 I/shinhua ( 3763): onMeasure size: 225
02-13 04:33:35.583 I/shinhua ( 3763): ArcLayout onMeasure(int widthMeasureSpec, int heightMeasureSpec)
02-13 04:33:35.583 I/shinhua ( 3763): onMeasure size: 225
02-13 04:33:35.583 I/shinhua ( 3763): ArcLayout onMeasure(int widthMeasureSpec, int heightMeasureSpec)
02-13 04:33:35.583 I/shinhua ( 3763): onMeasure size: 225
02-13 04:33:35.603 I/shinhua ( 3763): ArcLayout onLayout(boolean changed, int l, int t, int r, int b)
02-13 04:33:35.603 I/shinhua ( 3763): centerX: 112 centerY: 112 gw: 225 gh: 225
02-13 04:33:35.643 I/jamesdebug( 3763): Draw target = 9 , 8
02-13 04:33:35.643 I/william ( 3763): drawcircleflag = false
02-13 04:33:38.173 W/audio_hw_primary( 2363): do_out_standby... 1074145152
02-13 04:33:40.203 I/shinhua1( 3763): level -56
02-13 04:33:40.303 I/shinhua1( 3763): level -56
02-13 04:33:40.433 I/shinhua1( 3763): level -56
02-13 04:33:40.503 I/shinhua1( 3763): level -56
02-13 04:33:45.193 I/shinhua1( 3763): level -56
02-13 04:33:45.303 I/shinhua1( 3763): level -56
02-13 04:33:45.433 I/shinhua1( 3763): level -56
02-13 04:33:45.503 I/shinhua1( 3763): level -56
02-13 04:33:49.633 I/william ( 3763):  BLE connect = false
02-13 04:33:49.633 I/shinhua1( 3763): connectStatus BLE disconnected
02-13 04:33:49.653 I/InputDispatcher( 2649): Window 'Window{41cb6fd0 u0 org.doubango.imsdroid/org.doubango.imsdroid.Main}' spent 3613.3ms processing the last input event: MotionEvent(action=0, deviceId=7, source=0x00001002, displayId=0)
02-13 04:33:49.663 I/InputDispatcher( 2649): Window 'Window{41cb6fd0 u0 org.doubango.imsdroid/org.doubango.imsdroid.Main}' spent 3601.3ms processing the last input event: MotionEvent(action=2, deviceId=7, source=0x00001002, displayId=0)
02-13 04:33:49.663 I/InputDispatcher( 2649): Window 'Window{41cb6fd0 u0 org.doubango.imsdroid/org.doubango.imsdroid.Main}' spent 3595.3ms processing the last input event: MotionEvent(action=2, deviceId=7, source=0x00001002, displayId=0)
02-13 04:33:49.663 I/InputDispatcher( 2649): Window 'Window{41cb6fd0 u0 org.doubango.imsdroid/org.doubango.imsdroid.Main}' spent 3589.3ms processing the last input event: MotionEvent(action=2, deviceId=7, source=0x00001002, displayId=0)
02-13 04:33:49.663 I/InputDispatcher( 2649): Window 'Window{41cb6fd0 u0 org.doubango.imsdroid/org.doubango.imsdroid.Main}' spent 3578.5ms processing the last input event: MotionEvent(action=2, deviceId=7, source=0x00001002, displayId=0)
02-13 04:33:49.663 I/InputDispatcher( 2649): Window 'Window{41cb6fd0 u0 org.doubango.imsdroid/org.doubango.imsdroid.Main}' spent 3567.5ms processing the last input event: MotionEvent(action=2, deviceId=7, source=0x00001002, displayId=0)
02-13 04:33:49.673 I/InputDispatcher( 2649): Window 'Window{41cb6fd0 u0 org.doubango.imsdroid/org.doubango.imsdroid.Main}' spent 3573.3ms processing the last input event: MotionEvent(action=1, deviceId=7, source=0x00001002, displayId=0)
02-13 04:33:50.203 I/shinhua1( 3763): level -56
02-13 04:33:50.303 I/shinhua1( 3763): level -56
02-13 04:33:50.433 I/shinhua1( 3763): level -56
02-13 04:33:50.503 I/shinhua1( 3763): level -56
02-13 04:33:50.683 I/william ( 3763):  BLE connect = false
02-13 04:33:50.683 I/shinhua1( 3763): connectStatus BLE disconnected
02-13 04:33:50.693 D/BluetoothAdapter( 3763): stopLeScan()
02-13 04:33:50.693 D/BtGatt.GattService( 2985): stopScan() - queue=1
02-13 04:33:50.693 D/BtGatt.GattService( 2985): stopScan() - queue empty; stopping scan
02-13 04:33:50.693 D/BtGatt.btif( 2985): btif_gattc_scan
02-13 04:33:50.693 D/BtGatt.btif( 2985): btgattc_handle_event: Event 1003
02-13 04:33:50.693 D/BtGatt.GattService( 2985): unregisterClient() - clientIf=4
02-13 04:33:50.693 D/BtGatt.btif( 2985): btif_gattc_unregister_app
02-13 04:33:50.693 D/BtGatt.btif( 2985): btgattc_handle_event: Event 1001
02-13 04:33:50.693 D/BtGatt.btif( 2985): btif_gattc_upstreams_evt: Event 1
02-13 04:33:50.693 D/BluetoothAdapter( 3763): stopLeScan()
02-13 04:33:50.703 I/Choreographer( 3763): Skipped 59 frames!  The application may be doing too much work on its main thread.
02-13 04:33:50.863 W/audio_hw_primary( 2363): card 0, port 0 device 0x2
02-13 04:33:50.863 W/audio_hw_primary( 2363): rate 44100, channel 2 period_size 0xc0
02-13 04:33:50.983 I/jamesdebug( 3763): source =1 1 1 1
02-13 04:33:52.063 I/william ( 3763): Robot start running555
02-13 04:33:52.063 I/william ( 3763): Robot start running666
02-13 04:33:52.063 I/william ( 3763): Robot start running
02-13 04:33:52.093 I/william ( 3763): Robot start running222
02-13 04:33:52.203 I/jamesdebug( 3763): source =1 1 1 1
02-13 04:33:54.013 W/audio_hw_primary( 2363): do_out_standby... 1074145152
02-13 04:33:55.193 I/shinhua1( 3763): level -57
02-13 04:33:55.303 I/shinhua1( 3763): level -57
02-13 04:33:55.433 I/shinhua1( 3763): level -57
02-13 04:33:55.503 I/shinhua1( 3763): level -57
02-13 04:34:00.203 I/shinhua1( 3763): level -56
02-13 04:34:00.303 I/shinhua1( 3763): level -56
02-13 04:34:00.433 I/shinhua1( 3763): level -56
02-13 04:34:00.503 I/shinhua1( 3763): level -56
02-13 04:34:00.713 D/dalvikvm( 3763): threadid=1: still suspended after undo (sc=1 dc=1)
02-13 04:34:01.653 D/dalvikvm( 3763): threadid=1: still suspended after undo (sc=1 dc=1)
02-13 04:34:02.293 D/dalvikvm( 3763): threadid=1: still suspended after undo (sc=1 dc=1)
02-13 04:34:03.303 D/dalvikvm( 3763): threadid=1: still suspended after undo (sc=1 dc=1)
02-13 04:34:05.193 I/shinhua1( 3763): level -56
02-13 04:34:05.233 D/dalvikvm( 3763): threadid=1: still suspended after undo (sc=1 dc=1)
02-13 04:34:05.303 I/shinhua1( 3763): level -56
02-13 04:34:05.433 I/shinhua1( 3763): level -56
02-13 04:34:05.503 I/shinhua1( 3763): level -56
02-13 04:34:06.343 D/dalvikvm( 3763): threadid=1: still suspended after undo (sc=1 dc=1)
02-13 04:34:07.663 D/dalvikvm( 3763): threadid=1: still suspended after undo (sc=1 dc=1)
02-13 04:34:09.003 D/dalvikvm( 3763): threadid=1: still suspended after undo (sc=1 dc=1)
02-13 04:34:10.193 I/shinhua1( 3763): level -55
02-13 04:34:10.303 I/shinhua1( 3763): level -55
02-13 04:34:10.433 I/shinhua1( 3763): level -55
02-13 04:34:10.503 I/shinhua1( 3763): level -55
02-13 04:34:10.643 D/dalvikvm( 3763): threadid=1: still suspended after undo (sc=1 dc=1)
02-13 04:34:12.623 D/dalvikvm( 3763): threadid=1: still suspended after undo (sc=1 dc=1)
02-13 04:34:13.343 D/dalvikvm( 3763): threadid=1: still suspended after undo (sc=1 dc=1)
02-13 04:34:15.023 D/dalvikvm( 3763): threadid=1: still suspended after undo (sc=1 dc=1)
02-13 04:34:15.193 I/shinhua1( 3763): level -57
02-13 04:34:15.303 I/shinhua1( 3763): level -57
02-13 04:34:15.433 I/shinhua1( 3763): level -57
02-13 04:34:15.503 I/shinhua1( 3763): level -57
02-13 04:34:16.133 D/dalvikvm( 3763): threadid=1: still suspended after undo (sc=1 dc=1)
02-13 04:34:16.903 D/dalvikvm( 3763): threadid=1: still suspended after undo (sc=1 dc=1)
02-13 04:34:17.793 D/dalvikvm( 3763): threadid=1: still suspended after undo (sc=1 dc=1)
02-13 04:34:18.313 D/dalvikvm( 3763): threadid=1: still suspended after undo (sc=1 dc=1)
02-13 04:34:18.733 D/dalvikvm( 3763): threadid=1: still suspended after undo (sc=1 dc=1)
02-13 04:34:19.173 D/dalvikvm( 3763): threadid=1: still suspended after undo (sc=1 dc=1)
02-13 04:34:19.633 D/dalvikvm( 3763): threadid=1: still suspended after undo (sc=1 dc=1)
02-13 04:34:20.063 D/dalvikvm( 3763): threadid=1: still suspended after undo (sc=1 dc=1)
02-13 04:34:20.193 I/shinhua1( 3763): level -56
02-13 04:34:20.303 I/shinhua1( 3763): level -56
02-13 04:34:20.433 I/shinhua1( 3763): level -56
02-13 04:34:20.503 I/shinhua1( 3763): level -56
02-13 04:34:20.713 D/dalvikvm( 3763): threadid=1: still suspended after undo (sc=1 dc=1)
02-13 04:34:21.343 D/dalvikvm( 3763): threadid=1: still suspended after undo (sc=1 dc=1)
02-13 04:34:21.963 D/dalvikvm( 3763): threadid=1: still suspended after undo (sc=1 dc=1)
02-13 04:34:22.333 D/dalvikvm( 3763): threadid=1: still suspended after undo (sc=1 dc=1)
02-13 04:34:22.593 D/dalvikvm( 3763): threadid=1: still suspended after undo (sc=1 dc=1)
02-13 04:34:22.863 D/dalvikvm( 3763): threadid=1: still suspended after undo (sc=1 dc=1)
02-13 04:34:23.183 D/dalvikvm( 3763): threadid=1: still suspended after undo (sc=1 dc=1)
02-13 04:34:23.863 D/dalvikvm( 3763): threadid=1: still suspended after undo (sc=1 dc=1)
02-13 04:34:24.083 E/GpsXtraDownloader( 2649): No XTRA servers were specified in the GPS configuration
02-13 04:34:24.633 D/dalvikvm( 3763): threadid=1: still suspended after undo (sc=1 dc=1)
02-13 04:34:25.003 D/dalvikvm( 3763): threadid=1: still suspended after undo (sc=1 dc=1)
02-13 04:34:25.203 I/shinhua1( 3763): level -57
02-13 04:34:25.303 I/shinhua1( 3763): level -57
02-13 04:34:25.433 I/shinhua1( 3763): level -57
02-13 04:34:25.503 I/shinhua1( 3763): level -57
02-13 04:34:25.633 D/dalvikvm( 3763): threadid=1: still suspended after undo (sc=1 dc=1)
02-13 04:34:26.173 D/dalvikvm( 3763): threadid=1: still suspended after undo (sc=1 dc=1)
02-13 04:34:26.903 D/dalvikvm( 3763): threadid=1: still suspended after undo (sc=1 dc=1)
02-13 04:34:27.353 D/dalvikvm( 3763): threadid=1: still suspended after undo (sc=1 dc=1)
02-13 04:34:27.663 D/dalvikvm( 3763): threadid=1: still suspended after undo (sc=1 dc=1)
02-13 04:34:28.323 D/dalvikvm( 3763): threadid=1: still suspended after undo (sc=1 dc=1)
02-13 04:34:28.783 D/dalvikvm( 3763): threadid=1: still suspended after undo (sc=1 dc=1)
02-13 04:34:29.353 D/dalvikvm( 3763): threadid=1: still suspended after undo (sc=1 dc=1)
02-13 04:34:30.173 D/dalvikvm( 3763): threadid=1: still suspended after undo (sc=1 dc=1)
02-13 04:34:30.193 I/shinhua1( 3763): level -57
02-13 04:34:30.223 D/dalvikvm( 3763): threadid=1: still suspended after undo (sc=1 dc=1)
02-13 04:34:30.273 D/dalvikvm( 3763): threadid=1: still suspended after undo (sc=1 dc=1)
02-13 04:34:30.303 I/shinhua1( 3763): level -57
02-13 04:34:30.433 I/shinhua1( 3763): level -57
02-13 04:34:30.503 I/shinhua1( 3763): level -57
02-13 04:34:31.093 D/dalvikvm( 3763): threadid=1: still suspended after undo (sc=1 dc=1)
02-13 04:34:31.143 D/dalvikvm( 3763): threadid=1: still suspended after undo (sc=1 dc=1)
02-13 04:34:32.283 D/dalvikvm( 3763): threadid=1: still suspended after undo (sc=1 dc=1)
02-13 04:34:32.943 D/dalvikvm( 3763): threadid=1: still suspended after undo (sc=1 dc=1)
02-13 04:34:33.383 D/dalvikvm( 3763): threadid=1: still suspended after undo (sc=1 dc=1)
02-13 04:34:33.773 D/dalvikvm( 3763): threadid=1: still suspended after undo (sc=1 dc=1)
02-13 04:34:34.453 D/dalvikvm( 3763): threadid=1: still suspended after undo (sc=1 dc=1)
02-13 04:34:34.983 D/dalvikvm( 3763): threadid=1: still suspended after undo (sc=1 dc=1)
02-13 04:34:35.193 I/shinhua1( 3763): level -56
02-13 04:34:35.303 I/shinhua1( 3763): level -56
02-13 04:34:35.393 D/dalvikvm( 3763): threadid=1: still suspended after undo (sc=1 dc=1)
02-13 04:34:35.433 I/shinhua1( 3763): level -56
02-13 04:34:35.503 I/shinhua1( 3763): level -56
02-13 04:34:36.103 D/dalvikvm( 3763): threadid=1: still suspended after undo (sc=1 dc=1)
02-13 04:34:36.693 D/dalvikvm( 3763): threadid=1: still suspended after undo (sc=1 dc=1)
02-13 04:34:37.003 D/dalvikvm( 3763): threadid=1: still suspended after undo (sc=1 dc=1)
02-13 04:34:37.333 D/dalvikvm( 3763): threadid=1: still suspended after undo (sc=1 dc=1)
02-13 04:34:37.793 D/dalvikvm( 3763): threadid=1: still suspended after undo (sc=1 dc=1)
02-13 04:34:38.173 D/dalvikvm( 3763): threadid=1: still suspended after undo (sc=1 dc=1)
02-13 04:34:38.533 D/dalvikvm( 3763): threadid=1: still suspended after undo (sc=1 dc=1)
02-13 04:34:38.813 D/dalvikvm( 3763): threadid=1: still suspended after undo (sc=1 dc=1)
02-13 04:34:39.083 D/dalvikvm( 3763): threadid=1: still suspended after undo (sc=1 dc=1)
02-13 04:34:39.473 D/dalvikvm( 3763): threadid=1: still suspended after undo (sc=1 dc=1)
02-13 04:34:39.743 D/dalvikvm( 3763): threadid=1: still suspended after undo (sc=1 dc=1)
02-13 04:34:39.993 D/dalvikvm( 3763): threadid=1: still suspended after undo (sc=1 dc=1)
02-13 04:34:40.273 D/dalvikvm( 3763): threadid=1: still suspended after undo (sc=1 dc=1)
02-13 04:34:40.613 D/dalvikvm( 3763): threadid=1: still suspended after undo (sc=1 dc=1)
02-13 04:34:40.863 D/dalvikvm( 3763): threadid=1: still suspended after undo (sc=1 dc=1)
02-13 04:34:41.103 D/dalvikvm( 3763): threadid=1: still suspended after undo (sc=1 dc=1)
02-13 04:34:41.333 D/dalvikvm( 3763): threadid=1: still suspended after undo (sc=1 dc=1)
02-13 04:34:41.683 D/dalvikvm( 3763): threadid=1: still suspended after undo (sc=1 dc=1)
02-13 04:34:41.903 D/dalvikvm( 3763): threadid=1: still suspended after undo (sc=1 dc=1)
02-13 04:34:42.133 D/dalvikvm( 3763): threadid=1: still suspended after undo (sc=1 dc=1)
02-13 04:34:42.353 D/dalvikvm( 3763): threadid=1: still suspended after undo (sc=1 dc=1)
02-13 04:34:42.713 D/dalvikvm( 3763): threadid=1: still suspended after undo (sc=1 dc=1)
02-13 04:34:42.933 D/dalvikvm( 3763): threadid=1: still suspended after undo (sc=1 dc=1)
02-13 04:34:43.143 D/dalvikvm( 3763): threadid=1: still suspended after undo (sc=1 dc=1)
02-13 04:34:43.383 D/dalvikvm( 3763): threadid=1: still suspended after undo (sc=1 dc=1)
02-13 04:34:44.013 D/dalvikvm( 3763): threadid=1: still suspended after undo (sc=1 dc=1)
02-13 04:34:44.203 D/dalvikvm( 3763): threadid=1: still suspended after undo (sc=1 dc=1)
02-13 04:34:44.433 D/dalvikvm( 3763): threadid=1: still suspended after undo (sc=1 dc=1)
02-13 04:34:44.633 D/dalvikvm( 3763): threadid=1: still suspended after undo (sc=1 dc=1)
02-13 04:34:44.833 D/dalvikvm( 3763): threadid=1: still suspended after undo (sc=1 dc=1)
02-13 04:34:45.033 D/dalvikvm( 3763): threadid=1: still suspended after undo (sc=1 dc=1)
02-13 04:34:45.223 D/dalvikvm( 3763): threadid=1: still suspended after undo (sc=1 dc=1)
02-13 04:34:45.413 D/dalvikvm( 3763): threadid=1: still suspended after undo (sc=1 dc=1)
02-13 04:34:45.683 D/dalvikvm( 3763): threadid=1: still suspended after undo (sc=1 dc=1)
02-13 04:34:45.923 D/dalvikvm( 3763): threadid=1: still suspended after undo (sc=1 dc=1)
02-13 04:34:46.143 D/dalvikvm( 3763): threadid=1: still suspended after undo (sc=1 dc=1)
02-13 04:34:46.323 D/dalvikvm( 3763): threadid=1: still suspended after undo (sc=1 dc=1)
02-13 04:34:46.533 D/dalvikvm( 3763): threadid=1: still suspended after undo (sc=1 dc=1)
02-13 04:34:46.713 D/dalvikvm( 3763): threadid=1: still suspended after undo (sc=1 dc=1)
02-13 04:34:46.973 D/dalvikvm( 3763): threadid=1: still suspended after undo (sc=1 dc=1)
02-13 04:34:47.163 D/dalvikvm( 3763): threadid=1: still suspended after undo (sc=1 dc=1)
02-13 04:34:47.353 D/dalvikvm( 3763): threadid=1: still suspended after undo (sc=1 dc=1)
02-13 04:34:47.543 D/dalvikvm( 3763): threadid=1: still suspended after undo (sc=1 dc=1)
02-13 04:34:47.733 D/dalvikvm( 3763): threadid=1: still suspended after undo (sc=1 dc=1)
02-13 04:34:47.893 D/dalvikvm( 3763): threadid=1: still suspended after undo (sc=1 dc=1)
02-13 04:34:48.093 D/dalvikvm( 3763): threadid=1: still suspended after undo (sc=1 dc=1)
02-13 04:34:48.273 D/dalvikvm( 3763): threadid=1: still suspended after undo (sc=1 dc=1)
02-13 04:34:48.493 D/dalvikvm( 3763): threadid=1: still suspended after undo (sc=1 dc=1)
02-13 04:34:48.733 D/dalvikvm( 3763): threadid=1: still suspended after undo (sc=1 dc=1)
02-13 04:34:54.483 D/dalvikvm( 3763): threadid=1: still suspended after undo (sc=1 dc=1)
02-13 04:34:55.213 D/dalvikvm( 3763): threadid=1: still suspended after undo (sc=1 dc=1)
02-13 04:34:56.343 D/dalvikvm( 3763): threadid=1: still suspended after undo (sc=1 dc=1)
02-13 04:34:59.993 D/dalvikvm( 3763): threadid=1: still suspended after undo (sc=1 dc=1)
02-13 04:35:00.623 D/dalvikvm( 3763): threadid=1: still suspended after undo (sc=1 dc=1)
02-13 04:35:01.073 D/dalvikvm( 3763): threadid=1: still suspended after undo (sc=1 dc=1)
02-13 04:35:01.303 D/dalvikvm( 3763): threadid=1: still suspended after undo (sc=1 dc=1)
02-13 04:35:01.613 D/dalvikvm( 3763): threadid=1: still suspended after undo (sc=1 dc=1)
02-13 04:35:01.813 D/dalvikvm( 3763): threadid=1: still suspended after undo (sc=1 dc=1)
02-13 04:35:02.033 D/dalvikvm( 3763): threadid=1: still suspended after undo (sc=1 dc=1)
02-13 04:35:02.533 D/dalvikvm( 3763): threadid=1: still suspended after undo (sc=1 dc=1)
02-13 04:35:02.573 D/dalvikvm( 3763): threadid=1: still suspended after undo (sc=1 dc=1)
02-13 04:35:02.623 D/dalvikvm( 3763): threadid=1: still suspended after undo (sc=1 dc=1)
02-13 04:35:02.703 D/dalvikvm( 3763): threadid=1: still suspended after undo (sc=1 dc=1)
02-13 04:35:02.803 D/dalvikvm( 3763): threadid=1: still suspended after undo (sc=1 dc=1)
02-13 04:35:02.903 D/dalvikvm( 3763): threadid=1: still suspended after undo (sc=1 dc=1)
02-13 04:35:02.963 D/dalvikvm( 3763): threadid=1: still suspended after undo (sc=1 dc=1)
02-13 04:35:03.003 D/dalvikvm( 3763): threadid=1: still suspended after undo (sc=1 dc=1)
02-13 04:35:03.063 D/dalvikvm( 3763): threadid=1: still suspended after undo (sc=1 dc=1)
02-13 04:35:03.153 D/dalvikvm( 3763): threadid=1: still suspended after undo (sc=1 dc=1)
02-13 04:35:03.213 D/dalvikvm( 3763): threadid=1: still suspended after undo (sc=1 dc=1)
02-13 04:35:03.273 D/dalvikvm( 3763): threadid=1: still suspended after undo (sc=1 dc=1)
02-13 04:35:03.353 D/dalvikvm( 3763): threadid=1: still suspended after undo (sc=1 dc=1)
02-13 04:35:03.463 D/dalvikvm( 3763): threadid=1: still suspended after undo (sc=1 dc=1)
02-13 04:35:03.513 D/dalvikvm( 3763): threadid=1: still suspended after undo (sc=1 dc=1)
02-13 04:35:03.593 D/dalvikvm( 3763): threadid=1: still suspended after undo (sc=1 dc=1)
02-13 04:35:03.643 D/dalvikvm( 3763): threadid=1: still suspended after undo (sc=1 dc=1)
02-13 04:35:03.693 D/dalvikvm( 3763): threadid=1: still suspended after undo (sc=1 dc=1)
02-13 04:35:03.723 D/dalvikvm( 3763): threadid=1: still suspended after undo (sc=1 dc=1)
02-13 04:35:03.783 D/dalvikvm( 3763): threadid=1: still suspended after undo (sc=1 dc=1)
02-13 04:35:03.903 D/dalvikvm( 3763): threadid=1: still suspended after undo (sc=1 dc=1)
02-13 04:35:04.003 D/dalvikvm( 3763): threadid=1: still suspended after undo (sc=1 dc=1)
02-13 04:35:04.063 D/dalvikvm( 3763): threadid=1: still suspended after undo (sc=1 dc=1)
02-13 04:35:04.143 D/dalvikvm( 3763): threadid=1: still suspended after undo (sc=1 dc=1)
02-13 04:35:04.213 D/dalvikvm( 3763): threadid=1: still suspended after undo (sc=1 dc=1)
02-13 04:35:04.273 D/dalvikvm( 3763): threadid=1: still suspended after undo (sc=1 dc=1)
02-13 04:35:04.303 D/dalvikvm( 3763): threadid=1: still suspended after undo (sc=1 dc=1)
02-13 04:35:04.333 D/dalvikvm( 3763): threadid=1: still suspended after undo (sc=1 dc=1)
02-13 04:35:04.393 D/dalvikvm( 3763): threadid=1: still suspended after undo (sc=1 dc=1)
02-13 04:35:04.453 D/dalvikvm( 3763): threadid=1: still suspended after undo (sc=1 dc=1)
02-13 04:35:04.483 D/dalvikvm( 3763): threadid=1: still suspended after undo (sc=1 dc=1)
02-13 04:35:04.573 D/dalvikvm( 3763): threadid=1: still suspended after undo (sc=1 dc=1)
02-13 04:35:04.623 D/dalvikvm( 3763): threadid=1: still suspended after undo (sc=1 dc=1)
02-13 04:35:04.673 D/dalvikvm( 3763): threadid=1: still suspended after undo (sc=1 dc=1)
02-13 04:35:04.733 D/dalvikvm( 3763): threadid=1: still suspended after undo (sc=1 dc=1)
02-13 04:35:04.793 D/dalvikvm( 3763): threadid=1: still suspended after undo (sc=1 dc=1)
02-13 04:35:04.823 D/dalvikvm( 3763): threadid=1: still suspended after undo (sc=1 dc=1)
02-13 04:35:04.943 D/dalvikvm( 3763): threadid=1: still suspended after undo (sc=1 dc=1)
02-13 04:35:06.493 D/dalvikvm( 3763): threadid=1: still suspended after undo (sc=1 dc=1)
02-13 04:35:06.503 I/shinhua1( 3763): level -56
02-13 04:35:06.513 I/shinhua1( 3763): level -56
02-13 04:35:06.513 I/shinhua1( 3763): level -56
02-13 04:35:06.513 I/shinhua1( 3763): level -56
02-13 04:35:06.533 I/shinhua1( 3763): level -56
02-13 04:35:06.533 I/shinhua1( 3763): level -56
02-13 04:35:06.533 I/shinhua1( 3763): level -56
02-13 04:35:06.533 I/shinhua1( 3763): level -56
02-13 04:35:06.543 I/shinhua1( 3763): level -56
02-13 04:35:06.543 I/shinhua1( 3763): level -56
02-13 04:35:06.543 I/shinhua1( 3763): level -56
02-13 04:35:06.543 I/shinhua1( 3763): level -56
02-13 04:35:06.543 I/shinhua1( 3763): level -56
02-13 04:35:06.553 I/shinhua1( 3763): level -56
02-13 04:35:06.553 I/shinhua1( 3763): level -56
02-13 04:35:06.553 I/shinhua1( 3763): level -56
02-13 04:35:06.553 I/shinhua1( 3763): level -56
02-13 04:35:06.563 I/shinhua1( 3763): level -56
02-13 04:35:06.563 I/shinhua1( 3763): level -56
02-13 04:35:06.563 I/shinhua1( 3763): level -56
02-13 04:35:06.563 I/shinhua1( 3763): level -56
02-13 04:35:06.563 I/shinhua1( 3763): level -56
02-13 04:35:06.573 I/shinhua1( 3763): level -56
02-13 04:35:06.573 I/shinhua1( 3763): level -56
02-13 04:35:10.193 I/shinhua1( 3763): level -55
02-13 04:35:10.303 I/shinhua1( 3763): level -55
02-13 04:35:10.433 I/shinhua1( 3763): level -55
02-13 04:35:10.503 I/shinhua1( 3763): level -55
02-13 04:35:15.203 I/shinhua1( 3763): level -56
02-13 04:35:15.303 I/shinhua1( 3763): level -56
02-13 04:35:15.433 I/shinhua1( 3763): level -56
02-13 04:35:15.503 I/shinhua1( 3763): level -56
02-13 04:35:20.073 D/dalvikvm( 2734): GC_FOR_ALLOC freed 381K, 57% free 4987K/11524K, paused 30ms, total 30ms
02-13 04:35:20.193 I/shinhua1( 3763): level -56
02-13 04:35:20.303 I/shinhua1( 3763): level -56
02-13 04:35:20.433 I/shinhua1( 3763): level -56
02-13 04:35:20.503 I/shinhua1( 3763): level -56
02-13 04:35:25.193 I/shinhua1( 3763): level -56
02-13 04:35:25.303 I/shinhua1( 3763): level -56
02-13 04:35:25.433 I/shinhua1( 3763): level -56
02-13 04:35:25.503 I/shinhua1( 3763): level -56
02-13 04:35:28.663 D/AndroidRuntime( 3763): Shutting down VM
02-13 04:35:28.663 W/dalvikvm( 3763): threadid=1: thread exiting with uncaught exception (group=0x4172e700)
02-13 04:35:30.193 I/shinhua1( 3763): level -56
02-13 04:35:30.303 I/shinhua1( 3763): level -56
02-13 04:35:30.433 I/shinhua1( 3763): level -56
02-13 04:35:30.503 I/shinhua1( 3763): level -56
02-13 04:35:34.443 E/AndroidRuntime( 3763): FATAL EXCEPTION: main
02-13 04:35:34.443 E/AndroidRuntime( 3763): java.lang.NullPointerException
02-13 04:35:34.443 E/AndroidRuntime( 3763): 	at org.doubango.imsdroid.map.Game$BFSThread.run(Game.java:302)
02-13 04:35:34.443 E/AndroidRuntime( 3763): 	at android.os.Handler.handleCallback(Handler.java:730)
02-13 04:35:34.443 E/AndroidRuntime( 3763): 	at android.os.Handler.dispatchMessage(Handler.java:92)
02-13 04:35:34.443 E/AndroidRuntime( 3763): 	at android.os.Looper.loop(Looper.java:137)
02-13 04:35:34.443 E/AndroidRuntime( 3763): 	at android.app.ActivityThread.main(ActivityThread.java:5103)
02-13 04:35:34.443 E/AndroidRuntime( 3763): 	at java.lang.reflect.Method.invokeNative(Native Method)
02-13 04:35:34.443 E/AndroidRuntime( 3763): 	at java.lang.reflect.Method.invoke(Method.java:525)
02-13 04:35:34.443 E/AndroidRuntime( 3763): 	at com.android.internal.os.ZygoteInit$MethodAndArgsCaller.run(ZygoteInit.java:737)
02-13 04:35:34.443 E/AndroidRuntime( 3763): 	at com.android.internal.os.ZygoteInit.main(ZygoteInit.java:553)
02-13 04:35:34.443 E/AndroidRuntime( 3763): 	at dalvik.system.NativeStart.main(Native Method)
02-13 04:35:34.463 E/BufferQueue( 2649): [ScreenshotClient] dequeueBuffer: can't dequeue multiple buffers without setting the buffer count
02-13 04:35:34.463 W/ActivityManager( 2649):   Force finishing activity org.doubango.imsdroid/.Main
02-13 04:35:34.503 D/dalvikvm( 2649): GC_FOR_ALLOC freed 548K, 17% free 6172K/7356K, paused 34ms, total 34ms
02-13 04:35:34.543 D/dalvikvm( 2649): GC_FOR_ALLOC freed 769K, 25% free 5590K/7356K, paused 32ms, total 32ms
02-13 04:35:34.573 D/        ( 2649): AccelSensor enable 0 ,usercount 0, handle 0 ,mEnabled 0
02-13 04:35:35.043 W/ActivityManager( 2649): Activity pause timeout for ActivityRecord{41b4ffd0 u0 org.doubango.imsdroid/.Main}
02-13 04:35:35.093 E/BufferQueue( 2360): [com.android.launcher/com.android.launcher2.Launcher] dequeueBuffer: can't dequeue multiple buffers without setting the buffer count
02-13 04:35:35.203 I/shinhua1( 3763): level -56
02-13 04:35:35.303 I/shinhua1( 3763): level -55
02-13 04:35:35.433 I/shinhua1( 3763): level -55
02-13 04:35:35.503 I/shinhua1( 3763): level -55
02-13 04:35:35.523 I/ActivityManager( 2649): No longer want com.android.exchange (pid 3114): empty #17
02-13 04:35:37.043 I/Process ( 3763): Sending signal. PID: 3763 SIG: 9
02-13 04:35:37.043 W/audio_hw_primary( 2363): card 0, port 0 device 0x2
02-13 04:35:37.043 W/audio_hw_primary( 2363): rate 44100, channel 2 period_size 0xc0
02-13 04:35:37.053 I/ActivityManager( 2649): Process org.doubango.imsdroid (pid 3763) has died.
02-13 04:35:37.053 W/ActivityManager( 2649): Scheduling restart of crashed service org.doubango.imsdroid/.NativeService in 5000ms
02-13 04:35:37.053 I/WindowState( 2649): WIN DEATH: Window{41cb6fd0 u0 org.doubango.imsdroid/org.doubango.imsdroid.Main}
02-13 04:35:37.063 W/InputMethodManagerService( 2649): Got RemoteException sending setActive(false) notification to pid 3763 uid 10044
02-13 04:35:40.163 W/audio_hw_primary( 2363): do_out_standby... 1074145152
02-13 04:35:42.073 D/dalvikvm( 3828): Not late-enabling CheckJNI (already on)
02-13 04:35:42.073 I/ActivityManager( 2649): Start proc org.doubango.imsdroid for service org.doubango.imsdroid/.NativeService: pid=3828 uid=10044 gids={50044, 3002, 3001, 3003, 1015, 1006, 1028}
02-13 04:35:42.103 I/dalvikvm( 3828): Turning on JNI app bug workarounds for target SDK version 11...
02-13 04:35:42.123 D/org.doubango.imsdroid.IMSDroid( 3828): IMSDroid()
02-13 04:35:42.123 D/org.doubango.ngn.NgnApplication( 3828): Build.MODEL=sabresd-mx6dq
02-13 04:35:42.123 D/org.doubango.ngn.NgnApplication( 3828): Build.VERSION.SDK=18
02-13 04:35:42.123 D/dalvikvm( 3828): Trying to load lib /data/data/org.doubango.imsdroid/lib/libutils_armv5te.so 0x419af488
02-13 04:35:42.123 D/dalvikvm( 3828): Added shared lib /data/data/org.doubango.imsdroid/lib/libutils_armv5te.so 0x419af488
02-13 04:35:42.123 D/dalvikvm( 3828): No JNI_OnLoad found in /data/data/org.doubango.imsdroid/lib/libutils_armv5te.so 0x419af488, skipping init
02-13 04:35:42.123 D/org.doubango.ngn.NgnEngine( 3828): CPU_Feature=15
02-13 04:35:42.123 D/org.doubango.ngn.NgnEngine( 3828): isCpuNeon()=YES
02-13 04:35:42.123 D/dalvikvm( 3828): Trying to load lib /data/data/org.doubango.imsdroid/lib/libtinyWRAP_neon.so 0x419af488
02-13 04:35:42.133 D/dalvikvm( 3828): Added shared lib /data/data/org.doubango.imsdroid/lib/libtinyWRAP_neon.so 0x419af488
02-13 04:35:42.133 D/dalvikvm( 3828): No JNI_OnLoad found in /data/data/org.doubango.imsdroid/lib/libtinyWRAP_neon.so 0x419af488, skipping init
02-13 04:35:42.143 D/org.doubango.ngn.NgnApplication( 3828): sGlEsVersion=131072
02-13 04:35:42.163 D/org.doubango.ngn.NgnEngine( 3828): Configure AEC[true/200] AEC_TAIL_ADAPT[true] NoiseSuppression[true], Voice activity detection[false]
02-13 04:35:42.163 D/org.doubango.ngn.NgnNativeService( 3828): onCreate()
02-13 04:35:42.163 D/org.doubango.imsdroid.NativeService( 3828): onCreate()
02-13 04:35:42.163 D/org.doubango.ngn.NgnNativeService( 3828): onStart()
02-13 04:35:42.163 D/org.doubango.imsdroid.NativeService( 3828): onStart()
02-13 04:36:47.003 I/ActivityManager( 2649): START u0 {act=android.intent.action.MAIN cat=[android.intent.category.LAUNCHER] flg=0x10200000 cmp=org.doubango.imsdroid/.Main} from pid 2863
02-13 04:36:47.013 W/audio_hw_primary( 2363): card 0, port 0 device 0x2
02-13 04:36:47.013 W/audio_hw_primary( 2363): rate 44100, channel 2 period_size 0xc0
02-13 04:36:47.013 E/BufferQueue( 2649): [ScreenshotClient] dequeueBuffer: can't dequeue multiple buffers without setting the buffer count
02-13 04:36:47.053 D/dalvikvm( 2649): GC_FOR_ALLOC freed 213K, 18% free 6097K/7356K, paused 34ms, total 34ms
02-13 04:36:47.093 D/dalvikvm( 2649): GC_FOR_ALLOC freed 220K, 18% free 6066K/7356K, paused 34ms, total 34ms
02-13 04:36:47.113 D/        ( 2649): AccelSensor enable 1 ,usercount 1, handle 0 ,mEnabled 1
02-13 04:36:47.133 I/ActivityManager( 2649): START u0 {cmp=org.doubango.imsdroid/.Screens.ScreenSplash} from pid 3828
02-13 04:36:47.143 D/        ( 2649): AccelSensor enable 0 ,usercount 0, handle 0 ,mEnabled 0
02-13 04:36:47.223 D/org.doubango.imsdroid.Screens.ScreenSplash( 3828): Starts the engine from the splash screen
02-13 04:36:47.223 D/org.doubango.ngn.services.impl.NgnConfigurationService( 3828): starting...
02-13 04:36:47.223 D/org.doubango.ngn.services.impl.NgnStorageService( 3828): starting...
02-13 04:36:47.223 D/org.doubango.ngn.services.impl.NgnNetworkService( 3828): Starting...
02-13 04:36:47.233 D/org.doubango.ngn.services.impl.NgnHttpClientService( 3828): Starting...
02-13 04:36:47.243 D/org.doubango.ngn.services.impl.NgnHistoryService( 3828): Starting...
02-13 04:36:47.263 D/dalvikvm( 3828): GC_FOR_ALLOC freed 209K, 9% free 2823K/3088K, paused 19ms, total 19ms
02-13 04:36:47.263 D/org.doubango.ngn.services.impl.NgnContactService( 3828): starting...
02-13 04:36:47.263 D/org.doubango.ngn.services.impl.NgnContactService( 3828): Observer Looper enter()
02-13 04:36:47.263 D/org.doubango.ngn.services.impl.NgnSipService( 3828): starting...
02-13 04:36:47.263 D/org.doubango.ngn.services.impl.NgnSoundService( 3828): starting...
02-13 04:36:47.263 D/org.doubango.ngn.services.impl.NgnHistoryService( 3828): Loading history
02-13 04:36:47.263 I/dalvikvm( 3828): Could not find method javax.xml.stream.XMLInputFactory.newInstance, referenced from method org.simpleframework.xml.stream.StreamProvider.<init>
02-13 04:36:47.263 W/dalvikvm( 3828): VFY: unable to resolve static method 1738: Ljavax/xml/stream/XMLInputFactory;.newInstance ()Ljavax/xml/stream/XMLInputFactory;
02-13 04:36:47.263 D/dalvikvm( 3828): VFY: replacing opcode 0x71 at 0x0003
02-13 04:36:47.263 W/dalvikvm( 3828): VFY: unable to find class referenced in signature (Ljavax/xml/stream/XMLEventReader;)
02-13 04:36:47.273 W/dalvikvm( 3828): VFY: unable to find class referenced in signature (Ljavax/xml/stream/XMLEventReader;)
02-13 04:36:47.273 I/dalvikvm( 3828): Could not find method javax.xml.stream.XMLInputFactory.createXMLEventReader, referenced from method org.simpleframework.xml.stream.StreamProvider.provide
02-13 04:36:47.273 W/dalvikvm( 3828): VFY: unable to resolve virtual method 1736: Ljavax/xml/stream/XMLInputFactory;.createXMLEventReader (Ljava/io/InputStream;)Ljavax/xml/stream/XMLEventReader;
02-13 04:36:47.273 D/dalvikvm( 3828): VFY: replacing opcode 0x6e at 0x0002
02-13 04:36:47.273 I/dalvikvm( 3828): Could not find method javax.xml.stream.XMLInputFactory.createXMLEventReader, referenced from method org.simpleframework.xml.stream.StreamProvider.provide
02-13 04:36:47.273 W/dalvikvm( 3828): VFY: unable to resolve virtual method 1737: Ljavax/xml/stream/XMLInputFactory;.createXMLEventReader (Ljava/io/Reader;)Ljavax/xml/stream/XMLEventReader;
02-13 04:36:47.273 D/dalvikvm( 3828): VFY: replacing opcode 0x6e at 0x0002
02-13 04:36:47.293 D/org.doubango.ngn.services.impl.NgnHistoryService( 3828): History loaded
02-13 04:36:47.293 D/libEGL  ( 3828): loaded /system/lib/egl/libEGL_VIVANTE.so
02-13 04:36:50.163 W/audio_hw_primary( 2363): do_out_standby... 1074145152
02-13 04:36:50.793 D/libEGL  ( 3828): loaded /system/lib/egl/libGLESv1_CM_VIVANTE.so
02-13 04:36:50.853 D/libEGL  ( 3828): loaded /system/lib/egl/libGLESv2_VIVANTE.so
02-13 04:36:50.923 E/BufferQueue( 2360): [org.doubango.imsdroid/org.doubango.imsdroid.Screens.ScreenSplash] dequeueBuffer: can't dequeue multiple buffers without setting the buffer count
02-13 04:36:50.923 D/OpenGLRenderer( 3828): Enabling debug mode 0
02-13 04:36:50.933 D/org.doubango.ngn.NgnNativeService( 3828): onStart()
02-13 04:36:50.933 D/org.doubango.imsdroid.NativeService( 3828): onStart()
02-13 04:36:50.993 D/org.doubango.imsdroid.Screens.ScreenSplash( 3828): onReceive()
