02-13 04:38:22.463 I/william ( 3914): Enter BLEDeviceScanActivity
02-13 04:38:22.463 D/BluetoothAdapter( 3914): startLeScan(): null
02-13 04:38:22.463 D/BtGatt.GattService( 2985): registerClient() - UUID=cc2b7838-19bf-4eb9-ab32-5f6740aa5104
02-13 04:38:22.463 D/BtGatt.btif( 2985): btif_gattc_register_app
02-13 04:38:22.463 D/BtGatt.btif( 2985): btgattc_handle_event: Event 1000
02-13 04:38:22.463 D/BtGatt.btif( 2985): btif_gattc_upstreams_evt: Event 0
02-13 04:38:22.463 D/BtGatt.GattService( 2985): onClientRegistered() - UUID=cc2b7838-19bf-4eb9-ab32-5f6740aa5104, clientIf=4
02-13 04:38:22.463 D/dalvikvm( 2985): GREF has increased to 201
02-13 04:38:22.463 D/BluetoothAdapter( 3914): onClientRegistered() - status=0 clientIf=4
02-13 04:38:22.463 D/BtGatt.GattService( 2985): startScan() - queue=0
02-13 04:38:22.463 D/BtGatt.GattService( 2985): startScan() - adding client=4
02-13 04:38:22.463 D/BtGatt.btif( 2985): btif_gattc_scan
02-13 04:38:22.463 D/BtGatt.btif( 2985): btgattc_handle_event: Event 1002
02-13 04:38:22.463 I/ble     ( 3914): scanLeDeviceStart = true
02-13 04:38:22.463 D/BluetoothAdapter( 3914): startLeScan(): null
02-13 04:38:22.463 E/BluetoothAdapter( 3914): LE Scan has already started
02-13 04:38:22.463 I/william ( 3914):  BLE connect = false
02-13 04:38:22.523 I/shinhua ( 3914): ArcLayout onMeasure(int widthMeasureSpec, int heightMeasureSpec)
02-13 04:38:22.523 I/shinhua ( 3914): onMeasure size: 225
02-13 04:38:22.533 I/shinhua ( 3914): ArcLayout onMeasure(int widthMeasureSpec, int heightMeasureSpec)
02-13 04:38:22.533 I/shinhua ( 3914): onMeasure size: 225
02-13 04:38:22.533 I/shinhua ( 3914): ArcLayout onMeasure(int widthMeasureSpec, int heightMeasureSpec)
02-13 04:38:22.533 I/shinhua ( 3914): onMeasure size: 225
02-13 04:38:22.533 I/shinhua ( 3914): ArcLayout onMeasure(int widthMeasureSpec, int heightMeasureSpec)
02-13 04:38:22.533 I/shinhua ( 3914): onMeasure size: 225
02-13 04:38:22.573 I/shinhua ( 3914): ArcLayout onMeasure(int widthMeasureSpec, int heightMeasureSpec)
02-13 04:38:22.573 I/shinhua ( 3914): onMeasure size: 225
02-13 04:38:22.573 I/shinhua ( 3914): ArcLayout onMeasure(int widthMeasureSpec, int heightMeasureSpec)
02-13 04:38:22.573 I/shinhua ( 3914): onMeasure size: 225
02-13 04:38:22.573 I/shinhua ( 3914): ArcLayout onMeasure(int widthMeasureSpec, int heightMeasureSpec)
02-13 04:38:22.573 I/shinhua ( 3914): onMeasure size: 225
02-13 04:38:22.573 I/shinhua ( 3914): ArcLayout onMeasure(int widthMeasureSpec, int heightMeasureSpec)
02-13 04:38:22.573 I/shinhua ( 3914): onMeasure size: 225
02-13 04:38:22.593 I/shinhua ( 3914): ArcLayout onLayout(boolean changed, int l, int t, int r, int b)
02-13 04:38:22.593 I/shinhua ( 3914): centerX: 112 centerY: 112 gw: 225 gh: 225
02-13 04:38:23.233 I/shinhua1( 3914): level -54
02-13 04:38:23.443 I/shinhua1( 3914): level -54
02-13 04:38:25.113 W/audio_hw_primary( 2363): do_out_standby... 1074145152
02-13 04:38:27.153 I/shinhua1( 3914): level -55
02-13 04:38:27.423 I/shinhua1( 3914): level -55
02-13 04:38:28.163 I/william ( 3914):  BLE connect = false
02-13 04:38:28.163 I/shinhua1( 3914): connectStatus BLE disconnected
02-13 04:38:28.233 I/shinhua1( 3914): level -55
02-13 04:38:28.433 I/shinhua1( 3914): level -56
02-13 04:38:29.163 I/william ( 3914):  BLE connect = false
02-13 04:38:29.163 I/shinhua1( 3914): connectStatus BLE disconnected
02-13 04:38:32.153 I/shinhua1( 3914): level -56
02-13 04:38:32.193 D/BluetoothAdapter( 3914): stopLeScan()
02-13 04:38:32.193 D/BtGatt.GattService( 2985): stopScan() - queue=1
02-13 04:38:32.193 D/BtGatt.GattService( 2985): stopScan() - queue empty; stopping scan
02-13 04:38:32.193 D/BtGatt.btif( 2985): btif_gattc_scan
02-13 04:38:32.193 D/BtGatt.btif( 2985): btgattc_handle_event: Event 1003
02-13 04:38:32.203 D/BtGatt.GattService( 2985): unregisterClient() - clientIf=4
02-13 04:38:32.203 D/BtGatt.btif( 2985): btif_gattc_unregister_app
02-13 04:38:32.203 D/BtGatt.btif( 2985): btgattc_handle_event: Event 1001
02-13 04:38:32.203 D/BtGatt.btif( 2985): btif_gattc_upstreams_evt: Event 1
02-13 04:38:32.423 I/shinhua1( 3914): level -56
02-13 04:38:32.463 D/BluetoothAdapter( 3914): stopLeScan()
02-13 04:38:33.233 I/shinhua1( 3914): level -56
02-13 04:38:33.443 I/shinhua1( 3914): level -56
02-13 04:38:37.163 I/shinhua1( 3914): level -56
02-13 04:38:37.423 I/shinhua1( 3914): level -56
02-13 04:38:38.233 I/shinhua1( 3914): level -56
02-13 04:38:38.443 I/shinhua1( 3914): level -56
02-13 04:38:42.153 I/shinhua1( 3914): level -56
02-13 04:38:42.423 I/shinhua1( 3914): level -56
02-13 04:38:43.233 I/shinhua1( 3914): level -56
02-13 04:38:43.433 I/shinhua1( 3914): level -56
02-13 04:38:47.153 I/shinhua1( 3914): level -56
02-13 04:38:47.423 I/shinhua1( 3914): level -56
02-13 04:38:48.233 I/shinhua1( 3914): level -56
02-13 04:38:48.443 I/shinhua1( 3914): level -56
02-13 04:38:52.153 I/shinhua1( 3914): level -57
02-13 04:38:52.423 I/shinhua1( 3914): level -57
02-13 04:38:53.233 I/shinhua1( 3914): level -57
02-13 04:38:53.443 I/shinhua1( 3914): level -57
02-13 04:38:57.163 I/shinhua1( 3914): level -56
02-13 04:38:57.423 I/shinhua1( 3914): level -56
02-13 04:38:58.233 I/shinhua1( 3914): level -56
02-13 04:38:58.433 I/shinhua1( 3914): level -55
02-13 04:39:02.153 I/shinhua1( 3914): level -55
02-13 04:39:02.423 I/shinhua1( 3914): level -55
02-13 04:39:03.233 I/shinhua1( 3914): level -55
02-13 04:39:03.433 I/shinhua1( 3914): level -55
02-13 04:39:07.153 I/shinhua1( 3914): level -55
02-13 04:39:07.423 I/shinhua1( 3914): level -55
02-13 04:39:07.973 I/william ( 3914): Robot start running333
02-13 04:39:08.233 I/shinhua1( 3914): level -55
02-13 04:39:08.443 I/shinhua1( 3914): level -55
02-13 04:39:12.163 I/shinhua1( 3914): level -55
02-13 04:39:12.423 I/shinhua1( 3914): level -55
02-13 04:39:13.233 I/shinhua1( 3914): level -55
02-13 04:39:13.443 I/shinhua1( 3914): level -55
02-13 04:39:17.153 I/shinhua1( 3914): level -55
02-13 04:39:17.423 I/shinhua1( 3914): level -55
02-13 04:39:18.233 I/shinhua1( 3914): level -55
02-13 04:39:18.433 I/shinhua1( 3914): level -55
02-13 04:39:22.153 I/shinhua1( 3914): level -54
02-13 04:39:22.423 I/shinhua1( 3914): level -54
02-13 04:39:23.233 I/shinhua1( 3914): level -54
02-13 04:39:23.433 I/shinhua1( 3914): level -54
02-13 04:39:24.183 E/GpsXtraDownloader( 2649): No XTRA servers were specified in the GPS configuration
02-13 04:39:27.133 I/william ( 3914):  ( oldX , oldY ) = (1 , 1)  (oX , oY) = (1 , 1)  (nX , nY) = (2 , 1)
02-13 04:39:27.133 D/jamesdebug( 3914): original compass: 0
02-13 04:39:27.133 D/jamesdebug( 3914): now compass: 0
02-13 04:39:27.133 D/jamesdebug( 3914): Select compassID: 0
02-13 04:39:27.133 D/jamesdebug( 3914): =============dx=============: 1
02-13 04:39:27.133 D/jamesdebug( 3914): =============dy=============: 0
02-13 04:39:27.133 I/william ( 3914): Robot start running444
02-13 04:39:27.133 D/jamesdebug( 3914): xxx = RotateAngle N 90
02-13 04:39:27.153 I/shinhua1( 3914): level -55
02-13 04:39:27.423 I/shinhua1( 3914): level -55
02-13 04:39:27.633 D/jamesdebug( 3914): Direction_RotateAngle N 90
02-13 04:39:27.643 I/hello   ( 3914): len = 6
02-13 04:39:28.233 I/shinhua1( 3914): level -55
02-13 04:39:28.433 I/shinhua1( 3914): level -55
02-13 04:39:32.153 I/shinhua1( 3914): level -57
02-13 04:39:32.423 I/shinhua1( 3914): level -57
02-13 04:39:33.233 I/shinhua1( 3914): level -57
02-13 04:39:33.443 I/shinhua1( 3914): level -57
02-13 04:39:37.163 I/shinhua1( 3914): level -59
02-13 04:39:37.423 I/shinhua1( 3914): level -59
02-13 04:39:38.233 I/shinhua1( 3914): level -54
02-13 04:39:38.443 I/shinhua1( 3914): level -54
02-13 04:39:42.153 I/shinhua1( 3914): level -57
02-13 04:39:42.423 I/shinhua1( 3914): level -57
02-13 04:39:43.233 I/shinhua1( 3914): level -57
02-13 04:39:43.443 I/shinhua1( 3914): level -57
02-13 04:39:47.163 I/shinhua1( 3914): level -57
02-13 04:39:47.423 I/shinhua1( 3914): level -57
02-13 04:39:48.233 I/shinhua1( 3914): level -57
02-13 04:39:48.443 I/shinhua1( 3914): level -57
02-13 04:39:52.153 I/shinhua1( 3914): level -54
02-13 04:39:52.423 I/shinhua1( 3914): level -54
02-13 04:39:53.233 I/shinhua1( 3914): level -58
02-13 04:39:53.443 I/shinhua1( 3914): level -58
02-13 04:39:57.153 I/shinhua1( 3914): level -54
02-13 04:39:57.423 I/shinhua1( 3914): level -54
02-13 04:39:58.233 I/shinhua1( 3914): level -54
02-13 04:39:58.443 I/shinhua1( 3914): level -54
02-13 04:39:59.993 I/ActivityManager( 2649): No longer want com.android.providers.calendar (pid 3043): empty for 1806s
02-13 04:39:59.993 I/ActivityManager( 2649): No longer want com.android.calendar (pid 3005): empty for 1836s
02-13 04:39:59.993 I/ActivityManager( 2649): No longer want com.android.deskclock (pid 3072): empty for 1836s
02-13 04:39:59.993 I/ActivityManager( 2649): No longer want com.android.mms (pid 3151): empty for 1836s
02-13 04:39:59.993 I/ActivityManager( 2649): No longer want com.android.settings (pid 2895): empty for 1840s
02-13 04:40:00.003 I/ActivityManager( 2649): No longer want com.android.onetimeinitializer (pid 3187): empty for 1840s
02-13 04:40:00.003 I/ActivityManager( 2649): No longer want com.android.email (pid 3095): empty for 1840s
02-13 04:40:00.013 I/ActivityManager( 2649): Kill com.android.calendar (pid 3005): provider com.android.providers.calendar.CalendarProvider2 in dying process com.android.providers.calendar
02-13 04:40:00.023 D/CountryDetector( 2649): No listener is left
02-13 04:40:02.153 I/shinhua1( 3914): level -56
02-13 04:40:02.423 I/shinhua1( 3914): level -56
02-13 04:40:03.233 I/shinhua1( 3914): level -56
02-13 04:40:03.443 I/shinhua1( 3914): level -56
02-13 04:40:07.153 I/shinhua1( 3914): level -55
02-13 04:40:07.423 I/shinhua1( 3914): level -55
02-13 04:40:08.233 I/shinhua1( 3914): level -56
02-13 04:40:08.443 I/shinhua1( 3914): level -56
02-13 04:40:12.163 I/shinhua1( 3914): level -55
02-13 04:40:12.423 I/shinhua1( 3914): level -55
02-13 04:40:13.233 I/shinhua1( 3914): level -55
02-13 04:40:13.443 I/shinhua1( 3914): level -55
02-13 04:40:17.153 I/shinhua1( 3914): level -58
02-13 04:40:17.423 I/shinhua1( 3914): level -58
02-13 04:40:18.233 I/shinhua1( 3914): level -58
02-13 04:40:18.443 I/shinhua1( 3914): level -58
02-13 04:40:22.153 I/shinhua1( 3914): level -57
02-13 04:40:22.423 I/shinhua1( 3914): level -57
02-13 04:40:23.233 I/shinhua1( 3914): level -58
02-13 04:40:23.443 I/shinhua1( 3914): level -58
02-13 04:40:27.163 I/shinhua1( 3914): level -57
02-13 04:40:27.423 I/shinhua1( 3914): level -57
02-13 04:40:28.233 I/shinhua1( 3914): level -57
02-13 04:40:28.443 I/shinhua1( 3914): level -57
02-13 04:40:32.153 I/shinhua1( 3914): level -57
02-13 04:40:32.423 I/shinhua1( 3914): level -57
02-13 04:40:33.233 I/shinhua1( 3914): level -57
02-13 04:40:33.443 I/shinhua1( 3914): level -57
02-13 04:40:37.153 I/shinhua1( 3914): level -56
02-13 04:40:37.423 I/shinhua1( 3914): level -56
02-13 04:40:38.233 I/shinhua1( 3914): level -57
02-13 04:40:38.443 I/shinhua1( 3914): level -57
02-13 04:40:42.153 I/shinhua1( 3914): level -57
02-13 04:40:42.423 I/shinhua1( 3914): level -57
02-13 04:40:43.233 I/shinhua1( 3914): level -57
02-13 04:40:43.443 I/shinhua1( 3914): level -57
02-13 04:40:47.153 I/shinhua1( 3914): level -57
02-13 04:40:47.423 I/shinhua1( 3914): level -57
02-13 04:40:48.233 I/shinhua1( 3914): level -57
02-13 04:40:48.443 I/shinhua1( 3914): level -57
02-13 04:40:49.723 D/dalvikvm( 2734): GC_FOR_ALLOC freed 383K, 57% free 4986K/11524K, paused 18ms, total 18ms
02-13 04:40:52.153 I/shinhua1( 3914): level -56
02-13 04:40:52.423 I/shinhua1( 3914): level -56
02-13 04:40:53.233 I/shinhua1( 3914): level -55
02-13 04:40:53.443 I/shinhua1( 3914): level -55
02-13 04:40:57.153 I/shinhua1( 3914): level -56
02-13 04:40:57.423 I/shinhua1( 3914): level -56
02-13 04:40:58.233 I/shinhua1( 3914): level -56
02-13 04:40:58.443 I/shinhua1( 3914): level -56
02-13 04:40:59.993 I/ActivityManager( 2649): No longer want android.process.media (pid 2815): empty for 1817s
02-13 04:41:00.013 W/ActivityManager( 2649): Scheduling restart of crashed service com.android.providers.media/.MtpService in 5000ms
02-13 04:41:02.153 I/shinhua1( 3914): level -58
02-13 04:41:02.423 I/shinhua1( 3914): level -58
02-13 04:41:03.233 I/shinhua1( 3914): level -58
02-13 04:41:03.443 I/shinhua1( 3914): level -58
02-13 04:41:05.043 I/ActivityManager( 2649): Start proc android.process.media for service com.android.providers.media/.MtpService: pid=3969 uid=10014 gids={50014, 1015, 1023, 1024, 1028, 2001, 3003, 3007}
02-13 04:41:05.063 D/dalvikvm( 3969): Debugger has detached; object registry had 1 entries
02-13 04:41:05.133 D/MtpService( 3969): updating state; isCurrentUser=true, mMtpLocked=false
02-13 04:41:05.133 D/MtpService( 3969): addStorageLocked 65537 /storage/emulated/0
02-13 04:41:05.133 D/MtpService( 3969): updating state; isCurrentUser=true, mMtpLocked=false
02-13 04:41:05.133 D/MtpService( 3969): starting MTP server in MTP mode
02-13 04:41:05.143 D/MtpService( 3969): addStorageLocked 65537 /storage/emulated/0
02-13 04:41:07.153 I/shinhua1( 3914): level -57
02-13 04:41:07.423 I/shinhua1( 3914): level -57
02-13 04:41:08.233 I/shinhua1( 3914): level -58
02-13 04:41:08.443 I/shinhua1( 3914): level -58
02-13 04:41:12.153 I/shinhua1( 3914): level -56
02-13 04:41:12.423 I/shinhua1( 3914): level -56
02-13 04:41:13.233 I/shinhua1( 3914): level -56
02-13 04:41:13.443 I/shinhua1( 3914): level -56
02-13 04:41:17.163 I/shinhua1( 3914): level -56
02-13 04:41:17.423 I/shinhua1( 3914): level -56
02-13 04:41:18.233 I/shinhua1( 3914): level -56
02-13 04:41:18.443 I/shinhua1( 3914): level -56
02-13 04:41:22.153 I/shinhua1( 3914): level -58
02-13 04:41:22.423 I/shinhua1( 3914): level -58
02-13 04:41:23.233 I/shinhua1( 3914): level -57
02-13 04:41:23.443 I/shinhua1( 3914): level -57
02-13 04:41:27.153 I/shinhua1( 3914): level -57
02-13 04:41:27.423 I/shinhua1( 3914): level -57
02-13 04:41:28.233 I/shinhua1( 3914): level -57
02-13 04:41:28.443 I/shinhua1( 3914): level -57
02-13 04:41:32.163 I/shinhua1( 3914): level -57
02-13 04:41:32.423 I/shinhua1( 3914): level -57
02-13 04:41:33.233 I/shinhua1( 3914): level -57
02-13 04:41:33.443 I/shinhua1( 3914): level -57
02-13 04:41:37.153 I/shinhua1( 3914): level -56
02-13 04:41:37.423 I/shinhua1( 3914): level -56
02-13 04:41:38.233 I/shinhua1( 3914): level -57
02-13 04:41:38.443 I/shinhua1( 3914): level -57
02-13 04:41:42.153 I/shinhua1( 3914): level -56
02-13 04:41:42.423 I/shinhua1( 3914): level -56
02-13 04:41:43.233 I/shinhua1( 3914): level -56
02-13 04:41:43.443 I/shinhua1( 3914): level -56
02-13 04:41:47.153 I/shinhua1( 3914): level -56
02-13 04:41:47.423 I/shinhua1( 3914): level -56
02-13 04:41:48.233 I/shinhua1( 3914): level -56
02-13 04:41:48.443 I/shinhua1( 3914): level -56
02-13 04:41:52.153 I/shinhua1( 3914): level -56
02-13 04:41:52.423 I/shinhua1( 3914): level -56
02-13 04:41:53.233 I/shinhua1( 3914): level -55
02-13 04:41:53.443 I/shinhua1( 3914): level -55
02-13 04:41:57.153 I/shinhua1( 3914): level -57
02-13 04:41:57.423 I/shinhua1( 3914): level -57
02-13 04:41:58.233 I/shinhua1( 3914): level -57
02-13 04:41:58.443 I/shinhua1( 3914): level -57
02-13 04:42:02.153 I/shinhua1( 3914): level -56
02-13 04:42:02.423 I/shinhua1( 3914): level -56
02-13 04:42:03.233 I/shinhua1( 3914): level -56
02-13 04:42:03.443 I/shinhua1( 3914): level -56
02-13 04:42:07.153 I/shinhua1( 3914): level -54
02-13 04:42:07.423 I/shinhua1( 3914): level -54
02-13 04:42:08.233 I/shinhua1( 3914): level -56
02-13 04:42:08.443 I/shinhua1( 3914): level -56
02-13 04:42:12.153 I/shinhua1( 3914): level -57
02-13 04:42:12.423 I/shinhua1( 3914): level -57
02-13 04:42:13.233 I/shinhua1( 3914): level -57
02-13 04:42:13.443 I/shinhua1( 3914): level -57
02-13 04:42:17.153 I/shinhua1( 3914): level -55
02-13 04:42:17.423 I/shinhua1( 3914): level -55
02-13 04:42:18.233 I/shinhua1( 3914): level -55
02-13 04:42:18.443 I/shinhua1( 3914): level -55
02-13 04:42:22.153 I/shinhua1( 3914): level -55
02-13 04:42:22.423 I/shinhua1( 3914): level -55
02-13 04:42:23.233 I/shinhua1( 3914): level -55
02-13 04:42:23.433 I/shinhua1( 3914): level -55
02-13 04:42:27.153 I/shinhua1( 3914): level -52
02-13 04:42:27.423 I/shinhua1( 3914): level -52
02-13 04:42:28.233 I/shinhua1( 3914): level -52
02-13 04:42:28.433 I/shinhua1( 3914): level -52
02-13 04:42:31.063 D/AndroidRuntime( 3992): 
02-13 04:42:31.063 D/AndroidRuntime( 3992): >>>>>> AndroidRuntime START com.android.internal.os.RuntimeInit <<<<<<
02-13 04:42:31.063 D/AndroidRuntime( 3992): CheckJNI is ON
02-13 04:42:31.063 I/AndroidRuntime( 3992): JNI options: '-Xjniopts:warnonly'
02-13 04:42:31.083 D/dalvikvm( 3992): Trying to load lib libjavacore.so 0x0
02-13 04:42:31.083 D/dalvikvm( 3992): Added shared lib libjavacore.so 0x0
02-13 04:42:31.093 D/dalvikvm( 3992): Trying to load lib libnativehelper.so 0x0
02-13 04:42:31.093 D/dalvikvm( 3992): Added shared lib libnativehelper.so 0x0
02-13 04:42:31.243 D/AndroidRuntime( 3992): Calling main entry com.android.commands.pm.Pm
02-13 04:42:31.253 W/ActivityManager( 2649): No content provider found for permission revoke: file:///data/local/tmp/UI.apk
02-13 04:42:31.413 W/ActivityManager( 2649): No content provider found for permission revoke: file:///data/local/tmp/UI.apk
02-13 04:42:31.413 I/PackageManager( 2649): Copying native libraries to /data/app-lib/vmdl500064989
02-13 04:42:31.813 W/PackageParser( 2649): No actions in intent filter at /data/app/vmdl500064989.tmp Binary XML file line #50
02-13 04:42:31.913 D/dalvikvm( 2649): GC_FOR_ALLOC freed 1269K, 24% free 5733K/7524K, paused 37ms, total 37ms
02-13 04:42:32.063 D/dalvikvm( 2649): GC_FOR_ALLOC freed 547K, 21% free 5987K/7524K, paused 34ms, total 34ms
02-13 04:42:32.163 D/dalvikvm( 2649): GC_FOR_ALLOC freed 862K, 21% free 5994K/7524K, paused 34ms, total 34ms
02-13 04:42:32.163 I/shinhua1( 3914): level -51
02-13 04:42:32.263 D/dalvikvm( 2649): GC_FOR_ALLOC freed 865K, 21% free 5999K/7524K, paused 35ms, total 35ms
02-13 04:42:32.363 D/dalvikvm( 2649): GC_FOR_ALLOC freed 860K, 21% free 6008K/7524K, paused 35ms, total 35ms
02-13 04:42:32.423 I/shinhua1( 3914): level -51
02-13 04:42:33.233 I/shinhua1( 3914): level -51
02-13 04:42:33.433 I/shinhua1( 3914): level -51
02-13 04:42:33.753 I/ActivityManager( 2649): Force stopping package org.doubango.imsdroid appid=10044 user=-1
02-13 04:42:33.753 I/ActivityManager( 2649): Killing proc 3914:org.doubango.imsdroid/u0a10044: force stop org.doubango.imsdroid
02-13 04:42:33.753 W/ActivityManager( 2649): Scheduling restart of crashed service org.doubango.imsdroid/.NativeService in 5000ms
02-13 04:42:33.753 W/ActivityManager( 2649): Force removing ActivityRecord{41c64ed0 u0 org.doubango.imsdroid/.Main}: app died, no saved state
02-13 04:42:33.753 I/ActivityManager( 2649):   Force stopping service ServiceRecord{41d9ca78 u0 org.doubango.imsdroid/.NativeService}
02-13 04:42:33.763 I/WindowState( 2649): WIN DEATH: Window{41c90fb8 u0 org.doubango.imsdroid/org.doubango.imsdroid.Main}
02-13 04:42:36.213 D/        ( 2649): AccelSensor enable 0 ,usercount 0, handle 0 ,mEnabled 0
02-13 04:42:36.213 I/PackageManager( 2649): Package org.doubango.imsdroid codePath changed from /data/app/org.doubango.imsdroid-1.apk to /data/app/org.doubango.imsdroid-2.apk; Retaining data and using new
02-13 04:42:36.243 E/BufferQueue( 2360): [com.android.launcher/com.android.launcher2.Launcher] dequeueBuffer: can't dequeue multiple buffers without setting the buffer count
02-13 04:42:36.243 W/InputMethodManagerService( 2649): Got RemoteException sending setActive(false) notification to pid 3914 uid 10044
02-13 04:42:36.633 I/PackageManager( 2649): Running dexopt on: org.doubango.imsdroid
02-13 04:42:37.493 D/dalvikvm( 4004): DexOpt: load 70ms, verify+opt 611ms, 1834652 bytes
02-13 04:42:38.663 I/dalvikvm( 2649): Jit: resizing JitTable from 8192 to 16384
02-13 04:42:38.663 W/PackageManager( 2649): Code path for pkg : org.doubango.imsdroid changing from /data/app/org.doubango.imsdroid-1.apk to /data/app/org.doubango.imsdroid-2.apk
02-13 04:42:38.663 I/ActivityManager( 2649): Force stopping package org.doubango.imsdroid appid=10044 user=-1
02-13 04:42:38.663 W/PackageManager( 2649): Resource path for pkg : org.doubango.imsdroid changing from /data/app/org.doubango.imsdroid-1.apk to /data/app/org.doubango.imsdroid-2.apk
02-13 04:42:38.723 W/PackageManager( 2649): Unknown permission android.permission.RAISED_THREAD_PRIORITY in package org.doubango.imsdroid
02-13 04:42:38.793 I/ActivityManager( 2649): Force stopping package org.doubango.imsdroid appid=10044 user=0
02-13 04:42:38.823 I/InputReader( 2649): Reconfiguring input devices.  changes=0x00000010
02-13 04:42:38.823 D/dalvikvm( 2734): GC_EXPLICIT freed 479K, 60% free 4655K/11524K, paused 2ms+8ms, total 33ms
02-13 04:42:38.823 D/dalvikvm( 2863): GC_EXPLICIT freed 925K, 15% free 6183K/7232K, paused 1ms+6ms, total 33ms
02-13 04:42:38.833 D/dalvikvm( 2793): GC_EXPLICIT freed 160K, 12% free 2864K/3244K, paused 2ms+6ms, total 37ms
02-13 04:42:38.843 D/dalvikvm( 2649): GC_EXPLICIT freed 875K, 21% free 6009K/7524K, paused 4ms+7ms, total 54ms
02-13 04:42:38.843 D/dalvikvm( 2649): WAIT_FOR_CONCURRENT_GC blocked 14ms
02-13 04:42:38.843 D/dalvikvm( 2649): WAIT_FOR_CONCURRENT_GC blocked 12ms
02-13 04:42:38.843 D/dalvikvm( 2649): WAIT_FOR_CONCURRENT_GC blocked 15ms
02-13 04:42:38.853 I/InputReader( 2649): Reconfiguring input devices.  changes=0x00000010
02-13 04:42:38.863 D/BackupManagerService( 2649): Received broadcast Intent { act=android.intent.action.PACKAGE_REMOVED dat=package:org.doubango.imsdroid flg=0x8000010 (has extras) }
02-13 04:42:38.873 D/BackupManagerService( 2649): Received broadcast Intent { act=android.intent.action.PACKAGE_ADDED dat=package:org.doubango.imsdroid flg=0x8000010 (has extras) }
02-13 04:42:38.873 V/BackupManagerService( 2649): removePackageParticipantsLocked: uid=10044 #1
02-13 04:42:38.873 W/ContextImpl( 3458): Calling a method in the system process without a qualified user: android.app.ContextImpl.startService:1385 android.content.ContextWrapper.startService:473 android.content.ContextWrapper.startService:473 com.android.keychain.KeyChainBroadcastReceiver.onReceive:12 android.app.ActivityThread.handleReceiver:2424 
02-13 04:42:38.883 V/BackupManagerService( 2649): addPackageParticipantsLocked: #1
02-13 04:42:38.893 W/ResourceType( 2649): Failure getting entry for 0x7f060000 (t=5 e=0) in package 0 (error -75)
02-13 04:42:38.923 W/RecognitionManagerService( 2649): no available voice recognition services found for user 0
02-13 04:42:38.943 D/dalvikvm( 2649): GC_EXPLICIT freed 655K, 26% free 5606K/7524K, paused 3ms+5ms, total 81ms
02-13 04:42:38.963 D/AndroidRuntime( 3992): Shutting down VM
02-13 04:42:38.963 D/jdwp    ( 3992): Got wake-up signal, bailing out of select
02-13 04:42:38.963 D/dalvikvm( 3992): Debugger has detached; object registry had 1 entries
02-13 04:42:39.523 D/AndroidRuntime( 4014): 
02-13 04:42:39.523 D/AndroidRuntime( 4014): >>>>>> AndroidRuntime START com.android.internal.os.RuntimeInit <<<<<<
02-13 04:42:39.523 D/AndroidRuntime( 4014): CheckJNI is ON
02-13 04:42:39.523 I/AndroidRuntime( 4014): JNI options: '-Xjniopts:warnonly'
02-13 04:42:39.533 D/dalvikvm( 4014): Trying to load lib libjavacore.so 0x0
02-13 04:42:39.543 D/dalvikvm( 4014): Added shared lib libjavacore.so 0x0
02-13 04:42:39.553 D/dalvikvm( 4014): Trying to load lib libnativehelper.so 0x0
02-13 04:42:39.553 D/dalvikvm( 4014): Added shared lib libnativehelper.so 0x0
02-13 04:42:39.703 D/AndroidRuntime( 4014): Calling main entry com.android.commands.am.Am
02-13 04:42:39.703 D/dalvikvm( 4014): Note: class Landroid/app/ActivityManagerNative; has 163 unimplemented (abstract) methods
02-13 04:42:39.703 I/ActivityManager( 2649): START u0 {act=android.intent.action.MAIN cat=[android.intent.category.LAUNCHER] flg=0x10000000 cmp=org.doubango.imsdroid/.Main} from pid 4014
02-13 04:42:39.713 E/BufferQueue( 2649): [ScreenshotClient] dequeueBuffer: can't dequeue multiple buffers without setting the buffer count
02-13 04:42:39.723 D/AndroidRuntime( 4014): Shutting down VM
02-13 04:42:39.723 D/jdwp    ( 4014): Got wake-up signal, bailing out of select
02-13 04:42:39.723 D/dalvikvm( 4014): Debugger has detached; object registry had 1 entries
02-13 04:42:39.733 D/dalvikvm( 4026): Not late-enabling CheckJNI (already on)
02-13 04:42:39.733 I/ActivityManager( 2649): Start proc org.doubango.imsdroid for activity org.doubango.imsdroid/.Main: pid=4026 uid=10044 gids={50044, 3002, 3001, 3003, 1015, 1006, 1028}
02-13 04:42:39.743 I/dalvikvm( 4026): Turning on JNI app bug workarounds for target SDK version 11...
02-13 04:42:39.753 D/dalvikvm( 4026): Debugger has detached; object registry had 1 entries
02-13 04:42:39.753 D/        ( 2649): AccelSensor enable 1 ,usercount 1, handle 0 ,mEnabled 1
02-13 04:42:39.773 D/org.doubango.imsdroid.IMSDroid( 4026): IMSDroid()
02-13 04:42:39.783 D/org.doubango.ngn.NgnApplication( 4026): Build.MODEL=sabresd-mx6dq
02-13 04:42:39.783 D/org.doubango.ngn.NgnApplication( 4026): Build.VERSION.SDK=18
02-13 04:42:39.783 D/dalvikvm( 4026): Trying to load lib /data/data/org.doubango.imsdroid/lib/libutils_armv5te.so 0x419b2340
02-13 04:42:39.783 D/dalvikvm( 4026): Added shared lib /data/data/org.doubango.imsdroid/lib/libutils_armv5te.so 0x419b2340
02-13 04:42:39.783 D/dalvikvm( 4026): No JNI_OnLoad found in /data/data/org.doubango.imsdroid/lib/libutils_armv5te.so 0x419b2340, skipping init
02-13 04:42:39.783 D/org.doubango.ngn.NgnEngine( 4026): CPU_Feature=15
02-13 04:42:39.783 D/org.doubango.ngn.NgnEngine( 4026): isCpuNeon()=YES
02-13 04:42:39.783 D/dalvikvm( 4026): Trying to load lib /data/data/org.doubango.imsdroid/lib/libtinyWRAP_neon.so 0x419b2340
02-13 04:42:39.793 D/dalvikvm( 4026): Added shared lib /data/data/org.doubango.imsdroid/lib/libtinyWRAP_neon.so 0x419b2340
02-13 04:42:39.793 D/dalvikvm( 4026): No JNI_OnLoad found in /data/data/org.doubango.imsdroid/lib/libtinyWRAP_neon.so 0x419b2340, skipping init
02-13 04:42:39.803 D/org.doubango.ngn.NgnApplication( 4026): sGlEsVersion=131072
02-13 04:42:39.823 D/org.doubango.ngn.NgnEngine( 4026): Configure AEC[true/200] AEC_TAIL_ADAPT[true] NoiseSuppression[true], Voice activity detection[false]
02-13 04:42:39.843 I/ActivityManager( 2649): START u0 {cmp=org.doubango.imsdroid/.Screens.ScreenSplash} from pid 4026
02-13 04:42:39.853 D/        ( 2649): AccelSensor enable 0 ,usercount 0, handle 0 ,mEnabled 0
02-13 04:42:39.893 D/dalvikvm( 4026): GC_CONCURRENT freed 176K, 8% free 2751K/2984K, paused 3ms+2ms, total 24ms
02-13 04:42:39.923 D/org.doubango.imsdroid.Screens.ScreenSplash( 4026): Starts the engine from the splash screen
02-13 04:42:39.923 D/org.doubango.ngn.services.impl.NgnConfigurationService( 4026): starting...
02-13 04:42:39.923 D/org.doubango.ngn.services.impl.NgnStorageService( 4026): starting...
02-13 04:42:39.923 D/org.doubango.ngn.services.impl.NgnNetworkService( 4026): Starting...
02-13 04:42:39.933 D/org.doubango.ngn.services.impl.NgnHttpClientService( 4026): Starting...
02-13 04:42:39.933 D/org.doubango.ngn.services.impl.NgnHistoryService( 4026): Starting...
02-13 04:42:39.933 D/org.doubango.ngn.services.impl.NgnContactService( 4026): starting...
02-13 04:42:39.933 D/org.doubango.ngn.services.impl.NgnContactService( 4026): Observer Looper enter()
02-13 04:42:39.933 D/org.doubango.ngn.services.impl.NgnSipService( 4026): starting...
02-13 04:42:39.933 D/org.doubango.ngn.services.impl.NgnSoundService( 4026): starting...
02-13 04:42:39.943 D/org.doubango.ngn.services.impl.NgnHistoryService( 4026): Loading history
02-13 04:42:39.943 I/dalvikvm( 4026): Could not find method javax.xml.stream.XMLInputFactory.newInstance, referenced from method org.simpleframework.xml.stream.StreamProvider.<init>
02-13 04:42:39.943 W/dalvikvm( 4026): VFY: unable to resolve static method 1738: Ljavax/xml/stream/XMLInputFactory;.newInstance ()Ljavax/xml/stream/XMLInputFactory;
02-13 04:42:39.943 D/dalvikvm( 4026): VFY: replacing opcode 0x71 at 0x0003
02-13 04:42:39.943 W/dalvikvm( 4026): VFY: unable to find class referenced in signature (Ljavax/xml/stream/XMLEventReader;)
02-13 04:42:39.943 W/dalvikvm( 4026): VFY: unable to find class referenced in signature (Ljavax/xml/stream/XMLEventReader;)
02-13 04:42:39.943 I/dalvikvm( 4026): Could not find method javax.xml.stream.XMLInputFactory.createXMLEventReader, referenced from method org.simpleframework.xml.stream.StreamProvider.provide
02-13 04:42:39.943 W/dalvikvm( 4026): VFY: unable to resolve virtual method 1736: Ljavax/xml/stream/XMLInputFactory;.createXMLEventReader (Ljava/io/InputStream;)Ljavax/xml/stream/XMLEventReader;
02-13 04:42:39.943 D/dalvikvm( 4026): VFY: replacing opcode 0x6e at 0x0002
02-13 04:42:39.943 I/dalvikvm( 4026): Could not find method javax.xml.stream.XMLInputFactory.createXMLEventReader, referenced from method org.simpleframework.xml.stream.StreamProvider.provide
02-13 04:42:39.943 W/dalvikvm( 4026): VFY: unable to resolve virtual method 1737: Ljavax/xml/stream/XMLInputFactory;.createXMLEventReader (Ljava/io/Reader;)Ljavax/xml/stream/XMLEventReader;
02-13 04:42:39.943 D/dalvikvm( 4026): VFY: replacing opcode 0x6e at 0x0002
02-13 04:42:39.963 D/org.doubango.ngn.services.impl.NgnHistoryService( 4026): History loaded
02-13 04:42:39.983 D/libEGL  ( 4026): loaded /system/lib/egl/libEGL_VIVANTE.so
02-13 04:42:43.483 D/libEGL  ( 4026): loaded /system/lib/egl/libGLESv1_CM_VIVANTE.so
02-13 04:42:43.543 D/libEGL  ( 4026): loaded /system/lib/egl/libGLESv2_VIVANTE.so
02-13 04:42:43.613 E/BufferQueue( 2360): [org.doubango.imsdroid/org.doubango.imsdroid.Screens.ScreenSplash] dequeueBuffer: can't dequeue multiple buffers without setting the buffer count
02-13 04:42:43.613 D/OpenGLRenderer( 4026): Enabling debug mode 0
02-13 04:42:43.623 D/org.doubango.ngn.NgnNativeService( 4026): onCreate()
02-13 04:42:43.623 D/org.doubango.imsdroid.NativeService( 4026): onCreate()
02-13 04:42:43.623 D/org.doubango.ngn.NgnNativeService( 4026): onStart()
02-13 04:42:43.623 D/org.doubango.imsdroid.NativeService( 4026): onStart()
02-13 04:42:43.683 D/org.doubango.imsdroid.Screens.ScreenSplash( 4026): onReceive()
02-13 04:42:43.683 D/dalvikvm( 4026): Trying to load lib /data/app-lib/org.doubango.imsdroid-2/libhello-uart.so 0x419b2340
02-13 04:42:43.683 D/dalvikvm( 4026): Added shared lib /data/app-lib/org.doubango.imsdroid-2/libhello-uart.so 0x419b2340
02-13 04:42:43.683 I/hello   ( 4026): Entering JNI_OnLoad 
02-13 04:42:43.683 I/hello   ( 4026): Leaving JNI_OnLoad (result=0x10004)
02-13 04:42:43.683 I/JNI     ( 4026): Trying to load libhello-uart.so
02-13 04:42:43.693 I/ActivityManager( 2649): Displayed org.doubango.imsdroid/.Screens.ScreenSplash: +3s847ms (total +3s971ms)
02-13 04:42:43.693 I/hello   ( 4026): open uart port device node = /dev/ttymxc3 , ismxc2=0 ismxc3=1
02-13 04:42:43.693 I/hello   ( 4026): Native_SetUart 0
02-13 04:42:43.693 I/UartCmd ( 4026): Driving Board portname = ttymxc3 fd = 49
02-13 04:42:43.693 I/hello   ( 4026): open uart port device node = /dev/ttymxc2 , ismxc2=1 ismxc3=0
02-13 04:42:43.693 I/hello   ( 4026): Native_SetUart 1
02-13 04:42:43.693 I/UartCmd ( 4026): DW1000 portname = ttymxc2 fd = 53
02-13 04:42:43.713 D/dalvikvm( 4026): GC_FOR_ALLOC freed 212K, 9% free 2957K/3228K, paused 13ms, total 13ms
02-13 04:42:43.713 I/dalvikvm-heap( 4026): Grow heap (frag case) to 3.526MB for 614416-byte allocation
02-13 04:42:43.723 D/dalvikvm( 4026): GC_FOR_ALLOC freed 1K, 8% free 3555K/3832K, paused 12ms, total 12ms
02-13 04:42:43.743 I/shinhua ( 4026): Width: 800Height: 432
02-13 04:42:43.743 I/shinhua ( 4026): desity: 1.0dpi: 160.0
02-13 04:42:43.743 I/org.doubango.imsdroid.Screens.ScreenXYZsignin( 4026): william oncreate screen login here
02-13 04:42:43.753 I/shinhua ( 4026): Width: 800Height: 432
02-13 04:42:43.753 I/shinhua ( 4026): desity: 1.0dpi: 160.0
02-13 04:42:43.753 I/org.doubango.imsdroid.Screens.ScreenXYZsignin( 4026): william oncreate screen login here
02-13 04:42:43.753 E/BufferQueue( 2649): [ScreenshotClient] dequeueBuffer: can't dequeue multiple buffers without setting the buffer count
02-13 04:42:43.803 D/dalvikvm( 2649): GC_FOR_ALLOC freed 650K, 25% free 5646K/7524K, paused 37ms, total 37ms
02-13 04:42:43.803 D/        ( 2649): AccelSensor enable 1 ,usercount 1, handle 0 ,mEnabled 1
02-13 04:42:43.813 D/org.doubango.imsdroid.Main( 4026): onActivityResult(0,0)
02-13 04:42:43.823 V/PhoneStatusBar( 2734): setLightsOn(true)
02-13 04:42:43.843 E/BufferQueue( 2360): [org.doubango.imsdroid/org.doubango.imsdroid.Main] dequeueBuffer: can't dequeue multiple buffers without setting the buffer count
02-13 04:42:43.863 I/ActivityManager( 2649): Displayed org.doubango.imsdroid/.Main: +4s143ms
02-13 04:42:45.193 I/shinhua ( 4026): Login signin button was pressed.
02-13 04:42:45.193 I/shinhua ( 4026): shinhua oncreate screen login here
02-13 04:42:45.203 W/audio_hw_primary( 2363): card 0, port 0 device 0x2
02-13 04:42:45.203 W/audio_hw_primary( 2363): rate 44100, channel 2 period_size 0xc0
02-13 04:42:45.253 D/dalvikvm( 4026): GC_FOR_ALLOC freed 43K, 4% free 3711K/3840K, paused 13ms, total 14ms
02-13 04:42:45.253 I/dalvikvm-heap( 4026): Grow heap (frag case) to 4.262MB for 614416-byte allocation
02-13 04:42:45.273 D/dalvikvm( 4026): GC_FOR_ALLOC freed 178K, 7% free 4133K/4444K, paused 17ms, total 17ms
02-13 04:42:45.273 I/shinhua ( 4026): shinhua oncreate screen login here
02-13 04:42:46.663 I/shinhua ( 4026): shinhua editTextUsername = james1 editTextUsername = 0000
02-13 04:42:46.663 D/dalvikvm( 2832): GREF has increased to 201
02-13 04:42:46.683 I/org.doubango.imsdroid.Screens.ScreenXYZLogin( 4026): Username = james1 Password = 0000
02-13 04:42:46.703 I/william ( 4026): Name= james1 Pass = 0000
02-13 04:42:47.073 D/dalvikvm( 4026): GC_FOR_ALLOC freed 242K, 7% free 4423K/4724K, paused 15ms, total 16ms
02-13 04:42:47.083 I/william ( 4026): [SettingsDialog] Connected to 61.222.245.149
02-13 04:42:47.123 I/william ( 4026): Logged in as james1@james-pc/Smack
02-13 04:42:47.123 I/org.doubango.imsdroid.Screens.ScreenXYZLogin( 4026): james1 Loggin successful
02-13 04:42:47.123 D/org.doubango.ngn.services.impl.NgnSipService( 4026): register()
02-13 04:42:47.123 D/org.doubango.ngn.services.impl.NgnSipService( 4026): realm='sip:doubango.org', impu='sip:james1@61.222.245.149', impi='james1'
02-13 04:42:47.133 D/org.doubango.ngn.services.impl.NgnSipService( 4026): STUN2 - server=stun.l.google.com and port=19302
02-13 04:42:47.133 D/org.doubango.ngn.services.impl.NgnSipService( 4026): pcscf-host='61.222.245.149', pcscf-port='20060', transport='udp', ipversion='ipv4'
02-13 04:42:47.143 D/org.doubango.ngn.services.impl.NgnNetworkService( 4026): ::1%1
02-13 04:42:47.143 D/org.doubango.ngn.services.impl.NgnNetworkService( 4026): 127.0.0.1
02-13 04:42:47.143 I/org.doubango.ngn.services.impl.NgnNetworkService( 4026): interface=tunl0 is not up
02-13 04:42:47.143 I/org.doubango.ngn.services.impl.NgnNetworkService( 4026): interface=sit0 is not up
02-13 04:42:47.143 I/org.doubango.ngn.services.impl.NgnNetworkService( 4026): interface=ip6tnl0 is not up
02-13 04:42:47.163 D/dalvikvm( 4026): GC_FOR_ALLOC freed 479K, 13% free 4450K/5112K, paused 15ms, total 15ms
02-13 04:42:47.163 D/org.doubango.ngn.services.impl.NgnNetworkService( 4026): fe80::280:92ff:fe4d:eade%wlan0
02-13 04:42:47.163 D/org.doubango.ngn.services.impl.NgnNetworkService( 4026): 192.168.0.120
02-13 04:42:47.163 D/org.doubango.ngn.services.impl.NgnSipService( 4026): Local IP='192.168.0.120'
02-13 04:42:47.163 D/org.doubango.ngn.services.impl.NgnSipService( 4026): TLS - pvk='null' pbk='null' ca='null' verify=false
02-13 04:42:47.163 D/org.doubango.ngn.services.impl.NgnNetworkService( 4026): acquireNetworkLock()
02-13 04:42:47.163 D/org.doubango.ngn.services.impl.NgnNetworkService( 4026): netType=1 and netSubType=0
02-13 04:42:47.163 D/org.doubango.ngn.services.impl.NgnSipService( 4026): Stack started
02-13 04:42:47.173 D/org.doubango.ngn.services.impl.NgnSipService( 4026): OnDialogEvent (Dialog connecting,1)
02-13 04:42:47.173 D/org.doubango.ngn.services.impl.NgnSipService( 4026): OnDialogEvent ((un)REGISTER request successfully sent.,1)
02-13 04:42:47.173 D/org.doubango.imsdroid.Engine( 4026): showAppNotif
02-13 04:42:47.183 I/william ( 4026): enter broadcase
02-13 04:42:47.183 I/org.doubango.imsdroid.Screens.ScreenXYZLogin( 4026): Show main view here
02-13 04:42:48.223 I/shinhua ( 4026): GameView Constructor
02-13 04:42:48.233 I/shinhua ( 4026): ArcMenu(Context context ,  AttributeSet attrs)
02-13 04:42:48.233 I/shinhua ( 4026): ArcLayout(Context context, AttributeSet attrs)
02-13 04:42:48.233 I/shinhua ( 4026): newCdhildSize: 44
02-13 04:42:48.273 D/dalvikvm( 4026): GC_FOR_ALLOC freed 105K, 5% free 4900K/5140K, paused 16ms, total 16ms
02-13 04:42:48.303 I/shinhua ( 4026): params width 133params height133
02-13 04:42:48.323 I/william ( 4026): change map to 0
02-13 04:42:48.323 I/ble     ( 4026): board name is SABRESD-MX6DQ
02-13 04:42:48.323 I/org.doubango.imsdroid.Screens.ScreenDirection( 4026): support BT 4.0
02-13 04:42:48.323 I/william ( 4026): Enter BLEDeviceScanActivity
02-13 04:42:48.323 D/BluetoothManagerService( 2649): Message: 20
02-13 04:42:48.323 D/BluetoothManagerService( 2649): Added callback: android.bluetooth.IBluetoothManagerCallback$Stub$Proxy@41c0a710:true
02-13 04:42:48.333 D/BluetoothAdapter( 4026): startLeScan(): null
02-13 04:42:48.333 D/BtGatt.GattService( 2985): registerClient() - UUID=5d285072-20c0-4ffa-93c0-56bb04ef79f8
02-13 04:42:48.333 D/BtGatt.btif( 2985): btif_gattc_register_app
02-13 04:42:48.333 D/BtGatt.btif( 2985): btgattc_handle_event: Event 1000
02-13 04:42:48.333 D/BtGatt.btif( 2985): btif_gattc_upstreams_evt: Event 0
02-13 04:42:48.333 D/BtGatt.GattService( 2985): onClientRegistered() - UUID=5d285072-20c0-4ffa-93c0-56bb04ef79f8, clientIf=4
02-13 04:42:48.333 D/BluetoothAdapter( 4026): onClientRegistered() - status=0 clientIf=4
02-13 04:42:48.333 D/BtGatt.GattService( 2985): startScan() - queue=0
02-13 04:42:48.333 D/BtGatt.GattService( 2985): startScan() - adding client=4
02-13 04:42:48.333 D/BtGatt.btif( 2985): btif_gattc_scan
02-13 04:42:48.333 D/BtGatt.btif( 2985): btgattc_handle_event: Event 1002
02-13 04:42:48.333 I/ble     ( 4026): scanLeDeviceStart = true
02-13 04:42:48.333 D/BluetoothAdapter( 4026): startLeScan(): null
02-13 04:42:48.333 E/BluetoothAdapter( 4026): LE Scan has already started
02-13 04:42:48.333 I/william ( 4026):  BLE connect = false
02-13 04:42:48.333 I/ble     ( 4026): scanLeDeviceStart = false
02-13 04:42:48.333 D/BluetoothAdapter( 4026): stopLeScan()
02-13 04:42:48.333 D/BtGatt.GattService( 2985): stopScan() - queue=1
02-13 04:42:48.333 D/BtGatt.GattService( 2985): stopScan() - queue empty; stopping scan
02-13 04:42:48.333 D/BtGatt.btif( 2985): btif_gattc_scan
02-13 04:42:48.333 D/BtGatt.btif( 2985): btgattc_handle_event: Event 1003
02-13 04:42:48.333 D/BtGatt.GattService( 2985): unregisterClient() - clientIf=4
02-13 04:42:48.333 D/BtGatt.btif( 2985): btif_gattc_unregister_app
02-13 04:42:48.333 D/BtGatt.btif( 2985): btgattc_handle_event: Event 1001
02-13 04:42:48.333 D/BtGatt.btif( 2985): btif_gattc_upstreams_evt: Event 1
02-13 04:42:48.353 I/shinhua ( 4026): GameView Constructor
02-13 04:42:48.353 I/shinhua ( 4026): ArcMenu(Context context ,  AttributeSet attrs)
02-13 04:42:48.353 I/shinhua ( 4026): ArcLayout(Context context, AttributeSet attrs)
02-13 04:42:48.363 I/shinhua ( 4026): newCdhildSize: 44
02-13 04:42:48.383 D/dalvikvm( 4026): GC_FOR_ALLOC freed 182K, 5% free 5491K/5732K, paused 16ms, total 17ms
02-13 04:42:48.403 I/shinhua ( 4026): params width 133params height133
02-13 04:42:48.403 I/william ( 4026): change map to 0
02-13 04:42:48.433 I/ble     ( 4026): board name is SABRESD-MX6DQ
02-13 04:42:48.433 I/org.doubango.imsdroid.Screens.ScreenDirection( 4026): support BT 4.0
02-13 04:42:48.433 I/william ( 4026): Enter BLEDeviceScanActivity
02-13 04:42:48.433 D/BluetoothAdapter( 4026): startLeScan(): null
02-13 04:42:48.443 D/BtGatt.GattService( 2985): registerClient() - UUID=c294f376-bcf6-4e84-8b79-718afad8b69c
02-13 04:42:48.443 D/BtGatt.btif( 2985): btif_gattc_register_app
02-13 04:42:48.443 D/BtGatt.btif( 2985): btgattc_handle_event: Event 1000
02-13 04:42:48.443 D/BtGatt.btif( 2985): btif_gattc_upstreams_evt: Event 0
02-13 04:42:48.443 D/BtGatt.GattService( 2985): onClientRegistered() - UUID=c294f376-bcf6-4e84-8b79-718afad8b69c, clientIf=4
02-13 04:42:48.443 D/BluetoothAdapter( 4026): onClientRegistered() - status=0 clientIf=4
02-13 04:42:48.443 D/BtGatt.GattService( 2985): startScan() - queue=0
02-13 04:42:48.443 D/BtGatt.GattService( 2985): startScan() - adding client=4
02-13 04:42:48.443 D/BtGatt.btif( 2985): btif_gattc_scan
02-13 04:42:48.443 D/BtGatt.btif( 2985): btgattc_handle_event: Event 1002
02-13 04:42:48.443 I/ble     ( 4026): scanLeDeviceStart = true
02-13 04:42:48.443 D/BluetoothAdapter( 4026): startLeScan(): null
02-13 04:42:48.443 E/BluetoothAdapter( 4026): LE Scan has already started
02-13 04:42:48.443 I/william ( 4026):  BLE connect = false
02-13 04:42:48.443 I/shinhua ( 4026): ArcLayout onMeasure(int widthMeasureSpec, int heightMeasureSpec)
02-13 04:42:48.443 I/shinhua ( 4026): onMeasure size: 225
02-13 04:42:48.443 I/shinhua ( 4026): ArcLayout onMeasure(int widthMeasureSpec, int heightMeasureSpec)
02-13 04:42:48.443 I/shinhua ( 4026): onMeasure size: 225
02-13 04:42:48.443 I/shinhua ( 4026): ArcLayout onMeasure(int widthMeasureSpec, int heightMeasureSpec)
02-13 04:42:48.443 I/shinhua ( 4026): onMeasure size: 225
02-13 04:42:48.443 I/shinhua ( 4026): ArcLayout onMeasure(int widthMeasureSpec, int heightMeasureSpec)
02-13 04:42:48.443 I/shinhua ( 4026): onMeasure size: 225
02-13 04:42:48.453 I/shinhua ( 4026): ArcLayout onMeasure(int widthMeasureSpec, int heightMeasureSpec)
02-13 04:42:48.453 I/shinhua ( 4026): onMeasure size: 225
02-13 04:42:48.453 I/shinhua ( 4026): ArcLayout onMeasure(int widthMeasureSpec, int heightMeasureSpec)
02-13 04:42:48.453 I/shinhua ( 4026): onMeasure size: 225
02-13 04:42:48.453 I/shinhua ( 4026): ArcLayout onMeasure(int widthMeasureSpec, int heightMeasureSpec)
02-13 04:42:48.453 I/shinhua ( 4026): onMeasure size: 225
02-13 04:42:48.453 I/shinhua ( 4026): ArcLayout onMeasure(int widthMeasureSpec, int heightMeasureSpec)
02-13 04:42:48.453 I/shinhua ( 4026): onMeasure size: 225
02-13 04:42:48.453 I/shinhua ( 4026): ArcLayout onLayout(boolean changed, int l, int t, int r, int b)
02-13 04:42:48.453 I/shinhua ( 4026): centerX: 112 centerY: 112 gw: 225 gh: 225
02-13 04:42:48.463 I/jamesdebug( 4026): Draw target = 9 , 8
02-13 04:42:48.463 I/william ( 4026): drawcircleflag = false
02-13 04:42:50.193 I/jamesdebug( 4026): source =1 1 1 1
02-13 04:42:51.213 I/william ( 4026): Robot start running555
02-13 04:42:51.213 I/william ( 4026): Robot start running666
02-13 04:42:51.213 I/william ( 4026): Robot start running
02-13 04:42:51.223 I/william ( 4026): Robot start running222
02-13 04:42:51.253 I/jamesdebug( 4026): Draw target = 9 , 8
02-13 04:42:51.253 I/william ( 4026): drawcircleflag = false
02-13 04:42:51.293 I/jamesdebug( 4026): Draw target = 9 , 8
02-13 04:42:51.293 I/william ( 4026): drawcircleflag = false
02-13 04:42:53.163 W/audio_hw_primary( 2363): do_out_standby... 1074145152
02-13 04:42:53.313 I/shinhua1( 4026): level -51
02-13 04:42:53.403 I/shinhua1( 4026): level -51
02-13 04:42:54.313 I/william ( 4026):  BLE connect = false
02-13 04:42:54.313 I/shinhua1( 4026): connectStatus BLE disconnected
02-13 04:42:55.313 I/william ( 4026):  BLE connect = false
02-13 04:42:55.313 I/shinhua1( 4026): connectStatus BLE disconnected
02-13 04:42:58.313 I/shinhua1( 4026): level -50
02-13 04:42:58.333 D/BluetoothAdapter( 4026): stopLeScan()
02-13 04:42:58.333 D/BtGatt.GattService( 2985): stopScan() - queue=1
02-13 04:42:58.333 D/BtGatt.GattService( 2985): stopScan() - queue empty; stopping scan
02-13 04:42:58.333 D/BtGatt.btif( 2985): btif_gattc_scan
02-13 04:42:58.333 D/BtGatt.btif( 2985): btgattc_handle_event: Event 1003
02-13 04:42:58.333 D/BtGatt.GattService( 2985): unregisterClient() - clientIf=4
02-13 04:42:58.333 D/BtGatt.btif( 2985): btif_gattc_unregister_app
02-13 04:42:58.333 D/BtGatt.btif( 2985): btgattc_handle_event: Event 1001
02-13 04:42:58.333 D/BtGatt.btif( 2985): btif_gattc_upstreams_evt: Event 1
02-13 04:42:58.403 I/shinhua1( 4026): level -50
02-13 04:42:58.433 D/BluetoothAdapter( 4026): stopLeScan()
02-13 04:43:03.313 I/shinhua1( 4026): level -53
02-13 04:43:03.403 I/shinhua1( 4026): level -53
02-13 04:43:08.313 I/shinhua1( 4026): level -53
02-13 04:43:08.403 I/shinhua1( 4026): level -53
02-13 04:43:13.313 I/shinhua1( 4026): level -53
02-13 04:43:13.403 I/shinhua1( 4026): level -53
02-13 04:43:18.313 I/shinhua1( 4026): level -54
02-13 04:43:18.403 I/shinhua1( 4026): level -54
02-13 04:43:19.173 D/org.doubango.ngn.services.impl.NgnSipService( 4026): OnDialogEvent (Transport error.,1)
02-13 04:43:19.173 D/org.doubango.ngn.services.impl.NgnSipService( 4026): OnDialogEvent (Dialog terminated,1)
02-13 04:43:19.173 D/org.doubango.ngn.services.impl.NgnNetworkService( 4026): releaseNetworkLock()
02-13 04:43:19.173 D/org.doubango.imsdroid.Engine( 4026): showAppNotif
02-13 04:43:19.173 D/org.doubango.ngn.services.impl.NgnSipService( 4026): Stack stopped
02-13 04:43:19.173 I/william ( 4026): enter broadcase
02-13 04:43:19.173 I/org.doubango.imsdroid.Screens.ScreenXYZLogin( 4026): Show main view here
02-13 04:43:23.313 I/shinhua1( 4026): level -55
02-13 04:43:23.403 I/shinhua1( 4026): level -55
02-13 04:43:28.313 I/shinhua1( 4026): level -56
02-13 04:43:28.403 I/shinhua1( 4026): level -56
02-13 04:43:33.313 I/shinhua1( 4026): level -53
02-13 04:43:33.403 I/shinhua1( 4026): level -53
02-13 04:43:38.313 I/shinhua1( 4026): level -53
02-13 04:43:38.403 I/shinhua1( 4026): level -53
02-13 04:43:43.313 I/shinhua1( 4026): level -54
02-13 04:43:43.403 I/shinhua1( 4026): level -54
02-13 04:43:48.313 I/shinhua1( 4026): level -57
02-13 04:43:48.403 I/shinhua1( 4026): level -57
02-13 04:43:53.313 I/shinhua1( 4026): level -60
02-13 04:43:53.403 I/shinhua1( 4026): level -60
02-13 04:43:58.313 I/shinhua1( 4026): level -56
02-13 04:43:58.403 I/shinhua1( 4026): level -56
02-13 04:44:03.313 I/shinhua1( 4026): level -55
02-13 04:44:03.403 I/shinhua1( 4026): level -55
02-13 04:44:08.313 I/shinhua1( 4026): level -57
02-13 04:44:08.403 I/shinhua1( 4026): level -57
02-13 04:44:13.313 I/shinhua1( 4026): level -57
02-13 04:44:13.403 I/shinhua1( 4026): level -57
02-13 04:44:18.313 I/shinhua1( 4026): level -54
02-13 04:44:18.403 I/shinhua1( 4026): level -54
02-13 04:44:23.313 I/shinhua1( 4026): level -53
02-13 04:44:23.403 I/shinhua1( 4026): level -53
02-13 04:44:24.293 E/GpsXtraDownloader( 2649): No XTRA servers were specified in the GPS configuration
02-13 04:44:28.313 I/shinhua1( 4026): level -52
02-13 04:44:28.403 I/shinhua1( 4026): level -52
02-13 04:44:33.313 I/shinhua1( 4026): level -54
02-13 04:44:33.403 I/shinhua1( 4026): level -54
02-13 04:44:38.313 I/shinhua1( 4026): level -56
02-13 04:44:38.403 I/shinhua1( 4026): level -56
02-13 04:44:43.313 I/shinhua1( 4026): level -53
02-13 04:44:43.403 I/shinhua1( 4026): level -53
02-13 04:44:48.313 I/shinhua1( 4026): level -53
02-13 04:44:48.403 I/shinhua1( 4026): level -53
02-13 04:44:53.313 I/shinhua1( 4026): level -54
02-13 04:44:53.403 I/shinhua1( 4026): level -54
02-13 04:44:58.313 I/shinhua1( 4026): level -55
02-13 04:44:58.403 I/shinhua1( 4026): level -55
02-13 04:45:03.313 I/shinhua1( 4026): level -55
02-13 04:45:03.403 I/shinhua1( 4026): level -55
02-13 04:45:08.263 D/dalvikvm( 2734): GC_FOR_ALLOC freed 384K, 57% free 4986K/11524K, paused 30ms, total 30ms
02-13 04:45:08.313 I/shinhua1( 4026): level -55
02-13 04:45:08.403 I/shinhua1( 4026): level -55
02-13 04:45:13.313 I/shinhua1( 4026): level -53
02-13 04:45:13.403 I/shinhua1( 4026): level -53
02-13 04:45:18.313 I/shinhua1( 4026): level -53
02-13 04:45:18.403 I/shinhua1( 4026): level -53
02-13 04:45:23.313 I/shinhua1( 4026): level -53
02-13 04:45:23.403 I/shinhua1( 4026): level -53
02-13 04:45:28.313 I/shinhua1( 4026): level -54
02-13 04:45:28.403 I/shinhua1( 4026): level -54
02-13 04:45:33.313 I/shinhua1( 4026): level -64
02-13 04:45:33.403 I/shinhua1( 4026): level -64
02-13 04:45:38.313 I/shinhua1( 4026): level -54
02-13 04:45:38.403 I/shinhua1( 4026): level -54
02-13 04:45:43.313 I/shinhua1( 4026): level -55
02-13 04:45:43.403 I/shinhua1( 4026): level -55
02-13 04:45:48.313 I/shinhua1( 4026): level -54
02-13 04:45:48.403 I/shinhua1( 4026): level -54
02-13 04:45:53.313 I/shinhua1( 4026): level -54
02-13 04:45:53.403 I/shinhua1( 4026): level -54
02-13 04:45:58.313 I/shinhua1( 4026): level -55
02-13 04:45:58.403 I/shinhua1( 4026): level -55
02-13 04:46:03.313 I/shinhua1( 4026): level -53
02-13 04:46:03.403 I/shinhua1( 4026): level -53
02-13 04:46:08.313 I/shinhua1( 4026): level -53
02-13 04:46:08.403 I/shinhua1( 4026): level -52
02-13 04:46:13.313 I/shinhua1( 4026): level -53
02-13 04:46:13.403 I/shinhua1( 4026): level -53
02-13 04:46:18.313 I/shinhua1( 4026): level -52
02-13 04:46:18.403 I/shinhua1( 4026): level -52
02-13 04:46:23.043 D/AndroidRuntime( 4080): 
02-13 04:46:23.043 D/AndroidRuntime( 4080): >>>>>> AndroidRuntime START com.android.internal.os.RuntimeInit <<<<<<
02-13 04:46:23.043 D/AndroidRuntime( 4080): CheckJNI is ON
02-13 04:46:23.043 I/AndroidRuntime( 4080): JNI options: '-Xjniopts:warnonly'
02-13 04:46:23.053 D/dalvikvm( 4080): Trying to load lib libjavacore.so 0x0
02-13 04:46:23.063 D/dalvikvm( 4080): Added shared lib libjavacore.so 0x0
02-13 04:46:23.073 D/dalvikvm( 4080): Trying to load lib libnativehelper.so 0x0
02-13 04:46:23.073 D/dalvikvm( 4080): Added shared lib libnativehelper.so 0x0
02-13 04:46:23.213 D/AndroidRuntime( 4080): Calling main entry com.android.commands.pm.Pm
02-13 04:46:23.233 W/ActivityManager( 2649): No content provider found for permission revoke: file:///data/local/tmp/UI.apk
02-13 04:46:23.313 I/shinhua1( 4026): level -52
02-13 04:46:23.373 W/ActivityManager( 2649): No content provider found for permission revoke: file:///data/local/tmp/UI.apk
